A
AI
AIO
AIS
AR
ARDE
ARDER
ARDOR
ARE
ARIDO
ARIDOS
ARO
AROS
ARRE
ARREDO
DE
DER
DERA
DIRA
DIRIA
DO
DOE
DOER
DOI
DOIA
DOIRAR
DOIS
DOR
DOS
E
ERA
ERARIO
ERRA
IA
IDE
IDO
IDOS
IR
IRA
IRE
IRIA
IRIS
IRRA
IS
O
ODE
ODER
ODRE
OE
ORA
ORAI
ORAIS
ORAR
ORE
OS
RA
RAIO
RAIOS
RARO
RAROS
RE
RI
RIA
RIDE
RIDO
RIO
RIOS
RIR
RIRA
RIRIA
RIS
RISO
RO
RODE
ROI
ROIA
SI
SIR
SO
SOE
SOR
SORRI
SORRIA
