A
ADO
AMO
AMOR
AMOS
AO
AOS
AS
ASO
ASTRO
BASTO
BOA
BOAS
BOBA
BODA
BODAS
BOM
DA
DAMOS
DAO
DAS
DO
DOA
DOAM
DOAS
DOBA
DOM
DOR
DOS
DOSA
MA
MAO
MAOS
MAS
MASTRO
MO
MOA
MOAS
MODA
MODAS
MOR
MOS
O
OS
RO
ROA
ROAM
RODA
RODAM
RODAS
ROMA
ROMAS
ROSA
SA
SABOR
SADO
SAM
SAO
SO
SOA
SOAM
SOB
SOBA
SODA
SOM
SOMA
SOR
TO
TOA
TODA
TODAS
TOM
TOMA
TOMAS
