A
ADI
ADIA
ADIAM
ADIOU
ADO
AI
AIDA
AIO
AIS
AMIDO
AMUO
AS
ASIA
ASMA
AVIDO
AVIOU
AVIS
DA
DAI
DAIMIO
DAIS
DAS
DIA
DIAS
DISTA
DITA
DITAS
DIVA
DIVAS
DO
DOI
DOIA
DOIAM
DOIS
DOU
FIA
FIAM
FIM
FIO
FIOU
FOI
FUI
FUMA
IA
IAM
IAS
IDA
IDAS
IDO
IMA
IMITA
IMITADO
IS
MA
MAIO
MAIS
MAU
MI
MIA
MIADO
MIAS
MIAU
MIO
MISTA
MUI
O
OU
SA
SADIA
SADIO
SADO
SAI
SAIDO
SAIO
SI
SIDO
SIM
SIMIO
TA
TAIS
TI
TIA
TIAS
TIDA
TIDAS
TIDO
TIM
TIMIDA
TIMIDAS
TIMIDO
TIO
UI
UM
UMA
VA
VADIA
VADIAM
VADIO
VAI
VAIO
VAIOU
VAIS
VAS
VIA
VIAS
VIDA
VIDAS
VIM
VIS
VISA
VISADO
VISTA
