A
ABSIDE
ACERTE
ACERTEI
ACERTEM
ACRE
AI
AIRES
AIS
AR
ARE
AREIA
AREIAS
ARES
ARIA
ARIAS
ARIETE
ARTE
ARTERIA
ARTERIAIS
ARTERIAS
ARTES
ARTESA
AS
BASCA
BASE
BASICA
BICA
BICAR
BIS
BISA
BISAM
BISCA
CA
CARIE
CARIES
CARISMA
CARIZ
CARTE
CARTEIS
CARTER
CARTES
CE
CEAR
CERA
CISMA
CRE
CREEM
CREIA
CREIAM
CRER
CRI
CRIA
CRIAM
CRIAS
CRIE
CRIEM
CRISE
CRISMA
DE
DEI
DER
DERA
DES
DESAIRE
DESCA
DESCARTE
DESCE
DESCER
DESCERA
DESCERIA
DESCERIAM
DESCI
DESCIA
DESCIAM
DESCRE
DETER
DETERA
DETERIA
DETERIAM
DIA
DIAS
DIRA
DIRIA
DIRIAM
DIRIAS
DISCA
DISCAR
DIZ
E
ECRA
EDIS
EIA
EIRA
EIS
EM
ERA
ES
ESCRIBA
ETER
IA
IAM
IAS
ICA
ICAR
ICAREM
ICE
IDE
IDEM
IDES
IMA
IR
IRA
IRE
IREI
IREIS
IREM
IRES
IRIA
IRIAM
IRIAS
IRIS
IRMA
IRMAS
IS
ISCA
MA
MAIS
MAS
MASCA
MASCAR
MASCARE
MASCAREM
ME
MEDI
MEDIA
MEDIAM
MEDIAS
MEDIR
MEDIRA
MEDIRIA
MEIA
MEIAS
MERA
MERCE
MERECA
MERECI
MERECIA
MERECIAM
MERECIAS
MES
MESA
MESMA
METE
METER
METERA
METERIA
METRICA
MI
MIA
MIAS
MIRA
MIRE
MISERA
MISERIA
RA
RACIAIS
RE
REDIMA
REI
REIS
RES
RESMA
RETEM
RETER
RETERA
RETERIA
RI
RIA
RIAIS
RIAM
RIAS
RICA
RIDE
RIDES
RIEM
RIM
RIMA
RIMAS
RIR
RIRA
RIREM
RIRES
RIRIA
RIRIAM
RIS
RISCA
RISCAR
RISCAREM
SA
SAI
SAIR
SAIRA
SAIREI
SAIREM
SAM
SE
SEI
SEM
SER
SERA
SERIA
SERIAM
SETE
SI
SIM
SIR
SIRIA
TE
TEAR
TEARES
TECA
TECI
TECIA
TECIAM
TEIA
TEIAS
TEIMA
TEIMAS
TEM
TER
TERA
TERCA
TEREI
TEREIS
TEREM
TERES
TERIA
TERIAM
TERIAS
TERMAIS
TERMAS
TERMIA
TESA
TRACE
TREM
TRES
TRIBAIS
TRIZ
