A
ADE
ADERE
ADERI
ADERIA
ADERIDO
ADI
ADIA
ADIADA
ADIADAS
ADIADO
ADIADOS
ADIAR
ADIARA
ADIARAM
ADIDA
ADIDO
ADIDOS
ADIRA
ADIRAM
ADIRO
ADO
ADORA
ADORADA
ADORAM
ADORAR
ADORARA
ADORARAM
ADORE
ADRO
ADROS
ADVIR
ADVIRA
AEREA
AEREAS
AI
AIA
AIAS
AIDA
AIROSA
AMA
AMADA
AMADAS
AMAR
AMARA
AMARAR
AMAS
AO
AOS
APEADA
APEADAS
APEAR
APEARAM
APRE
AR
ARA
ARADA
ARADO
ARADOS
ARAR
ARARA
ARARAS
ARAS
ARDA
ARDAM
ARDE
ARDER
ARDIA
ARDIDA
ARDIDAS
ARDIDO
ARDIDOS
ARDOR
ARE
AREA
AREAS
ARIA
ARIAS
ARIDA
ARIDAS
ARIDO
ARIDOS
ARMA
ARMADA
ARMADAS
ARMAR
ARMARIA
ARMAS
ARO
AROS
AS
ASA
ASMA
ASO
AVIA
AVIADA
AVIADAS
AVIDA
AVIDAS
AVIDO
AVIDOS
DA
DADA
DADAS
DADO
DADOR
DADORA
DADORAS
DADOS
DAI
DAMA
DAO
DAR
DARA
DARAO
DARAS
DARDO
DARDOS
DARIA
DAS
DE
DER
DERA
DERAM
DERIVA
DERIVADO
DERIVADOS
DERIVAR
DERIVAS
DIA
DIAS
DIRA
DIRAO
DIRAS
DIVA
DIVAS
DO
DOA
DOADA
DOADAS
DOAR
DOARA
DOARAM
DOARIA
DOAS
DOR
DORIDA
DORIDAS
DOS
DOSA
DRAMA
E
ERA
ERAM
ERAS
IA
IAO
IAS
IDA
IDADE
IDAS
IDE
IDO
IDOS
IDOSA
IR
IRA
IRADA
IRADAS
IRADO
IRADOS
IRAM
IRAO
IRAS
IRE
IRMA
IRMAS
MA
MADRE
MADRID
MAE
MAR
MARE
MAREAR
MARIA
MARIAS
MARIDO
MARIDOS
MAS
O
ODIADA
ODIADAS
ODIAR
ODIARAM
ORA
ORAI
ORAM
ORAR
ORARAM
ORAS
ORE
OS
PA
PADARIA
PADARIAS
PADRAO
PADRE
PAI
PAIRA
PAIRADO
PAIRAM
PAIRAR
PAIRARA
PAIRARAM
PAIRE
PAPIRO
PAPIROS
PE
PEDI
PEDIA
PEDIDA
PEDIDAS
PEDIDO
PEDIDOS
PEDIR
PEDIRA
PEDIRAM
PEDIRAO
PEDRA
PEDRADO
PEDRADOS
PEDRAS
PEDRO
PER
PERA
PERAS
PERDA
PERDAO
PERDAS
PERDI
PERDIA
PERDIDA
PERDIDAS
PERDIDO
PERDIDOS
PERO
PERSA
PI
PIA
PIADA
PIADAS
PIAO
PIAR
PIAS
PIRA
PIRAR
PIRAS
PIROSA
PRE
PREDADOR
PREDADORA
PREDADORAS
RA
RADAR
RADIADOR
RADIADOS
RAIA
RAIADA
RAMA
RAMADA
RAMADAO
RAMADAS
RAMAS
RARA
RARAS
RAREAR
RAREARAM
RARIDADE
RARO
RAROS
RAS
RASA
RASAM
RASAR
RASO
RE
REARMAR
RI
RIA
RIAS
RIDE
RIDO
RIPA
RIPADA
RO
ROA
RODA
RODADA
RODADAS
RODAR
RODARA
RODARAM
RODARIA
RODAS
ROSA
ROSADA
SA
SADIA
SADO
SAI
SAIA
SAIDA
SAIDO
SAIR
SAIRA
SAIRAM
SAM
SAO
SARA
SARADA
SARADO
SARAM
SARAR
SARARAM
SARDA
SARDAO
SARE
SO
SOA
SOAR
SOARA
SOARAM
SOARIA
SODA
SOR
SORDIDA
VA
VADIA
VAI
VAIA
VAIADA
VAIDOSA
VAO
VAOS
VARA
VARADA
VARAS
VARIA
VARIADA
VARIADAS
VAS
VASA
VASO
VIA
VIAS
VIDA
VIDAS
VIDE
VIDRADA
VIDRADAS
VIDRADO
VIDRADOS
VIDRAO
VIDRO
VIDROS
VIR
VIRA
VIRADA
VIRADAS
VIRADO
VIRADOS
VIRAM
VIRAO
VIRAR
VIRARA
VIRARAM
VIRAS
VIRE
VIRO
