A
ACASO
ACATA
ACATADO
ACATAR
ACATARA
ACATARAO
ACESA
ACESAS
ACESO
ACESSO
ACO
ACOR
ACORDA
ACORDAR
ACORRA
ACTA
ACTUA
ACTUACOES
ACTUAR
ACTUARIA
ACTUARMOS
ACTUAS
ACTUASSE
ACTUE
ACTUEI
ACUCAR
ACUDA
ACUSA
ACUSACOES
ACUSAR
ACUSARIA
ACUSAS
ACUSO
ADO
ADOCA
ADOCAR
ADOECA
ADOECI
ADOECIA
ADORA
ADORO
ADOROU
ADRO
AI
AIA
AIO
AIROSA
AIS
ALI
ALIA
ALIAR
ALIARA
ALIE
ALIOU
AMA
AMAS
AMO
AMOR
AMOS
ANA
ANAL
ANAO
ANIL
ANO
AO
AOS
APARA
APARO
APAROU
APTA
AR
ARA
ARADO
ARAR
ARAUTO
ARCA
ARCAR
ARCARIA
ARCAS
ARCO
ARCOU
ARDA
ARDOR
ARDUA
ARDUAS
ARIA
ARIAS
ARIDO
ARIDOS
ARMA
ARMACAO
ARMAS
ARO
ARRAIA
ARRAIAL
ARROIO
ARROTA
AS
ASA
ASAS
ASIA
ASMA
ASO
ASSA
ASSAR
ASSEIO
ASSINO
ASSOA
ASSOAR
ATA
ATACA
ATACAM
ATACAMOS
ATADO
ATAM
ATAR
ATARA
ATO
ATORDOA
ATORDOAR
ATOU
ATRACOU
ATRAS
ATRASA
ATRASE
ATRASEI
ATRASO
ATRIO
ATRIOS
ATURA
ATURADO
ATURAR
ATURO
AURA
AURORA
AUTARCIA
AUTO
AUTOR
AUTORA
CA
CAES
CAMA
CAMAS
CAO
CAOS
CAPA
CAPADO
CAPADOR
CAPAR
CAPTA
CAPTADO
CAPTADOR
CAPTAR
CAPTARA
CAPTARAO
CAPTURA
CAPTURAS
CAPTURASSE
CARIDOSA
CARIDOSAS
CARMO
CARRIS
CARRO
CARROS
CARTA
CASA
CASAIS
CASAO
CASAS
CASE
CASEI
CASINO
CASO
CASORIO
CATA
CATAR
CATARRO
CAUCAO
CAUDA
CAUSA
CAUSAS
CAUSO
CE
CEAR
CEIA
CESSA
CESSAO
CESSAR
CESSARIA
CESSO
CEU
CEUS
CIANO
CIO
CIOSA
CIOSAS
COA
COAR
COESA
COESAO
COESAS
COESO
COR
CORA
CORAR
CORDA
CORDATA
CORO
COROA
COROU
CORRA
CORRO
CORROA
COURO
COUTO
CRANIO
CRASSO
CRI
CRIA
CRIAS
CRIASSE
CRIO
CRU
CRUA
CRUAS
CRUCIAL
CRUS
CU
CUCO
CUECA
CUECAS
CURA
CURAS
CURASSE
CURIA
CURIOSA
CURIOSAS
CURRO
CURSA
CURSO
CURTA
CUS
DA
DAR
DARA
DARAO
DATA
DATACAO
DATAM
DIA
DIAS
DIRA
DIRAO
DIRAS
DISSE
DISSECA
DISSECAR
DISSECOU
DISSO
DO
DOA
DOAM
DOAR
DOARA
DOAS
DOASSE
DOCA
DOCARIA
DOCARIAS
DOCAS
DOCE
DOCES
DOCURA
DOCURAS
DOE
DOEI
DOES
DOEU
DOI
DOIA
DOIDO
DOIDOS
DOIS
DOM
DON
DOR
DORIDO
DORIDOS
DORSO
DOS
DOSA
DOU
DOURA
DOURAR
DOUTA
DOUTO
DOUTOR
DOUTORA
DOUTORAR
DOUTORARA
DUAS
DURA
DURACOES
DURAO
DURAS
DURASSE
DURMA
DURMO
E
ECO
ECOA
ECOAR
ECOARA
ECRA
EIA
ES
ESSA
EU
IA
IAO
IAS
ICA
ICAR
ICE
ICOU
IDO
IDOS
IDOSA
IDOSAS
INDO
IOES
IOIO
IR
IRA
IRAO
IRAS
IRMA
IRMAO
IRMAOS
IRMAS
IRMOS
IRRA
IS
ISSO
LA
LAIA
LAICA
LAICAS
LAICO
LI
LIA
MA
MACA
MACAO
MACAS
MACRO
MACROS
MACUDA
MACUDO
MAO
MAOS
MAPA
MAS
MATA
MATADO
MATADOR
MATADORA
MATADOURO
MATAR
MATARA
MATARAO
MO
MOA
MOAS
MOR
MORDIA
MORDIDO
MORDIDOS
MORNO
MORNOS
MORRA
MORRAS
MORRI
MORRIA
MORRIDO
MORSA
MORSAS
MOS
NA
NAO
NARRA
NARRADO
NARRO
NARROU
NAU
NISSO
NO
NOS
NOSSA
NOSSO
O
OCA
OCAS
OCASIAO
OCASO
OCIO
OCIOS
OCIOSA
OCIOSAS
ODIASSE
ODIO
ODIOS
ODIOSA
ODIOSAS
ODISSEIA
OE
OICA
OICO
OIRO
OIROS
ORA
ORADOR
ORADORA
ORAI
ORAR
ORCA
ORCAM
ORCAR
ORCARIA
ORCAS
ORCE
ORCOU
ORO
OROU
OS
OSSARIO
OSSEA
OSSEO
OSSO
OSSUDA
OSSUDO
OU
OURA
OURO
PA
PACTUA
PACTUAR
PACTUARIA
PACTUARMOS
PACTUE
PADRAO
PADROES
PAR
PARA
PARANOIA
PARCA
PARCAS
PARCIAL
PARCO
PARDO
PARO
PAROU
PARRA
PATA
PATACA
PATACAS
PATRAO
PATRIA
PATRIAS
PATRIO
PATRIOS
RA
RACIAL
RACIO
RACIOS
RACOES
RAIA
RAIANO
RAIO
RAIOS
RAIOU
RAP
RAPA
RAPAM
RAPTA
RAPTAM
RARA
RARO
RAS
RASA
RASAS
RASO
RATA
RI
RIA
RIAS
RIDO
RINDO
RIO
RIOS
RIR
RIRA
RIRAO
RIRMOS
RIS
RISO
RISSE
RO
ROA
ROAM
ROCA
ROCAR
ROCARIA
ROCAS
ROCE
RODA
RODAR
ROEU
ROI
ROIA
ROMA
ROMAS
ROSA
ROTA
ROTURA
RUA
RUAS
RUCA
RUCAS
RUCO
RUSSA
RUSSO
SA
SACA
SACAM
SACIA
SACIAR
SACIOU
SACO
SACOU
SACRA
SACRAS
SACRO
SACUDA
SAI
SAIDO
SAIDOS
SAINDO
SAIO
SAIR
SAIRA
SAIRAO
SAIRMOS
SAIS
SAM
SAO
SAOS
SARCA
SARCASMO
SARRO
SAS
SAUDA
SAUDAR
SAUDARA
SAUDARAO
SAUDO
SAUDOU
SAURIO
SAURIOS
SE
SECA
SECAR
SECAS
SECO
SECOU
SECURA
SECURAS
SEI
SEIO
SEU
SEUS
SI
SIDO
SIDOS
SINDROMA
SINDROMAS
SINO
SIR
SO
SOA
SOAM
SOAR
SOARIA
SODIO
SOE
SOM
SOMA
SOR
SORDIDO
SORDIDOS
SORRI
SORRIA
SORRIDO
SORRINDO
SORRIO
SORRISO
SORRISSE
SUA
SUAO
SUAR
SUAS
SUCATA
SUCO
SUE
SUECA
SUECAS
SUECO
SUES
SURTA
SURTAM
SUTRA
TA
TACA
TACAO
TACAS
TAO
TAPA
TAPADO
TAPAM
TAPAMOS
TAPAR
TAPARA
TARA
TARDO
TARDOU
TARO
TAU
TO
TOA
TORA
TORCA
TORCAO
TORCE
TORCEU
TORCI
TORCIA
TORCO
TORCOES
TORDO
TORO
TORRA
TORRADO
TORRAO
TORROES
TOURO
TRACE
TRACEI
TRACES
TRACO
TRACOU
TRAS
TRINO
TRIO
TRIOS
TU
TUA
TUAS
TUDO
TURCA
TURCAS
TURCO
TURMA
TURMAS
TURRA
URANIO
URRA
URRO
URROS
URSA
URSAS
URSO
USA
USAR
USARIA
USARMOS
USO
