A
ACARO
ACATO
ACO
ACOITA
ACOITAVA
ACOLA
ACOR
ACOS
ACRE
ACTA
ACTO
ACTOR
ACUSA
ACUSAS
ACUSE
ACUSEI
ADO
ADORA
ADORAVA
ADORAVAM
ADORE
ADOREI
AFA
AFASIA
AFIAM
AFIAVA
AFIAVAM
AFINA
AFINS
AGE
AGEIS
AGES
AGI
AGIR
AGOIRO
AGUA
AGUAR
AGUAS
AGUCA
AGUCAR
AGUCAVA
AGUCAVAM
AH
AI
AIA
AIAS
AIO
AIRES
AIROSA
AIROSAS
AIS
ALA
ALAR
ALAS
ALCA
ALCAR
ALCAS
ALCOU
ALCOVA
ALCOVAS
ALI
ALIA
ALIAM
ALIAR
ALIAS
ALIAVA
ALIAVAM
ALISA
ALISAM
ALISAR
ALISAVA
ALIVIA
ALIVIAM
ALO
ALOCAR
ALUGA
ALUGO
ALUSAO
ALVA
ALVARES
ALVAS
ALVO
ALVOR
ALVOROCA
ALVOROCAR
AMO
AMOR
AMORA
AMORAIS
AMORAL
AMORAS
AMORES
AMOS
ANA
ANAIS
ANAO
ANAS
ANIS
ANO
ANOTA
ANOTAVA
ANOTAVAM
ANSIA
ANSIAS
ANTA
ANTAO
ANTAS
ANTI
ANTIVIRUS
AO
AORTA
AOS
AR
ARCA
ARCAISMO
ARCAR
ARCARIA
ARCAS
ARCAVA
ARCO
ARCOU
ARE
AREA
AREAIS
AREAS
AREIA
AREIAS
ARES
ARIA
ARIAS
ARO
AROMA
AROMAS
AROS
AS
ASA
ASAS
ASCO
ASES
ASIA
ASILAR
ASILO
ASMA
ASNO
ASO
ASPERA
ASPERAS
ASPERO
ASPEROS
ASPERSAO
ASSINA
ASSINO
ATA
ATALAIA
ATAVA
ATAVAM
ATINA
ATO
ATOIS
ATOL
ATOLA
ATOLAR
ATOLAVA
ATOLAVAM
ATONAIS
AUGE
AULA
AUREA
AUREAS
AVAL
AVALIA
AVALIAM
AVALIAMOS
AVALIAR
AVARIA
AVARIAM
AVARIAS
AVARO
AVAROS
AVIA
AVIAM
AVIAO
AVIAR
AVIAS
AVIS
AVISA
AVISAM
AVISAR
AVISO
AVO
AVOS
CA
CAI
CAIA
CAIAM
CAIAMOS
CAIAR
CAIAS
CAIMOS
CAIR
CAIRA
CAIREI
CAIRO
CAIS
CAL
CALA
CALAI
CALAO
CALAVA
CALAVAM
CALO
CALOR
CALORACA
CALOTA
CALVA
CALVAS
CALVO
CAMISA
CAMISAS
CARIL
CARISMA
CARO
CAROCO
CAROL
CAROLA
CAROLAS
CAROS
CARPO
CARTOLA
CASA
CASACO
CASACOS
CASAIS
CASAL
CASAM
CASAO
CASAR
CASAS
CASAVA
CASE
CASEI
CASES
CASO
CASULO
CAUSA
CAUSAIS
CAUSAS
CAUSE
CAUSEI
CAUSES
CAVA
CAVACO
CAVACOS
CAVALA
CAVALAR
CAVALARES
CAVALAS
CAVALO
CAVAM
CAVAR
CAVAS
CAVIAR
CAVO
CE
CEAR
CEROULAS
CLA
CLARIM
CLARO
CLAROS
CLAS
CLIMA
CLIMAS
CLORO
COA
COCA
COCAR
COCAVA
COCAVAM
COCO
COISA
COITA
COITO
COLA
COLAR
COLARES
COLARIA
COLARIAM
COLAS
COLAVA
COLAVAM
COM
COMI
COMIGO
COMO
COR
CORA
CORCA
CORCAS
CORCO
CORCOVAS
CORE
CORO
COROA
COROAVA
COROAVAM
COROLA
COROLAS
COROU
CORTA
CORTO
COSA
COSI
COSIA
COSMOS
COTA
COTAR
COURO
COUROS
COUSA
COVA
COVAL
COVAS
COVIL
COVIS
CRE
CRI
CRIO
CRIOU
CRIOULA
CRIOULAS
CRIOULO
CROATA
CROATAS
CROMIO
CROMO
CU
CURA
CURAS
CURAVA
CURAVAM
CURE
CUREI
CURIA
CURIAL
CURO
CURSA
CURSAVA
CURSEI
CURSIVA
CURSO
CUS
CUSPO
DA
DAI
DAIS
DAO
DAS
DE
DEAO
DEI
DEPOR
DEPORA
DEPOS
DEPRIMA
DER
DERA
DERIVA
DERIVAM
DERIVAS
DES
DESAGUA
DESAGUAR
DESAGUARIA
DESAGUAVA
DESAGUAVAM
DESPOSA
DESPOSAR
DO
DOA
DOAS
DOCA
DOCAS
DOI
DOIA
DOIS
DOM
DOMAVA
DOR
DORES
DORSAIS
DORSAL
DOS
DOSA
E
ECO
ECRA
EGO
EGUA
EGUAS
EIA
EIS
ERA
ERAS
ERIGE
ERMO
EROSIVA
EROSIVAS
EROSIVO
ES
ESMORECA
ESPORA
ESPORAS
ESPOSA
ESPOSAS
FA
FACO
FAIA
FAIAS
FAINA
FAMOSA
FAMOSAS
FAS
FATAL
FATALISMO
FATIA
FATIAS
FATIOTA
FATO
FAVA
FAVAS
FAVO
FAVOR
FIA
FIAM
FIAMOS
FIASCO
FIASCOS
FINA
FINAIS
FINAS
FINO
FINS
FINTA
FINTAS
FINTAVAM
FITA
FITAS
FITAVA
FITAVAM
FITO
GAIA
GAIO
GAS
GASES
GERA
GERAIS
GERAL
GERAVA
GERAVAM
GERI
GERIA
GERIAM
GERIAS
GERIMOS
GIRE
GIRO
GIROU
GOMO
GULA
GULAS
HA
HAITI
HAITIANA
HAITIANAS
HAITIANO
HALO
HAO
HAVAIANA
HAVAIANO
HAVIA
HAVIAM
HAVIAMOS
HAVIAS
HIATO
HORA
HORTA
IA
IAM
IAMOS
IAO
IAS
IGUAIS
IGUAL
IGUALA
IGUALAVA
IGUALAVAM
IGUARIA
IGUARIAS
ILUSAO
IMA
IMORAL
INATA
INATAS
INATO
IOGA
IR
IRA
IRAS
IRE
IREI
IREIS
IRES
IS
ISCA
ISCAS
ISCO
ITALIA
LA
LACO
LAIA
LAIVO
LAR
LARES
LAS
LASER
LASERS
LATA
LATAO
LATAS
LATINA
LATINAS
LATINO
LATO
LAVA
LAVAM
LAVAMOS
LAVAR
LAVARIA
LAVARIAS
LAVAS
LAVO
LAVOR
LI
LIA
LIAM
LIAMOS
LIMA
LIMAS
LIMO
LIRA
LIRAS
LISA
LISAS
LISO
LO
LOCA
LOCAIS
LOCAR
LOCO
LOTA
LOTAR
LUA
LUAR
LUARES
LUAS
LUCAS
LUCRA
LUCRO
LUSA
LUSAS
MA
MACO
MACOS
MAFIA
MAFIAS
MAIA
MAIAS
MAIATA
MAIATAS
MAIATO
MAIS
MAS
MI
MIA
MIAR
MIAS
MIAU
MIGA
MIGAS
MIGO
MIL
MIO
MIRA
MIRAS
MIRAVA
MIRE
MIROU
MO
MOA
MOAS
MOCA
MOCAS
MOCO
MODA
MODAIS
MODAS
MODERA
MODERAVA
MOER
MOI
MOIRO
MOR
MORA
MORAIS
MORAL
MORAS
MORAVA
MORAVIA
MORE
MOREI
MOREIA
MOREIAS
MORES
MORO
MORSA
MORSAS
MORSE
MORTA
MORTO
MOS
MOUCAS
MOUCO
MOURA
MOURAS
MOURO
MOUROS
MOVA
MOVI
MOVIA
MUAR
MUARES
MUCO
MUGE
MUGIR
MULA
MULAS
MULATA
MULATAS
MULATO
MURAIS
MURAL
MURO
MUROS
MUSA
MUSAS
MUSGO
NA
NAIFA
NAO
NAS
NASCA
NASCAM
NATA
NATAIS
NATAL
NATAS
NATIVA
NATIVAS
NATIVO
NATO
NO
NOTA
NOTAS
NOTAVA
NOTAVAM
O
OCA
OCAS
OCASO
OCLUSAO
OCO
OCRE
OCULAR
OCULARES
OCULO
ODE
ODEIA
ODEIO
ODER
ODES
OE
OH
OIRO
OITAVA
OITAVAS
OITO
OLA
OLARIA
OLARIAS
OLIVA
OPERA
OPERAS
OPERAVA
OPERAVAM
ORA
ORACULO
ORAI
ORAIS
ORAL
ORAS
ORAVA
ORAVAM
ORCA
ORCAR
ORCARIA
ORCARIAM
ORCAS
ORCAVA
ORCE
ORCOU
ORE
ORLA
ORLAS
ORLAVA
ORO
OROU
OS
OU
OUCA
OUCO
OURA
OURAS
OURO
OUROS
OUSA
OUSAR
OUSAREI
OUSARIA
OUSARIAM
OUSARIAMOS
OUSAVA
OUSAVAM
OUSE
OUSEI
OVA
OVAIS
OVAL
OVAS
OVINO
PE
PEAO
PEGA
PEGAS
PEGO
PER
PERA
PERAS
PERO
PERSA
PERSAS
PERSUASIVA
PERSUASIVO
PERU
PERUCA
PERUCAS
PERUS
PES
PESA
PESAR
PESARIA
PESARIAM
PESAROSA
PESAS
PESAVA
PESAVAM
PO
PODA
PODAS
PODE
PODEIS
PODER
PODERA
PODERAS
PODERIA
PODERIAM
PODERIAS
PODES
POR
PORA
POREI
PORES
PORIA
PORIAM
POS
POSA
POSAM
POSAR
POSAVA
POSAVAM
PRAIA
PRAIAS
PRE
PREGA
PREGAI
PREGAO
PREGAS
PREGO
PRESA
PRESAS
PRESUMI
PRESUMIR
PRESUMO
PRIMA
PRIMAS
PRIMAVA
PRIMO
PRIMOS
PRISMA
PRIVA
PRIVAM
PRIVAMOS
PRO
PROA
PROAS
PROS
PROSA
PROSAS
PROVA
PROVAS
PROVISAO
PRUMO
PSI
RA
RACA
RAIA
RAIAM
RAIAS
RAIAVA
RAIVA
RALA
RALAVA
RALI
RALIS
RALO
RAS
RASA
RASAM
RASAS
RASGA
RASGAO
RASGO
RASO
RATO
RAVINA
RAVINAS
RE
REACTOR
REAGI
REAGIR
REAIS
RECATO
RECO
RECORTA
RECORTO
RECTA
RECTO
REDOMA
REGA
REGAS
REGIO
REGO
REGUA
REGUAS
REGULA
REGULAVA
REGULAVAM
REGULO
REI
REIS
REPOS
RES
RESUMI
RESUMIR
RESUMO
RI
RIA
RIAM
RIAMOS
RIAS
RIM
RIMA
RIMAS
RIMAVA
RIMO
RIMOS
RIMOU
RIO
RIS
RISO
RIVAL
RO
ROA
ROCA
ROCAR
ROCARIA
ROCAS
ROCAVA
ROCAVAM
ROCE
ROCOU
RODA
RODAS
RODE
RODEI
RODEIA
RODEIO
ROER
ROI
ROIA
ROL
ROLA
ROLAR
ROLARIA
ROLAS
ROLAVA
ROLAVAM
ROMA
ROMAS
ROSA
ROSAL
ROSAS
ROTA
ROUCA
ROUCAS
ROUCO
RUA
RUAS
RUCA
RUCAS
RUCO
RUGA
RUGAS
RUGE
RUGIR
RUM
RUMO
RUMOR
RUSGA
RUSGAS
SA
SACO
SACOLA
SACOS
SACOU
SACRA
SACRO
SADO
SAFA
SAFAM
SAFAMOS
SAFANAO
SAFAVA
SAGA
SAGE
SAI
SAIA
SAIAM
SAIAMOS
SAIAS
SAIMOS
SAINT
SAIO
SAIR
SAIRA
SAIREI
SAIRES
SAIS
SAL
SALA
SALAO
SALIVA
SALOIA
SALVA
SALVAM
SALVAMOS
SALVAS
SALVO
SAM
SAN
SANA
SANITA
SANO
SANTA
SANTO
SAO
SAOS
SARE
SAS
SATA
SE
SEGA
SEGURA
SEGURAS
SEGURAVA
SEGURAVAM
SEGURO
SEGUROS
SEI
SEIO
SEIS
SER
SERA
SERAS
SERIA
SERIAL
SERIAM
SERIAMOS
SERIAS
SES
SI
SILO
SILVA
SILVAR
SILVAS
SILVO
SIM
SINA
SINAS
SINO
SINTA
SINTAS
SINTO
SIR
SO
SOA
SOCA
SOCAIS
SOCAS
SODA
SOM
SOMA
SOMAVA
SOPE
SOPRA
SOPRAVA
SOPRAVAM
SOPRE
SOPREI
SOR
SOVA
SOVAS
SUA
SUAR
SUAS
SUAVA
SUAVAM
SUCO
SUGA
SUGERI
SUGERIA
SUGERIAM
SUGERIMOS
SUGIRO
SUL
SULCA
SULCAR
SULCAVA
SULCAVAM
SULCO
SUMIR
SUMO
SUOR
TA
TACA
TACO
TAIS
TAL
TALA
TALAS
TALCO
TALISMA
TALO
TANAS
TAO
TARO
TASCA
TASCAS
TASCO
TASCOS
TAVARES
TI
TIA
TIAS
TINA
TINAS
TINO
TIO
TO
TOA
TOCA
TOCAR
TOCAREI
TOCARES
TOCARIA
TOCARIAM
TOCAS
TOCAVA
TOCAVAM
TOCAVAMOS
TOCO
TOCOU
TOLA
TOLAS
TONA
TONAIS
TONS
TORA
TORCA
TORCE
TORCER
TORCO
TORO
TRACA
TRACE
TRACO
TRACOU
TROAVA
TROAVAM
TROCA
TROCAR
TROCARIA
TROCARIAM
TROCAS
TROCAVA
TROCAVAM
TROCAVAMOS
TROCO
TROCOU
TROIANA
TROIANAS
TROIANO
TROVA
TROVAR
TROVAS
UM
UREIA
URSA
URSAS
URSO
USA
USAR
USAREI
USARES
USARIA
USARIAM
USAVA
USAVAM
USAVAMOS
USE
USEI
VA
VACUO
VAI
VAIA
VAIAM
VAIAR
VAIAS
VAIO
VAIS
VALA
VALAR
VALAS
VALIA
VALIAM
VALIAS
VALO
VALOR
VALORA
VAMOS
VAO
VAOS
VARIA
VARIAM
VARIAS
VAS
VASA
VASAS
VASCO
VASO
VAU
VIA
VIAM
VIAMOS
VIAS
VIL
VILA
VILAO
VILAS
VIM
VIMOS
VIR
VIRA
VIRAS
VIRE
VIREI
VIRES
VIRO
VIRUS
VIS
VISA
VISADO
VISADOS
VISAM
VISAO
VISAR
VISAS
VISCO
VISO
VISOR
VISORES
VITAIS
VITAL
VITALISMO
VOA
VOCAIS
VOCAL
VOS
VOTA
VOTAR
