A
ABSORVA
ABSORVI
ABSORVIA
ABSTEM
ABSTEMOS
ABSTER
ABSTERA
ABSTERAO
ACABE
ACARRETA
ACARRETAR
ACARRETE
ACARTAR
ACASO
ACATE
ACENDA
ACENDI
ACENDIA
ACNE
ACTA
ACTAS
ADI
ADIE
AEREA
AEREAS
AEREO
AEREOS
AFA
AFORA
AFORRAR
AI
AIO
AMA
AMAR
AMARA
AMARAR
AMAREI
AMAROU
AME
AMEI
AMEN
AMENA
AMENAS
AMENO
AMO
AMOR
AMORA
AMORAS
AMOREIRA
AMOREIRAS
AMOS
AMOU
ANEIS
ANIMA
ANIMACAO
ANIMAR
ANIMARA
ANIMARAO
ANIMAS
ANIME
ANIS
ANO
ANOTA
ANOTAR
ANOTARA
ANOTARAM
ANTRO
AO
AORTA
AOS
APARA
APARAR
APARAS
APARATO
APARTA
APARTAR
APARTARA
APARTAREM
APEAR
APEARAM
APERTA
APERTAO
APERTAR
APERTARA
APERTARAM
APERTAREM
APERTE
APERTEI
APERTO
APERTOS
APICE
APRE
APRECIE
APRECO
APROAR
APROARAM
APRONTA
APRONTAM
APRONTAR
AR
ARA
ARAME
ARAR
ARARA
ARARAS
ARAS
ARCA
ARCAR
ARCAREM
ARCAS
ARCO
ARCOS
ARE
AREA
AREAS
AREIA
AREIAS
ARENA
ARENAS
ARFA
ARFAR
ARIA
ARIANO
ARIAS
ARIETE
ARMA
ARMACAO
ARMAR
ARMARIO
ARMARIOS
ARMAS
ARME
ARMEIRO
ARMEIROS
ARMENIA
ARMENIAS
ARMENIO
ARMENIOS
ARMOU
ARO
AROMA
AROS
ARPAO
ARRASA
ARRASAR
ARRASARA
ARRASARAM
ARRASARAO
ARRASO
ARRASTA
ARRASTAO
ARRASTAR
ARRASTE
ARRASTEM
ARRASTO
ARRE
ARREAR
ARREATA
ARREIO
ARREIOS
ARREMATOU
ARREPIA
ARREPIAM
ARREPIAR
ARREPIE
ARRIBA
ARRIBACAO
ARRIBAM
ARRIBAR
ARRIBAS
ARROTA
ARROTAR
ARTE
AS
ASA
ASCENDA
ASCENDI
ASCENDIA
ASCETA
ASMA
ASO
ASTRO
ASTROS
ATA
ATAR
ATARA
ATARAM
ATAREM
ATE
ATEAR
ATENCAO
ATENDA
ATENDI
ATENDIA
ATERRA
ATERRAM
ATERRAR
ATERRARA
ATERRARAM
ATERRAREM
ATERRE
ATERREI
ATERREM
ATERRO
ATERROS
ATO
ATOMO
ATOMOS
ATOU
ATRACA
ATRAEM
ATRAI
ATRAIU
ATRAS
ATRASA
ATRASAR
ATRASAREM
ATRASO
ATRIO
ATRIOS
ATURA
ATURAM
ATURO
AVIA
AVIAO
AVIAR
AVIAS
AVO
AVOS
BACA
BACAS
BAR
BARAO
BARATEIRO
BARATO
BARATOS
BARCA
BARCAS
BARIO
BARRA
BARRAR
BARRARAM
BARRAS
BARRE
BARREIRA
BARREIRO
BARRETE
BARRIS
BARRO
BARROS
BARROSA
BARROSAO
BARROTE
BASCA
BASTA
BASTAO
BASTAR
BASTARA
BASTARAM
BASTE
BASTEM
BASTO
BASTOS
BATE
BE
BENCAO
BENCAOS
BETA
BIDAO
BIENIO
BIRRA
BIRRAS
BIS
CA
CABE
CABINA
CABINAS
CABINE
CAI
CAIO
CAMBIO
CAMBIOS
CAO
CAOS
CARA
CARAO
CARAS
CARENA
CARIE
CARRAO
CARREAR
CARREIRA
CARREIRO
CARREIROS
CARRETA
CARRETAS
CARRETO
CARRETOS
CARRIS
CARRO
CARROS
CARTA
CARTAO
CARTAS
CARTE
CARTEIRA
CARTEIRAS
CARTEIRO
CARTEIROS
CARTER
CASA
CASAM
CASAO
CASAR
CASARA
CASARAM
CASARAO
CASAREM
CASARIO
CASO
CASTA
CASTO
CASTOR
CASTOS
CASTRA
CASTRAM
CASTRAR
CASTRO
CE
CEAR
CEIA
CEIAS
CERA
CERAS
COA
COAR
COIBA
COIBE
COR
CORA
CORAR
CORARAM
CORE
COREI
COREIA
CORETO
CORPETE
COSA
COSTA
COSTEIRA
CRE
CREEM
CREIA
CREIO
CREPE
CRI
CRIE
CROSTA
CU
CURA
CURAM
CURAMOS
CURIA
CURO
CUROU
CURTA
CURTO
DA
DAI
DAO
DAS
DIA
DIAS
E
ECO
ECOA
ECOAR
ECOARA
ECOARAM
ECOE
ECOS
ECRA
ECRAS
EIA
EIRA
EIRAS
EIS
EM
EMANE
EMANOU
EMBARCA
EMBATE
EMBIRRA
EMBIRRACAO
EMBIRRAR
EMBIRRE
EMBIRRO
EMIR
ENA
ENAMORA
ENAMORAR
ENCARA
ENCARAR
ENCARAREI
ENCARE
ENCAREI
ENCAREM
ENCARTE
ENVIA
ENVIAR
ENVIARA
ENVIARAO
ENVIO
EPICO
EPICOS
ERA
ERAM
ERAMOS
ERAS
EROSAO
ERRA
ERRAM
ERRAR
ERRARA
ERRARAM
ERRAREM
ERRATA
ERRE
ERREI
ERREM
ERRO
ERROS
ERVA
ETARIO
ETARIOS
ETER
ETEREA
ETEREAS
ETEREO
ETEREOS
FA
FAMA
FAMOSA
FARA
FARAO
FARAS
FAREI
FARNEIS
FARO
FAROS
FARPA
FARRA
FARRAS
FARSA
FARTA
FARTAR
FARTARA
FARTAREM
FARTAS
FARTO
FAS
FATO
FATUO
FOME
FOMOS
FOR
FORA
FORAM
FORAMOS
FORAS
FOREM
FORMA
FORMAR
FORMARA
FORMARAO
FORMAREI
FORME
FORMO
FORMOS
FORMOSA
FORNO
FORRA
FORRAM
FORRAR
FORRAREM
FORRE
FORRETA
FORRETAS
FORTE
FOTAO
FREI
IA
IAM
IAMOS
IAO
IAS
ICE
IDA
IDAS
IMA
IMERSA
IMERSAO
IMERSO
INATA
INATAS
INATO
INERTE
INIBA
INIBAM
INVIO
IR
IRA
IRAM
IRAO
IRAS
IRE
IREI
IREIS
IREM
IRIA
IRIAS
IRIS
IRMA
IRMAO
IRMAOS
IRMAS
IRMOS
IRRA
IS
MA
MACA
MACAO
MACAS
MACE
MAE
MANE
MANO
MANTO
MAO
MAOS
MAPA
MAPEAR
MAR
MARATONA
MARATONAS
MARCA
MARCAS
MARE
MAREAR
MARINA
MARINAR
MARINAS
MARINE
MAROTA
MARRA
MARRAO
MARRAR
MARRETA
MARRETAS
MARTA
MARTAS
MAS
MASCA
MASTRO
MASTROS
MATE
MATO
MATOU
MATURO
ME
MEIO
MEIOS
MENIR
MERA
MERAS
MERO
MEROS
META
METAS
METE
METER
METERA
METEREI
METO
METRO
METROS
MI
MINA
MINAR
MINARA
MINAS
MINE
MINERACAO
MINERIO
MINI
MIO
MIRA
MIRAR
MIRAS
MIRE
MIRRA
MIRRAR
MO
MOA
MOER
MOFA
MOFO
MONA
MONTA
MONTAR
MONTARA
MONTARAO
MONTRA
MOR
MORA
MORAR
MORARA
MORAS
MORE
MOREI
MOREM
MORENA
MORENAS
MORENO
MORNA
MORNAS
MORNO
MORRA
MORRAM
MORRAS
MORRE
MORREM
MORRER
MORRERA
MORRERAM
MORRERAO
MORRERAS
MORRERIA
MORRI
MORSA
MORTA
MORTAS
MORTE
MORTEIRO
MORTEIROS
MOS
MOTA
MOTAS
MOTE
MOURA
NA
NAMORA
NAMORAR
NAMORARA
NAMOREI
NAO
NARRA
NARRACAO
NARRAM
NARRAR
NARRE
NARRO
NAS
NATA
NATAS
NATO
NATURA
NECTAR
NEM
NERO
NERVO
NERVOS
NETA
NETAS
NO
NOIVA
NOIVO
NOIVOS
NOME
NOMEAR
NOMEARA
NOMEARAM
NOMEEI
NORA
NORMA
NOTA
NOTAM
NOTAMOS
NOTAR
NOTARA
NOTARAM
NOTARAO
NOTAREM
NOTAS
NOTRE
NOUTRA
O
OCRE
OE
OIRO
OIROS
ONERA
ONERAM
ONERAR
ONEREM
ONEROSA
ORA
ORAI
ORAM
ORAR
ORARAM
ORAS
ORCE
ORE
ORNA
ORNAR
ORNATO
OS
OSCAR
OSTRA
OU
OURA
OUTRA
OVA
OVARIANO
OVARIO
OVINO
PA
PAI
PAIROU
PANE
PANO
PAO
PAR
PARA
PARAM
PARAMETRO
PARAMETROS
PARAMOS
PARAR
PARARA
PARARAO
PARAREI
PARAREM
PARAS
PARE
PAREI
PARI
PARIU
PARO
PAROU
PARTA
PARTAM
PARTAMOS
PARTO
PATA
PATAS
PATO
PATRAO
PATRIA
PATROA
PE
PEAO
PEN
PENA
PENAM
PENAR
PER
PERA
PERAS
PERCO
PEREIRA
PEREIRAS
PERO
PERORAR
PERRA
PERRAS
PERRO
PERROS
PERSA
PERTO
PETA
PI
PIA
PIAM
PIAO
PIAR
PICO
PICOS
PIE
PIRA
PIRAR
PIRAS
PIRATEAR
PIREI
PIROSA
PIROU
PRANTO
PRATA
PRATAS
PRATO
PRATOS
PRE
PRECO
PRECOS
PRETA
PRETAS
PRETERE
PRETEREM
PRETO
PRETOR
PRETOS
PRIAO
PRO
PROA
PROAS
PROFANE
PROIBA
PROIBE
PROMETA
PROMETE
PROMETER
PROMETERA
PROMETO
PRONTA
PROS
PROSA
PROSTRAR
RA
RABI
RABINO
RACA
RACAO
RACAS
RAIO
RAIVA
RAMA
RAMEIRA
RAMO
RAMOS
RAP
RAPA
RAPAM
RAPE
RAPINA
RARA
RARAS
RAREAR
RAREIA
RARO
RAROS
RAS
RASA
RASAM
RASAR
RASCA
RASO
RASTEIRA
RASTEIRAR
RASTEIRO
RASTO
RASTOS
RASTREAR
RASTREIO
RASTRO
RATA
RATAO
RATAS
RATE
RATEAR
RATO
RATOS
RAVINA
RAVINAS
RE
REANIMA
REANIMACAO
REANIMAR
REAPRECIE
REARMAR
REATA
REATAR
REATARA
REATARAM
REATAREM
REATE
REATEM
RECO
RECOSTA
REI
REINA
REINAM
REINAR
REINARA
REINARAO
REINO
REIS
REMA
REMAR
REMATE
REMATO
REMATOU
REMIR
REMIRAR
REMO
REMONTA
REMONTAR
REMONTARA
REMONTARAO
REMOS
REMOTA
REMOTAS
REMOU
RENA
RENAS
REPARO
REPAROU
REPARTA
REPARTAM
REPATRIA
REPATRIAM
RETEM
RETEMOS
RETER
RETERA
RETERAO
RETEREI
RETEREM
RETOMA
RETOMAR
RETOMARA
RETOMARAO
RETOME
RETOMO
RETOMOU
RETORNA
RETORNE
RETORNEM
RETORNO
RETORSAO
RETRACA
RETRACTE
RETRAEM
RETRATE
RETRO
RI
RIA
RIAM
RIAMOS
RIAS
RICO
RICOS
RIEM
RIM
RIMA
RIMAR
RIMAS
RIO
RIOS
RIPA
RIPAR
RIR
RIRA
RIRAM
RIRAO
RIREM
RIRIA
RIS
RISO
RIU
RO
ROA
ROAM
ROCE
ROEM
ROER
ROEREM
ROI
ROIA
ROIDA
ROIDAS
ROMA
ROMANO
ROSA
ROSACEA
ROSARIO
ROSCA
ROSTO
ROSTOS
ROSTRO
ROTA
ROTAS
ROTEIRO
ROTEIROS
RUI
RUIA
RUIAM
RUIU
SA
SABE
SABIO
SABIOS
SACA
SACAM
SACAR
SACAREM
SACARINA
SACRA
SACRARIO
SACRARIOS
SADIO
SAEM
SAFA
SAFAM
SAFAR
SAFO
SAFOU
SAFRA
SAI
SAIO
SAIR
SAIRA
SAIRAO
SAIREI
SAIREM
SAM
SAN
SANE
SANO
SAO
SARA
SARAIVA
SARAM
SARAR
SARARAM
SARAREM
SARCA
SARE
SAREM
SARNA
SARRO
SATA
SI
SIM
SINA
SINAS
SINO
SIR
SIRIA
SIRIAS
SIRIO
SIRVA
SIRVO
SO
SOA
SOAM
SOAR
SOARA
SOARAM
SOAREM
SOARIA
SOE
SOEM
SOFA
SOFRA
SOFRAM
SOFRE
SOM
SOMA
SOMAR
SOMARA
SOMARAO
SOME
SOMO
SOMOU
SOR
SORNA
SORRATEIRO
SORRATEIROS
SORRI
SORRIEM
SORRIO
SORRIR
SORRIRA
SORRIREM
SORRIRIA
SORRISO
SORTE
SORTEAR
SORTEARA
SORTEARAM
SORVIA
SOTAO
SOTAOS
SOTERRA
SOTERRAR
SOTERRARAM
SOVA
SOVAR
SOVINA
SOVINAS
TA
TACA
TACAO
TACAS
TAO
TAPA
TAPAM
TAPAMOS
TAPAR
TAPARA
TAPE
TARA
TARAS
TARECO
TARECOS
TAREIA
TAREIAS
TARO
TARSO
TARTARA
TARTARAS
TARTARO
TARTAROS
TARTE
TASCA
TE
TEAR
TECA
TECAM
TEM
TEMA
TEMO
TEMOR
TEMOS
TENCAO
TENDA
TENDAO
TENDAS
TENDIA
TEOR
TEOREMA
TEOREMAS
TER
TERA
TERAO
TERAS
TERCO
TERCOS
TEREI
TEREIS
TEREM
TERRA
TERRAS
TERREA
TERREAS
TERREIRO
TERRENA
TERRENAS
TERRENO
TERRINA
TERRINAS
TERROSA
TO
TOA
TOIRAO
TOIRO
TOIROS
TOM
TOMA
TOMAR
TOMARA
TOMARAO
TOMAREI
TOME
TOMO
TOMOS
TOMOU
TONA
TONAR
TONE
TONEIS
TORA
TORNA
TORNAS
TORNE
TORNEI
TORNEIO
TORNEIOS
TORNEIRA
TORNEIRAS
TORNEM
TORNO
TORPE
TORRA
TORRAM
TORRAO
TORRAR
TORRE
TORREAO
TORREIRA
TRACA
TRACAS
TRACE
TRAEM
TRAI
TRAIU
TRAMA
TRAMAR
TRAMO
TRAMOU
TRAPEIRA
TRAPEIRAS
TRAPEIRO
TRARA
TRARAO
TRAS
TRATE
TRATO
TRATOU
TREINA
TREINAM
TREINAMOS
TREINAR
TREINARA
TREINARAO
TREINO
TREM
TREMA
TREMAS
TREMI
TREMO
TREMOR
TRENO
TREPA
TREPAM
TREPAR
TRIENIO
TRINAR
TRINO
TRIO
TRIOS
TRIPA
TRIPE
TRIPEIRO
TRIPEIROS
TROAR
TU
TURMA
UI
VA
VAO
VAOS
VAREIRA
VAREIRAS
VARIA
VARIAR
VARIARA
VARIARAO
VARIAREM
VARIAS
VARIE
VARIEM
VARINA
VARINAS
VARINO
VARIO
VARIOS
VIA
VIAS
VIR
VIRA
VIRAO
VIRE
VIREI
VIREM
VIRIS
VIRO
VOA
VOAR
VOAREM
VOARIA
VOS
