A
ABA
ABACO
ABANA
ABANADO
ABANADOS
ABANAO
ABANE
ABANO
ABATE
ABATEM
ABATEMOS
ABATER
ABATERA
ABATERAM
ABATERAO
ABATERIA
ABATERIAM
ABATEU
ABATIA
ABOLE
ABOMINA
ABOMINE
ABONA
ABONADO
ABONADOS
ABORTA
ABORTE
ABORTEI
ABORTEM
ABU
ACAIME
ACAIMO
ACCIONA
ACCIONADO
ACCIONADOS
ACCIONE
ACCIONEI
ACEDA
ACEDI
ACEDIA
ACELERA
ACELERAM
ACELERAMOS
ACELERO
ACELEROU
ACENA
ACENE
ACENEI
ACENTO
ACENTOS
ACERTA
ACERTE
ACESO
ACETATO
ACETATOS
ACIDO
ACIDOS
ACIMA
ACNE
ACO
ACODE
ACONTECA
ACONTECAM
ACONTECE
ACONTECEM
ACONTECEU
ACONTECIA
ACONTECIAM
ACOS
ACTA
ACTO
ACTOS
ACUDE
ACUDES
ACUDI
ACUDIA
ACUDISSE
ACURADA
ACUSA
ACUSADA
ACUSAM
ACUSAR
ACUSARA
ACUSAREI
ACUSAREM
ACUSARIA
ACUSAS
ACUSASSE
ACUSE
ACUSEI
ACUSO
ACUSOU
ADE
ADEUS
ADI
ADIA
ADIAM
ADIAR
ADIAREM
ADIARIA
ADIE
ADO
ADOBE
ADOCA
ADOECA
ADOECI
ADOECIA
ADOECIAM
ADVEIO
ADVOCACIA
AEREO
AEREOS
AFIAM
AFIAR
AGE
AGEM
AGI
AGIMOS
AGIOTA
AGITA
AGITE
AGIU
AGORA
AGUA
AGUAR
AI
AIA
AIAS
AIDA
AIO
AIPO
AIRES
AIROSA
AIROSAS
AIS
ALBA
ALE
ALEA
ALEGA
ALEGORIA
ALEGORIAS
ALEGORICA
ALEGORICAS
ALEGOU
ALEGUE
ALEGUEM
ALEM
ALENTA
ALENTO
ALENTOS
ALERTA
ALERTE
ALETRIA
ALGA
ALGO
ALGUEM
ALO
ALTA
ALTANEIRA
ALTANEIRAS
ALTANEIRO
ALTANEIROS
ALTER
ALTERO
ALTEROSA
ALTEROU
AMA
AMAM
AMAMENTA
AMAMOS
AMAR
AMAREI
AMARELECEM
AMARELO
AMAREM
AMARIAM
AMARMOS
AMAROU
AMAS
AMBAR
AMBOS
AME
AMEI
AMEIA
AMEIAS
AMEN
AMENA
AMERICA
AMERICAS
AMO
AMOR
AMORA
AMORAL
AMORTECA
AMORTECE
AMORTECEM
AMORTECEU
AMOS
AMOSTRA
AMOSTRAS
ANA
ANAIS
ANAO
ANAS
ANATEMA
ANATOMISTA
ANATOMISTAS
ANCA
ANCAS
ANCIA
ANCIAS
ANEIS
ANEL
ANELAR
ANELO
ANEMIA
ANEMIAS
ANEMICA
ANEMICAS
ANIMA
ANIMAL
ANIMAM
ANIMAR
ANIME
ANIMO
ANIMOS
ANIS
ANO
ANTA
ANTE
ANTEMAO
ANTENA
ANTENAS
ANTI
ANTIGA
ANTIGAS
ANTIPODA
ANTIPODAS
ANTRO
ANTROS
AO
AORTA
AOS
APATIA
APENAS
APITA
APITE
APITO
APITOS
APOIA
APOIADO
APOIADOS
APOIANTE
APOIAS
APOIAVEIS
APOIE
APONTA
APONTE
APONTEI
APONTEM
APONTEMOS
APURA
APURO
APUROS
AR
ARA
ARAME
ARAMES
ARAR
ARAS
ARDA
ARDAM
ARDE
ARDER
ARDERA
ARDERAM
ARDIA
ARDIAM
ARE
AREA
AREAS
AREIA
AREIAS
ARENA
ARES
ARFA
ARIA
ARIAS
ARIETE
ARISCA
ARMA
ARMAR
ARMAS
ARME
ARMEIRO
ARMEIROS
ARMENIA
ARMENIAS
ARMES
ARO
AROMA
AROMAS
AROS
ARTE
ARTES
ARTESA
ARTESAO
ARTESAS
AS
ASA
ASAS
ASCETA
ASCO
ASES
ASIA
ASMA
ASO
ASSA
ASSADA
ASSAM
ASSAR
ASSEADA
ASSEDIA
ASSEDIAM
ASSEDIAR
ASSIDUO
ASSIM
ASSIS
ASSISADO
ASTRAIS
ASTRO
ASTROS
ATA
ATAR
ATE
ATEAR
ATEIA
ATEIAM
ATEIAS
ATEISMO
ATEISTA
ATENTE
ATENTEI
ATENTEM
ATENTEMOS
ATENTO
ATENTOS
ATEOU
ATEU
ATIRA
ATIRO
ATO
ATOIS
ATRAI
ATRAIS
ATRAIU
ATRAS
ATRASA
ATRASE
ATRASEI
ATRASO
ATRELA
ATRELAM
ATRELOU
ATRIO
ATRIOS
ATRITO
ATRITOS
AUGE
AURA
AURAS
AUREA
AUREAS
AVE
AVEIA
AVELEIRA
AVES
AVESSA
AVESSAS
AVESSO
AVIDO
AVIDOS
AVIONETA
AVIS
AVISE
AVISEI
AVISEM
AVO
AVOS
AVULSA
AVULSAS
AVULSO
BACELO
BACIA
BACIO
BACO
BACOCA
BACOCAS
BACON
BAGO
BAIA
BAIAO
BALEIA
BALEIAS
BALEOU
BANA
BANAIS
BANCA
BANCAS
BANCO
BANE
BANIA
BANIR
BANIRA
BANIRAM
BANIREM
BANTO
BAR
BATE
BATEGA
BATEIS
BATEL
BATELAO
BATEM
BATEMOS
BATENTE
BATER
BATERA
BATERAM
BATERAO
BATERIA
BATERIAM
BATERIAMOS
BATERIAS
BATERMOS
BATEU
BATI
BATIA
BATO
BAU
BE
BEATA
BEATAS
BECO
BEGE
BELA
BELEM
BELGA
BELO
BESTA
BESTAS
BETA
BETAO
BOA
BOAMENTE
BOAS
BOCA
BOCETA
BODA
BODAS
BODE
BODES
BOEMIA
BOEMIO
BOGA
BOI
BOIA
BOIAS
BOIS
BOLA
BOLBO
BOLEIA
BOLERO
BOM
BONA
BONANCA
BONE
BORLA
BORO
BOROA
BUE
BUG
CA
CABANA
CABANAS
CABE
CABECEOU
CABECO
CABELEIRA
CABELEIRO
CABELO
CABO
CACE
CACEM
CACETE
CACETEIRA
CACETEIRO
CACETEIROS
CACO
CAES
CAI
CAIA
CAIDO
CAIDOS
CAIEM
CAIMAO
CAIMOS
CAIO
CAIR
CAIRA
CAIRAM
CAIRAO
CAIREM
CAIREMOS
CAIRMOS
CAIRO
CAIS
CAISSE
CAIU
CAMISA
CAMISAO
CAMISAS
CAMISETA
CAMISETAS
CAO
CASE
CASEI
CASES
CASO
CASOU
CAUCAO
CAUCIONA
CAUCIONADO
CAUCIONADOS
CAUCIONE
CAUSA
CAUSADA
CAUSAIS
CAUSAM
CAUSAR
CAUSARA
CAUSAREM
CAUSARIA
CAUSE
CAUSEI
CAVA
CAVAS
CAVE
CAVEI
CAVES
CAVO
CAVOU
CE
CEDA
CEDI
CEDIA
CEDO
CEGA
CEGO
CEGOU
CEGUE
CEIA
CEIAS
CELA
CELEIRO
CELEIROS
CELTA
CEM
CENA
CENTEIO
CENTENA
CENTENAS
CENTIMO
CENTIMOS
CENTO
CENTOS
CENTRA
CENTRAL
CENTRAM
CENTRO
CENTROS
CENTROU
CERA
CERTA
CESSE
CEU
CEUS
CIANETO
CIANO
CIENTE
CIENTISTA
CIENTISTAS
CIMA
CIMEIRA
CIMEIRAS
CIMENTA
CIMENTE
CIMENTEIRA
CIMENTEIRAS
CIMENTO
CIMENTOS
CIMO
CIMOS
CINEMA
CINTA
CINTO
CINTOS
CIO
CIOSA
CIOSAS
CISAO
CISMA
CISMAR
CISMAS
CIVEIS
CIVEL
COA
COADO
COBAIA
COCA
COCAVA
CODEA
CODEAS
CODICE
CODICES
COESA
COESAS
COICE
COICES
COISA
COM
COME
COMECA
COMECE
COMEU
COMI
COMIA
COMICA
COMICAS
CONE
CONTA
CONTANTO
CONTE
CONTEI
CONTEM
CONTEMOS
CONTENTA
CONTENTE
CONTENTO
CONTER
CONTERA
CONTERAO
CONTERIA
CONTERIAM
CONTRA
CONTROLA
CONTROLAM
CONTROLAMOS
CONTROLE
CONTROLEI
CONTROLEM
COPA
COPAS
COPEIRA
COPEIROS
COPIA
COPIAR
COPIAS
COPIE
COPIOSA
COPIOSAS
COPISTA
COPISTAS
COPITO
COPITOS
COSA
COSAS
COSE
COSEU
COSI
COSIA
COUSA
COUVE
COUVES
COVA
COVO
CU
CUCO
CUCOS
CUECA
CUECAS
CURA
CURADA
CURAM
CURAR
CURAREM
CURARIA
CURAS
CURE
CUREI
CURSA
CURSAR
CURSARA
CURSEI
CUS
DA
DAI
DAIS
DAME
DAN
DANCA
DANCAVEIS
DANCE
DANCO
DANO
DAO
DAR
DARA
DARAS
DAREI
DAREM
DARES
DARIA
DAS
DE
DECAI
DECAIDO
DECAISSE
DECIDE
DECIDES
DECIDO
DECIMA
DECIMAS
DECISAO
DECISIVA
DEI
DER
DERA
DERAM
DES
DESARME
DESARMES
DESCA
DESCAI
DESCAIDO
DESCE
DESCESSE
DESCEU
DESCI
DESCIA
DESCIAM
DESCIDA
DESCIDAS
DESCIDO
DESCIDOS
DESCO
DESCURA
DESCURADA
DESCURAM
DESCURAR
DESCURARA
DESCURAREM
DESCURE
DESDE
DESMAIE
DESOVA
DESSA
DESSAS
DESSE
DESSES
DEU
DEUS
DEUSA
DEUSAS
DEVA
DEVO
DIA
DIANTE
DIANTEIRA
DIANTEIRO
DIANTEIROS
DIARIA
DIARIAS
DIARIO
DIARIOS
DIAS
DICA
DICAS
DISCA
DISCO
DISCOU
DISCURSA
DISCURSAM
DISCURSAR
DISCURSARA
DISCURSAREM
DISCURSARIA
DISCURSASSE
DISCURSE
DISSE
DISSECA
DISSECOU
DISSO
DIVA
DIVAS
DO
DOA
DOAS
DOBA
DOCA
DOCAS
DOCE
DOCEIS
DOCES
DOCURA
DOCURAS
DOE
DOEI
DOES
DOESSE
DOEU
DOI
DOIA
DOIS
DON
DONA
DONAS
DOS
DOSA
DOSE
DOSEIA
DOU
DUO
E
EBANO
ECO
ECOA
ECOADO
ECOAVA
ECOS
EDICOES
EDIS
EDUCA
EDUCAVA
EGO
EGUA
EIA
EIRA
EIRAS
EIS
EITO
ELA
ELABORE
ELABOREI
ELABOREM
ELABORO
ELABOROU
ELE
ELEGE
ELEGEM
ELEGEU
ELES
ELEVA
ELEVADO
ELEVADOS
ELO
ELOS
EM
EMINENTE
EMIR
ENA
ENCABECE
ENCABECEM
ENCEROU
ENCETA
ENCETE
ENCETEI
ENCETEM
ENCIMA
ENCIMAM
ENCIMAR
ENTANTO
ENTE
ENTOA
ENTOAR
ENTRA
ENTRAM
ENTRAMOS
ENTRE
ENTREI
ENTREM
ENTREMOS
ENTRO
ENTROU
EPOCA
ERA
ERAM
ERAMOS
ERARIO
ERAS
ERMO
ERMOS
ES
ESCASSA
ESCASSEAR
ESCASSEAREM
ESCASSEIA
ESCASSEIAM
ESCOVA
ESCURA
ESCURAS
ESCUSA
ESCUSADA
ESCUSAM
ESCUSAR
ESCUSAREM
ESCUSARIA
ESCUSAS
ESCUSASSE
ESCUSE
ESCUSEI
ESMERA
ESMERADA
ESMERAR
ESMIUCOU
ESSA
ESSAS
ESSE
ESSES
ESTA
ESTAI
ESTAIS
ESTAO
ESTAR
ESTAS
ESTE
ESTEIO
ESTEIOS
ESTES
ESTRIA
ESTRIAS
ESTRIPADO
ESTRITA
ESTRITO
ESTRITOS
ESVAI
ESVAIA
ESVAIDO
ESVAIU
ETANO
ETAPA
ETAPAS
ETARIO
ETARIOS
ETER
ETIMO
ETNIA
ETNIAS
ETNICA
ETNICAS
EU
EURO
EUROS
EVACUA
EVACUOU
EVADE
EVOCA
EVOCASSE
FA
FADA
FADAS
FADE
FAIA
FAIAS
FARA
FARAS
FARDA
FARDAR
FARDAS
FAREI
FARELO
FARELOS
FARIA
FARIAS
FIA
FIADA
FIAM
FIAR
FIE
FRADE
FRADES
FRASE
FREI
FREIO
FREIOS
FREME
FRESA
FRESCURA
FRESCURAS
FRIA
FRIAS
FRIO
FRIOS
GABA
GABE
GABO
GAIA
GAIO
GAMO
GAMOS
GAS
GEL
GELA
GELAM
GELAR
GELEIA
GELEIAS
GELEIRA
GELO
GELOU
GEMIA
GESTA
GESTAO
GESTAS
GIESTA
GIESTAS
GLEBA
GLOBO
GLOBOS
GLOBOSA
GLORIA
GLORIAS
GOELA
GOLA
GOLE
GOLEIA
GOLEIAM
GORA
GORE
GUIE
GUIO
GUISA
GUITA
IA
IAM
IAMOS
IAO
IAS
IATE
IATES
ICA
ICAM
ICAVA
ICE
ICEM
ICOU
IDA
IDAS
IDE
IDEAIS
IDEARIO
IDES
IDO
IDONEA
IDONEO
IDONEOS
IDOS
IDOSA
IDOSAS
IENE
IMA
IMORAL
INATO
INATOS
INCA
INCAS
INCERTA
INERTE
INTEIRA
INTEIRAS
INTEIRO
INTEIROS
INTEL
INTELECTO
INTELECTOS
INTENTA
INTENTE
INTIMA
INTIMAS
INTIMO
INTIMOS
INTRA
IODO
IOES
IR
IRA
IRADA
IRADAS
IRAM
IRAO
IRAS
IRASCIVEL
IRE
IREI
IREIS
IREM
IREMOS
IRES
IRMA
IRMAO
IRMAOS
IRMAS
IRMOS
IS
ISCA
ISCAS
ISCO
ISSO
LA
LABOR
LABORE
LABOREM
LABOROU
LAMA
LAMAS
LAMEIRO
LAMEIROS
LAMENTA
LAMENTE
LAMENTEI
LAMENTO
LAMENTOS
LAMINA
LAMIRE
LAR
LE
LEAO
LEEM
LEGA
LEGACIA
LEGO
LEGOU
LEGUA
LEI
LEIA
LEIAM
LEIAS
LEIO
LEIRA
LEIS
LEMA
LEMAS
LEME
LEMES
LEMOS
LENTA
LENTE
LENTO
LENTOS
LEOA
LEOAS
LEOES
LER
LERA
LERAM
LERAO
LEREM
LERES
LERIA
LERIAM
LERIAS
LERMOS
LES
LESA
LESADO
LESADOS
LESAO
LESIONA
LESIONADO
LESIONADOS
LESIONE
LESIONEI
LESIVA
LESMA
LESMAS
LETA
LETRA
LETREIRO
LETREIROS
LEVA
LEVADO
LEVADOS
LEVANTA
LEVANTE
LEVANTEI
LEVANTEM
LEVANTEMOS
LEVAS
LEVIANA
LEVIANO
LO
LOBA
LOBO
LOBOS
LOIRA
LOIRAS
LOS
LUA
LUAR
LUAS
LUIS
LUPA
LUPAS
LUVA
LUVAS
MA
MACE
MACEM
MADRE
MADRES
MAE
MAES
MAIS
MAL
MALETA
MALGA
MALTA
MALTE
MAMA
MAMAO
MAMAS
MAMBO
MAMBOS
MAO
MAOMETANO
MAOS
MAR
MARE
MAREANTE
MARES
MARESIA
MARIA
MARIAS
MARICAS
MARINA
MARINE
MARMELO
MARTA
MARTELEIRO
MARTELO
MARTELOU
MAS
MASSA
MASSAS
MAU
ME
MEADA
MEADAS
MECA
MECAM
MECAS
MECO
MEIA
MEIAS
MEIO
MEIOS
MEL
MELAO
MELGA
MELO
MELOA
MELOAS
MELOES
MELOSA
MELOSAS
MELRO
MELROS
MENEIA
MENEIO
MENEIOS
MENIR
MENTA
MENTE
MENTI
MENTIA
MENTIMOS
MENTIR
MENTIRA
MENTIRAS
MENTIROSA
MENTIROSAS
MENTIS
MENTIU
MERA
MERAS
MERDA
MERDAS
MERO
MEROS
MES
MESA
META
METANO
METE
METEORICA
METEORICAS
METEORO
METEOROS
METRICA
METRICAS
METRO
METROS
MEU
MI
MIA
MIAM
MIAMI
MIAR
MIAS
MIAU
MICA
MIGA
MIGAS
MINA
MINE
MINEIRA
MINEIRAS
MINEIRO
MINEIROS
MINERAL
MINTA
MINTO
MIO
MIRA
MIRAM
MIRE
MIROU
MISERA
MISERAS
MISERIA
MISERIAS
MISSA
MISSAIS
MISSAS
MISTA
MISTAS
MITO
MITOS
MITOSE
MIUDO
MIUDOS
MO
MOA
MOAS
MOCA
MOCAS
MOEU
MOI
MOIRA
MOIRAS
MOIRO
MOIROS
MOITA
MOMENTANEO
MOMENTO
MOMENTOS
MOR
MORA
MORAL
MORAM
MORE
MOREI
MOREIA
MOREIAS
MOREM
MORENA
MORMENTE
MORO
MOROU
MORSA
MORTA
MORTE
MOS
MOSTRA
MOSTRAS
MOSTRO
MOTA
MOTE
MOTEIS
MUI
MUITA
MUITO
MUITOS
NA
NABO
NADE
NADEI
NADO
NADOU
NAO
NAS
NASCE
NASCESSE
NASCEU
NASCI
NASCIA
NASCIAM
NASCIDO
NASCIDOS
NATO
NATOS
NAU
NAVE
NAVES
NAVIO
NELA
NELE
NEM
NERO
NETA
NETO
NETOS
NEURA
NEURAS
NEUROSE
NICAS
NICE
NO
NOBEL
NODAIS
NODO
NODOS
NODOSA
NODOSAS
NOIVA
NOIVADO
NOIVADOS
NOIVAS
NOVA
NOVE
NOVO
NOVOS
O
OASIS
OBCECA
OBOE
OBTEM
OBTEMOS
OBTER
OBTERA
OBTERAO
OBTERIA
OBTERIAM
OBTERIAMOS
OBTERMOS
OCA
OCAS
ODE
ODEIA
ODEIO
ODES
ODIASSE
ODIO
ODISSEIA
ODISSEIAS
OE
OESTE
OICA
OIRO
OIROS
OITENTA
OLA
OLARIA
OLARIAS
OLE
OLEADA
OLEADAS
OLEAR
OLEIRO
OLEIROS
OMEGA
OMELETA
OMITA
OMITE
OMITI
OMITIA
OMITIR
OMITIRA
OMITIU
ONANISMO
ONCA
ONTEM
OPAS
OPIO
ORA
ORAI
ORAIS
ORAL
ORAM
ORAS
ORE
OREMOS
ORIENTA
ORIENTE
ORIENTEI
ORIENTEM
ORIENTO
ORLA
ORLAM
ORO
OROU
OS
OSSEA
OSSEAS
OSTRA
OSTRAS
OU
OUCA
OUCO
OUSA
OUSASSE
OUSE
OUSEI
OUVE
OUVES
OVA
OVO
OVOIDE
OVOIDES
OVOS
PA
PADECA
PADECI
PADECIA
PADECIAM
PADECIDO
PADECO
PAI
PAIO
PAIS
PANADO
PANADOS
PANAIS
PANCA
PANCAS
PANE
PANELA
PANO
PANTEISMO
PANTEISTA
PANTEISTAS
PANTERA
PAO
PAS
PASMA
PASMADA
PASMAI
PASMAR
PASME
PASMEI
PATEGO
PATENTE
PATENTEIA
PATENTEIAM
PATENTEOU
PATIM
PATIO
PATIOS
PATO
PATOS
PATRAO
PATRIA
PATRIAS
PATROA
PAU
PAUL
PAULO
PAVIO
PE
PEITO
PEITOS
PEN
PENA
PENADO
PENAIS
PENAS
PENCA
PENCAS
PENCE
PENE
PENEIRA
PENETRA
PENETRAM
PENETRAMOS
PENETROU
PENIS
PENTATLO
PENTE
PENTEIA
PENTEIAM
PENTEOU
PETA
PI
PIA
PIAO
PIAR
PIAS
PIE
PIO
PIRA
PIRAS
PIRATA
PIRATAS
PIROSA
PIROSAS
PIRUETA
PISA
PISAR
PISE
PISEI
PISO
PISTA
PISTAO
PISTAS
PITEU
PITO
PNEU
PO
POCA
PODA
PODAS
PODE
PODEIS
PODES
PODIA
PODIAS
POIS
POISA
POISADO
POISADOS
POISE
PONEI
PONEIS
PONTA
PONTE
PONTEIAM
PONTEIRA
PONTEIRO
PONTEIROS
POVO
POVOS
PULO
PULOS
PULSA
PULSADO
PULSAO
PULSAR
PULSE
PULSO
PULSOES
PURA
PURAS
PURISTA
PURISTAS
PURITANA
PURITANAS
PURITANISMO
PURITANISMOS
PURITANO
PURO
PUROS
RA
RABO
RABOS
RADAR
RADARES
RADIAIS
RAFIA
RAIA
RAIAS
RAIO
RAIOS
RALE
RALO
RALOU
RAMA
RAMAS
RAMEIRA
RAMO
RAMOS
RARA
RAREIA
RAS
RASA
RASAS
RASO
RASTEIO
RATA
RATAS
RATE
RATEIO
RATES
RE
REAIS
REANIMA
REANIMAM
REATE
RECAI
RECAIR
RECINTO
RECINTOS
RECTA
RECTO
RECTOS
REI
REINA
REINANTE
REINE
REIS
RELEGA
RELEGOU
RELEGUE
RELES
RELEVA
RELEVADO
RELEVADOS
RELEVANTE
RELVA
RELVADO
RELVADOS
RELVAS
REMA
REMADA
REMAM
REMAR
REME
REMIR
REMO
REMOS
RENA
RENTE
REORIENTA
RES
RESCISAO
RESIDA
RESIDE
RESIDO
RESMA
RESMAS
REVI
REVIA
REVISA
REVISAO
RI
RIA
RIAIS
RIAM
RIAMOS
RIAS
RICA
RICAS
RIDE
RIDES
RIEM
RIFA
RIM
RIMA
RIMAM
RIMAR
RIMO
RIMOS
RIO
RIOS
RIPA
RIPAS
RIR
RIRA
RIRAM
RIRAO
RIREM
RIRMOS
RIS
RISCA
RISCAM
RISO
RISOTA
RISTE
RITMA
RITMO
RITMOS
RITO
RITOS
RIU
RO
ROA
ROAM
ROBALO
ROBO
ROBOS
ROEM
ROER
ROERAM
ROEREM
ROEU
ROGA
ROGAI
ROI
ROIA
ROL
ROLA
ROLAM
ROLAMENTO
ROLAMENTOS
ROLAO
ROLE
ROLEM
ROLETA
ROMA
ROMARIA
ROMARIAS
ROMAS
ROMBO
ROMEIRO
ROMENA
ROSA
ROSAS
ROSE
ROSEA
ROSEAS
ROSETAS
ROUBA
ROUBAM
ROUBAMOS
ROUBO
ROUBOS
RUA
RUAS
RUCA
RUCAS
RUCO
RUI
RUIA
RUIAM
RUIM
RUPIA
RUPIAS
RUSSA
RUSSAS
SA
SACA
SACIA
SACO
SACODE
SACOS
SACOU
SACUDIA
SADIO
SADO
SAEM
SAI
SAIA
SAIDA
SAIDO
SAIDOS
SAIMOS
SAINT
SAIO
SAIOTE
SAIR
SAIRA
SAIRAM
SAIRAMOS
SAIRAO
SAIREI
SAIREM
SAIREMOS
SAIRES
SAIRMOS
SAIS
SAISSE
SAISTE
SAIU
SAM
SAMBA
SAMBAR
SAN
SANA
SANE
SANEIA
SANO
SANTA
SANTEIRO
SAO
SAOS
SAPATEIRA
SAPATEIRAS
SAPATEIRO
SAPATEIROS
SAPATO
SAPATOS
SAPIENCIA
SAPIENTE
SAPO
SARA
SARDA
SARE
SAREM
SAS
SATA
SAURIO
SAURIOS
SAVEL
SE
SEARA
SECA
SECAS
SECASSE
SECCIONADO
SECO
SECOU
SECURA
SECURAS
SEDA
SEDAS
SEDIAR
SEDIAREM
SEDUCAO
SEI
SEIO
SEIOS
SEIS
SEIVA
SELE
SELO
SELOS
SELVA
SEM
SEMEADA
SEMEADAS
SEMEAR
SEMEARA
SEMEIA
SEMEIO
SER
SERA
SERAS
SERDES
SEREI
SEREIA
SEREIAS
SEREM
SERIA
SERIADA
SERIADAS
SERIAS
SERIE
SERIO
SERIOS
SES
SESTA
SESTAS
SETA
SETAS
SETE
SEU
SEUS
SEVICIA
SEVICIAS
SI
SIAMES
SIAMESA
SIDO
SIDOS
SIGA
SIGAM
SIGAS
SIM
SINA
SINCERA
SINCERO
SINCEROS
SINEIRO
SINETA
SINETE
SINTA
SINTO
SINTOMA
SIR
SIRENE
SIRVA
SISA
SISAS
SISO
SISUDO
SITE
SITIA
SITIAR
SITIO
SITO
SO
SOA
SOAM
SOAR
SOAREM
SOARIA
SOARIAM
SOB
SOBA
SOCA
SOCAIS
SOCAS
SOCIA
SOCIAS
SODA
SODIO
SOE
SOEM
SOL
SOLEIRA
SOLEIRAS
SOLUVEIS
SOLVER
SOM
SOMA
SOMAM
SOMAR
SOMAREM
SOMARIA
SOMARIAM
SOMAS
SOME
SOMEI
SOMENTE
SOR
SORO
SORTE
SORTEIA
SORTEIO
SORTEIOS
SORTEOU
SORTES
SORVE
SORVEM
SORVER
SORVIA
SORVIDA
SORVIDAS
SORVIDO
SORVIDOS
SOU
SOVA
SOVACO
SUA
SUAS
SUCEDA
SUCEDANEA
SUCEDANEO
SUCEDANEOS
SUCEDI
SUCEDIA
SUCO
SUCOS
SUE
SUECA
SUECAS
SUECO
SUECOS
SUES
SUEVA
SUEVO
SUEVOS
SUICA
SUICAS
SUICIDA
SUICIDAS
SUICIDE
SUICIDO
SUICIDOU
SUICO
SUOU
TA
TABACO
TABELA
TABELAR
TABELOU
TABLETE
TAIPA
TAIS
TANAS
TANTO
TANTOS
TAO
TAPA
TAPADO
TAPADOS
TAPAS
TAPE
TAPO
TARO
TARSO
TAU
TE
TEAR
TEATRAL
TEATRO
TEATROS
TEBANO
TECA
TECAM
TECE
TECEM
TECEU
TECI
TECIA
TECIAM
TECO
TECTO
TECTOS
TEIA
TEIAS
TEIMA
TEIMAM
TEIMAMOS
TEIMAR
TEIMO
TEIMOSA
TEISMO
TELA
TELAO
TELE
TEM
TEMA
TEMAM
TEMI
TEMIA
TEMIAM
TEMIAMOS
TEMO
TEMOR
TEMOS
TENIS
TENTA
TENTE
TENTEI
TENTEM
TENTEMOS
TENTO
TENTOS
TEOR
TEOREMA
TEORIA
TEORIAS
TEORICA
TEORICAS
TER
TERA
TERAO
TERIA
TERIAM
TERIAMOS
TERIAS
TERMAL
TERMIA
TERMICA
TERMICAS
TERMINA
TERMINE
TERMINEI
TERMO
TERMOS
TESA
TESAO
TESO
TESOIRO
TEU
TI
TIA
TIAS
TIM
TIMO
TIO
TIOS
TIPA
TIPAS
TIPO
TIRA
TIRAS
TIRASTE
TIRO
TIROLES
TIROLESA
TIROS
TO
TOA
TOIRO
TOIROS
TOM
TOMA
TOMAS
TOMISTA
TOSTA
TOSTAR
TOSTAS
TRAI
TRAIU
TRAMA
TRAMAS
TRAMO
TRAS
TREINA
TREINE
TREINEI
TRELA
TREM
TREMA
TREMI
TREMIA
TREMIAM
TREMO
TREMOR
TRINCA
TRINCAM
TRINCAS
TRINTA
TRINTENA
TRIO
TRIOS
TRIPA
TRIPAS
TRIPE
TROLEI
TROLEIS
TROMBA
TRUPE
UI
UM
UMA
UMAS
UPA
UREIA
URSA
URSAS
URSO
USA
USADA
USAM
USAR
USARA
USAREI
USAREM
USARES
USARIA
USASSE
USE
USEI
USO
USOU
UVA
UVAS
VA
VACA
VACAS
VACUO
VADIO
VAGEM
VAGO
VAGUE
VAI
VAIA
VAIAVA
VAIDOSA
VAIDOSAS
VAIO
VAIS
VAN
VAO
VAS
VAU
VE
VEDA
VEDANTE
VEDAS
VEDICA
VEDOU
VEEM
VEIA
VEIAS
VEIO
VELE
VELEM
VELO
VELORIO
VELORIOS
VEM
VER
VERA
VERAS
VERDE
VERDES
VEREI
VEREM
VERIA
VERME
VES
VEU
VEUS
VIA
VIAS
VICE
VICIA
VICIADA
VICIAM
VICIAR
VICIARA
VICIAREM
VIDA
VIDAS
VIDE
VIDEO
VIDEOS
VIDES
VIES
VIESSE
VIS
VISA
VISADO
VISADOS
VISAO
VISE
VISEM
VOA
VOADO
VOADOS
VOCAIS
VOCE
VOCES
VOE
VOEI
VON
VOS
VOU
XIITA
