A
ABLACAO
ABLACOES
ABRA
ABRACA
ABRACADA
ABRACADAS
ABRACADO
ABRACADOS
ABRACAM
ABRACAMOS
ABRACAR
ABRACARA
ABRACARAM
ABRACE
ABRACEI
ABRACO
ABRACOU
ABRE
ABRES
ABSINTO
ACACIA
ACACIAS
ACAIMADOS
ACAIMAR
ACAIMO
ACAMADA
ACAMADAS
ACAMADO
ACAMADOS
ACAMAR
ACARRETA
ACARRETOU
ACATA
ACATE
ACATO
ACATOU
ACCAO
ACCIONA
ACCIONAM
ACCIONAR
ACCIONARA
ACCIONARAM
ACCIONARIA
ACCIONARIAM
ACCIONE
ACENA
ACENADO
ACENAM
ACENAR
ACENO
ACENOS
ACERBA
ACERCA
ACERCAM
ACERCAR
ACERCARAM
ACERCOU
ACERTA
ACERTAS
ACERTO
ACERTOU
ACESA
ACESO
ACETONA
ACHA
ACHAR
ACHARA
ACHARAO
ACHAS
ACHATA
ACHATAR
ACICATE
ACICATOU
ACIMA
ACIRRA
ACLIMACAO
ACO
ACODE
ACOLA
ACOMODA
ACOMODAM
ACOMODAR
ACOR
ACORDA
ACORDAS
ACORDASTE
ACORIANA
ACORIANAS
ACORIANO
ACORIANOS
ACOS
ACRE
ACTA
ACTAS
ACTO
ACTUA
ACTUE
ACTUEI
ACTUO
ACUDA
ACUSA
ACUSACAO
ACUSADO
ACUSADOS
ACUSAM
ACUSAMOS
ACUSAR
ACUSARA
ACUSARAM
ADI
ADIA
ADIAM
ADIANTA
ADIANTAM
ADIANTAR
ADIANTARIA
ADIAR
ADIARIA
ADIARIAM
ADIRA
ADIRO
ADITA
ADITAR
ADO
ADOCA
ADORA
ADORE
ADOREI
ADORNA
ADORNAM
ADORNO
ADORNOS
ADORNOU
ADORO
ADRO
AFA
AFAGO
AFAGOU
AFINA
AFINCO
AFINOU
AFRO
AFRONTA
AFRONTAM
AFRONTAR
AFRONTAS
AGOIRO
AGOURO
AH
AI
AIA
AIAS
AIDA
AINDA
AIO
AIRES
AIROSA
AIS
ALA
ALAS
ALBA
ALBANES
ALBANESA
ALBINA
ALBINO
ALCA
ALCAS
ALCE
ALCES
ALE
ALEA
ALEM
ALEMA
ALEMAO
ALEMAS
ALETRIA
ALI
ALIA
ALIAM
ALIANCA
ALIANCAS
ALIAR
ALIARA
ALIARMOS
ALIAS
ALO
ALTA
ALTAS
AMA
AMADA
AMADAS
AMADO
AMADOS
AMAINA
AMAM
AMAMOS
AMANSA
AMANSAR
AMAR
AMARA
AMARAR
AMAREI
AMARRA
AMARRAS
AMARRE
AMAS
AME
AMEACA
AMEACAS
AMEACE
AMEACEI
AMEACO
AMEI
AMEIA
AMEN
AMENA
AMENAS
AMIBA
AMO
AMOLA
AMOR
AMORA
AMORTECA
AMOS
AMUA
AMUADO
AMUAR
ANA
ANAIS
ANAL
ANANAS
ANAO
ANAS
ANCA
ANCAS
ANCIA
ANCIOES
ANEIS
ANIL
ANIMA
ANIMACAO
ANIMADA
ANIMADAS
ANIMADO
ANIMADOS
ANIMAM
ANIMAR
ANIMARA
ANIMAS
ANIMO
ANIMOS
ANIS
ANO
ANOES
ANOS
ANOTA
ANOTACAO
ANOTAR
ANOTARA
ANOTARAM
ANOTE
ANOTEM
ANOTO
ANSEIA
ANSEIO
ANSIA
ANSIAR
ANTA
ANTAO
ANTAS
ANTE
ANTECAMARA
ANTEMAO
ANTES
ANTI
ANTRO
ANUAIS
ANUI
ANUIA
ANUIDO
ANUIR
AO
AORTA
AOS
AR
ARA
ARABIAS
ARABICA
ARABICO
ARABICOS
ARADA
ARADO
ARADOS
ARAMADO
ARAMADOS
ARAMAICO
ARAME
ARAMES
ARAR
ARARA
ARARAS
ARAS
ARCA
ARCADA
ARCADAS
ARCADO
ARCAICA
ARCAICO
ARCAICOS
ARCANO
ARCAR
ARCARA
ARCARAM
ARCAS
ARCO
ARCOU
ARDA
ARDIA
ARDIAM
ARDINA
ARDINAS
ARDIS
ARDOR
ARDORES
ARDOROSA
ARE
AREA
AREAIS
AREAS
AREIA
AREIAS
ARENA
ARENOSA
ARES
ARIA
ARIANA
ARIANO
ARIANOS
ARIAS
ARIDA
ARIDAS
ARIDO
ARMA
ARMACAO
ARMACOES
ARMADA
ARMADAS
ARMADO
ARMADOS
ARMAM
ARMAMOS
ARMAR
ARMAS
ARME
ARMES
ARO
AROMA
AROMAS
AROS
ARRACADOS
ARRAIA
ARRAIAL
ARRANCA
ARRANCAM
ARRANCO
ARRASA
ARRASADA
ARRASADAS
ARRASADO
ARRASADOS
ARRASAM
ARRASTA
ARRASTE
ARRASTO
ARRASTOU
ARRE
ARREAR
ARREIA
ARREIO
ARREIOS
ARREOU
ARRIAR
ARRIARAM
ARROIO
ARRUACA
ARRUINA
ARRUINOU
ARTE
ARTERIA
ARTES
ARTESA
ARTESAO
AS
ASA
ASCENSAO
ASCETA
ASCO
ASIA
ASMA
ASNEIRA
ASNO
ASO
ASSA
ASSAM
ASSAR
ASSINA
ASSINAR
ASSINARA
ASSINARAO
ASSINO
ASSIRIA
ASSIRIAS
ASSIRIO
ASSIRIOS
ASTRAIS
ASTRO
ATA
ATACA
ATACAM
ATACO
ATAM
ATAR
ATARA
ATARAM
ATARDA
ATE
ATEAR
ATEARA
ATEARAM
ATEIE
ATEOU
ATERRA
ATERRAM
ATERRAMOS
ATERRE
ATERREI
ATESTA
ATINA
ATINAR
ATIRO
ATLAS
ATO
ATOL
ATOLA
ATONITA
ATONITAS
ATONO
ATOU
ATRACA
ATRACADA
ATRACADAS
ATRACADO
ATRACADOS
ATRACAM
ATRACAMOS
ATRACAR
ATRACARA
ATRACARAM
ATRACARAO
ATRACCAO
ATRACOU
ATRAI
ATRAIA
ATRAICOA
ATRAICOE
ATRAIR
ATRAIRA
ATRAIRAO
ATRAIRIA
ATRAIRIAM
ATRAIS
ATRAS
ATRASA
ATRIO
ATRIOS
ATURA
ATURAR
ATURARAM
ATURE
ATURO
AUDAZ
AUFIRA
AUFIRO
AURA
AURAS
AUREA
AUREAS
AUREO
AURORA
AURORAS
AUSTERA
AUTO
AUTOCRACIA
AZO
BACA
BACAS
BAIA
BAIAS
BAILA
BANA
BANAL
BANCA
BANCAS
BANCO
BANE
BANIA
BAR
BARCA
BARCACA
BARCACAS
BARCAS
BARES
BARRA
BARRACA
BARRACAS
BARRACO
BARRADA
BARRADAS
BARRADO
BARRADOS
BARRAM
BARRAS
BARRE
BICA
BICO
BICOS
BIS
BISA
BISAR
BISARIA
BIT
BITS
BOCA
BOCAL
BOCAS
BOCETA
BOLA
BOLAS
BONA
BONITA
BONITAO
BONITAS
BORLA
BORLAS
BOTA
BOTAO
BOTAR
BOTE
BOTES
BOTO
BOTOES
BRACADA
BRACADAS
BRACADO
BRACADOS
BRACAS
BRACO
BRAMA
BRAMAR
BRAMIA
BRANCA
BRANCAS
BRANCO
BRECA
BRINDA
BRINDAR
BRINDARA
BRINDARAO
BRIO
BRIOS
BRIOSA
BRISA
BRITA
BRITAS
BROCA
BROCAS
BROTA
BROTAR
BROTARA
BROTE
CA
CABIA
CABINA
CABINAS
CABRA
CACA
CACADA
CACADAS
CACADO
CACADOS
CACAM
CACAMOS
CACAO
CACAR
CACARAM
CACAS
CACAU
CACE
CACO
CACOU
CACTO
CADA
CADUCA
CADUCAS
CAEM
CAES
CAI
CAIA
CAIACAO
CAIAM
CAIAMOS
CAIAR
CAIAS
CAIBA
CAIBAM
CAIBRA
CAIDA
CAIDAS
CAIDO
CAIEM
CAIMAO
CAIMOS
CAIO
CAIPIRA
CAIR
CAIRA
CAIRAO
CAIREI
CAIREM
CAIRIA
CAIRIAM
CAIRO
CAIS
CAIU
CAL
CALA
CALAI
CALAS
CALCA
CALCIO
CALCO
CALCOS
CALDA
CALE
CALEM
CALIBRA
CALIBRACAO
CALIBRAR
CALIBRE
CALIBRES
CALO
CALOES
CALOR
CALORIA
CALORIAS
CALOTA
CALOTE
CALOTES
CAMA
CAMADA
CAMADAS
CAMARA
CAMARAO
CAMARAS
CAMARATA
CAMARATAS
CAMAREIRA
CAMAREIRAS
CAMAREIRO
CAMAROES
CAMAROTE
CAMAROTES
CAMARTELO
CAMAS
CAMELO
CAMIAO
CAMOES
CAMOMILA
CANA
CANAL
CANAS
CANCAO
CANCELA
CANCELAS
CANCELO
CANCER
CANCOES
CANCRO
CANECA
CANECO
CANEIRO
CANICAL
CANICO
CANIL
CANO
CANOA
CANOAS
CANOEIRO
CANORA
CANORAS
CANORO
CANOS
CANSA
CANSAR
CANSAREI
CANSE
CANSEI
CANSEIRA
CANSO
CAO
CARA
CARABINA
CARACA
CARACAS
CARAO
CARAS
CARCACA
CARCACAS
CARECA
CARECE
CARECER
CARECERA
CARECERAM
CARECERIA
CARECIA
CARENA
CARETA
CARETAS
CARETO
CARIE
CARIES
CARMO
CARNE
CARNEIRA
CARNEIRO
CARNEIROS
CARNES
CARRACA
CARRACAS
CARRADA
CARRADAS
CARRANCA
CARRANCAS
CARRAO
CARREIA
CARREIRA
CARREIRAS
CARREIRO
CARREIROS
CARREOU
CARRETA
CARRETAS
CARRETO
CARTA
CARTAS
CARTE
CASA
CASACA
CASACAO
CASADA
CASADAS
CASADO
CASADOS
CASAL
CASAM
CASAMOS
CASAO
CASAR
CASARA
CASARAM
CASCA
CASCAR
CASE
CASEM
CASO
CASTA
CASTO
CASTRA
CASTRACAO
CASTRADA
CASTRADO
CASTRADOS
CASTRAM
CASTRAR
CASTRARAM
CATA
CATANA
CATETO
CATRAIO
CAUDA
CAUDAS
CAUSA
CAUSADA
CAUSADAS
CAUSADO
CAUSADOS
CAUSAM
CAUSAMOS
CAUSAR
CAUSARA
CE
CEAR
CEIA
CELA
CELAS
CEM
CENA
CENAS
CENSO
CENSOR
CENSORIO
CERA
CERAMICA
CERAMICO
CERAMICOS
CERAS
CERCA
CERCADA
CERCADAS
CERCADO
CERCADOS
CERCAM
CERCANIA
CERCANIAS
CERCAR
CERCARA
CERCARAM
CERCAS
CERCEA
CERCEAR
CERCEARA
CERCEARAM
CERCEIA
CERCO
CERCOU
CERRA
CERRADA
CERRADAS
CERRADO
CERRADOS
CERRAM
CERRE
CERRO
CERTA
CERTAS
CERTO
CESARIANA
CESIO
CESTA
CEU
CHA
CHAS
CHATA
CIANO
CIMA
CIMO
CIMOS
CINCO
CIO
CIOSA
CIRCO
CIRIO
CIRROSE
CLA
CLAS
CLICA
CLICAR
CLIMA
CLIMAS
CLISTER
CLOACA
CLONAR
COA
COAR
COBRI
COBRIA
COCA
COCAR
COCEIRA
COERCAO
COESA
COESAO
COIBA
COIBAM
COIMA
COIMAS
COIOTE
COIRO
COLA
COLACAO
COLAS
COLE
COLEM
COLINA
COLINAS
COM
COMA
COMAM
COMAMOS
COMARCA
COMARCAS
COMAS
COMI
COMIA
COMO
COMODA
COMODAS
CONCERTA
CONCERTACAO
CONCERTAS
CONCORDA
CONCORDAS
CONDAO
CONFIA
CONFIRA
CONFRONTA
CONFRONTAM
CONFRONTAR
CONFRONTARIA
CONOTA
CONOTAR
CONTA
CONTAR
CONTARA
CONTARAO
CONTE
CONTEM
CONTES
CONTESTA
CONTO
CONTRA
CONTRATA
CONTRATAR
CONTRATARA
CONTRITA
COR
CORDA
CORDAS
CORE
COREI
CORETO
CORISTA
CORISTAS
CORNO
CORO
CORSA
CORSARIO
CORSO
CORTA
CORTAR
CORTARA
CORTARAO
CORTAS
CORTE
CORTEI
CORTEM
CORTES
CORTESA
CORTESAO
CORTO
CORTOU
COSA
COTA
COTACAO
COTAO
COTAR
COTARAM
COTAS
COTE
COTO
COURO
COUTE
COUTO
COZA
CRANIO
CRE
CREIA
CREIO
CRER
CRETACICO
CRI
CRIA
CRIACAO
CRIAR
CRIARA
CRIARAM
CRIARAO
CRIARMOS
CRIE
CRINA
CRIO
CU
CURDA
CURDAS
CURE
CUREI
CURO
CURTA
CURTAS
CURTE
CURTO
CUS
CUSTA
CUSTAR
CUSTARA
CUSTARAM
CUSTE
CUSTEAR
CUSTEARA
CUSTEARAM
CUSTEOU
CUSTO
CUSTOU
DA
DACAO
DAI
DAIS
DALI
DALIAS
DAMA
DAMOS
DAN
DANEM
DANO
DANTES
DANTESCA
DANTESCO
DAO
DAR
DARA
DARAO
DARAS
DAREI
DARES
DARIA
DAS
DATA
DATACAO
DATACOES
DATAR
DATARA
DATAS
DATE
DATEM
DE
DEI
DER
DEU
DIA
DIAFANO
DIANTE
DIARIA
DIARIAS
DIARIO
DIARIOS
DIARREIA
DIARREIAS
DIAS
DINAR
DINARES
DINASTIA
DINASTIAS
DIRA
DIRAO
DIRAS
DIRECCAO
DIRECCIONA
DIRECCIONAIS
DIRECCIONAM
DIRECCIONAR
DIREI
DIRIA
DIRIAS
DISCA
DISCAIS
DISCAR
DISTA
DISTAM
DISTANTE
DISTANTES
DISTAR
DISTARA
DISTINTA
DISTINTO
DITA
DITAM
DITAME
DITAR
DITARIA
DITARIAM
DITAS
DO
DOA
DOAR
DOARIA
DOAS
DOCA
DOCIL
DOE
DOEI
DOER
DOEU
DOI
DOIA
DOIAM
DOM
DOMAR
DOMINA
DOMINACAO
DOMINACOES
DOMINAR
DOMINARA
DOMO
DON
DONA
DONAS
DONATARIO
DONATARIOS
DONO
DONOS
DONS
DOO
DOR
DORES
DORICA
DORICO
DOS
DOSA
DOU
DOUTA
DOUTAS
DOUTO
DOUTRO
DROGA
DUAS
DUM
DUMA
DUMAS
E
ECO
ECOA
ECOE
ECRA
ECRAS
EIA
EIRA
EIRAS
EIS
ELA
ELAS
ELO
EM
EMANA
EMANAR
ENA
ENSAIA
ENSAIADO
ENSAIADOR
ENSAIADORES
ENSAIAM
ENSAIAR
ENSAIARA
ENSAIARAO
ENSAIE
ENSAIO
ENSAISTA
ENSAISTAS
ENSINA
ENSINAR
ENSINARA
ENSINARAO
ENSINO
ENUMERA
ERA
ERAM
ERAMOS
ERAS
ERECTA
ERMO
ERMOS
ERRA
ERRADA
ERRADAS
ERRADO
ERRADOS
ERRAM
ERRAMOS
ERRE
ERREI
ERRES
ERRO
ES
ESBARRA
ESBARRADO
ESBARRAM
ESBARRAMOS
ESBARRE
ESBOCA
ESBOCAM
ESBOCE
ESCALA
ESCALDA
ESCALO
ESCALONAR
ESCAMA
ESCAMAR
ESCOLA
ESCONDA
ESCONDI
ESCONDIA
ESCORIA
ESCORIAS
ESPIA
ESPIADO
ESPIAO
ESPIAR
ESPIAREM
ESPIAS
ESPINAIS
ESPIRA
ESPIRAS
ESTA
ESTACA
ESTACAM
ESTACAO
ESTAI
ESTALA
ESTALO
ESTANCA
ESTANCAM
ESTRIA
ESTRIAS
ETANO
ETANOL
ETNIA
ETNIAS
EU
EURO
FA
FACA
FACAO
FACE
FACETA
FACETAR
FACETAS
FACETO
FACO
FAINA
FATO
FATUO
FE
FEIA
FEIRA
FERA
FERE
FEREM
FERIA
FIA
FIACAO
FINA
FINCA
FINO
FINOU
FIRA
FRIA
FRONTAIS
FRONTARIA
FUI
FURA
FURADO
FURADORES
FURAO
FURE
FUREI
FURIA
GORDA
GORDAS
GORE
HA
HASTA
HASTE
HASTEAR
HASTEIA
IA
IAM
IAMOS
IAO
IAS
IATE
IATES
ICA
ICAR
ICARA
ICARAM
ICE
ICOU
IDA
IDAS
IDE
IDO
ILACAO
ILACOES
ILUDA
ILUDAM
ILUDAMOS
ILUDO
ILUSTRA
ILUSTRACAO
ILUSTRADA
ILUSTRADAS
ILUSTRADO
ILUSTRADOS
ILUSTRAM
ILUSTRAMOS
ILUSTRAR
ILUSTRARA
ILUSTRARAM
ILUSTRARAO
ILUSTRE
IMA
IMAN
IMANES
IMOLA
IMOLACAO
IMOLACOES
INALA
INATA
INATAS
INATO
INCA
INCAS
INCAUTA
INCAUTAS
INCAUTO
INCERTA
INCERTAS
INCERTO
INCUTA
INCUTE
INDIA
INDIANA
INDIANAS
INDIANO
INDIANOS
INDIAS
INIBO
INSERIA
INSERIDA
INSERIDO
INSERIR
INSERIRA
INSERIU
INSIRA
INTEL
INTRA
INUMANA
INUMANAS
INUMANO
INUMANOS
INUMERA
IODETO
IOES
IOGA
IOIO
IR
IRA
IRADO
IRANIANA
IRANIANAS
IRANIANO
IRANIANOS
IRAO
IRAS
IRE
IREI
IREIS
IREM
IRES
IRIA
IRIAM
IRIAS
IRIS
IRONIA
IRONIAS
IRONISTA
IRRA
IRRADIA
IRRADIAM
IRREAIS
IS
ISCA
ISTO
LA
LACA
LACAM
LACAS
LACO
LACOS
LAIA
LAICA
LAICAL
LAICO
LAICOS
LANCA
LANCAM
LANCAS
LANCE
LANCEM
LANCES
LANCO
LAS
LASCA
LATA
LATAS
LE
LEAO
LEMA
LEMAS
LEOA
LEOAS
LEONOR
LES
LESA
LESAM
LESAO
LESTA
LETA
LETAIS
LETAO
LETRA
LETRISTA
LETRISTAS
LI
LIA
LIAM
LIAMOS
LIBANES
LIBANESA
LIBRA
LICA
LIMA
LIMADA
LIMADAS
LIMADO
LIMADOS
LIMAM
LIMAO
LIMAR
LIMAS
LIMO
LINCE
LINCES
LISA
LISTA
LISTAR
LISTOU
LISTRADA
LISTRADO
LISTRADOS
LO
LOCA
LOCAL
LOCAO
LOCO
LOICA
LONA
LONTRA
LOTA
LOTAR
LOTE
LOTES
LOTO
LUA
LUAR
LUAS
LUCAS
LUIS
LUSA
LUSTRE
MA
MACA
MACABRA
MACACA
MACACAS
MACACO
MACADA
MACADAS
MACADO
MACADOS
MACAM
MACAO
MACAR
MACARRAO
MACAS
MACAU
MACE
MACO
MAE
MAES
MAIA
MAIAS
MAIATA
MAIO
MAIOR
MAIORAIS
MAIORES
MAIORIA
MAMA
MAMAO
MAMAR
MAMILO
MANA
MANAS
MANCA
MANCO
MANE
MANEIO
MANEIRA
MANEIRAS
MANEIRO
MANES
MANIA
MANIACA
MANIACAS
MANIACO
MANIAS
MANILA
MANO
MANOS
MANSA
MANSAO
MANSO
MANTA
MANTAS
MANTIDA
MANUAIS
MAO
MAR
MARATONA
MARCA
MARCACAO
MARCADA
MARCADAS
MARCADO
MARCADOS
MARCAM
MARCAMOS
MARCAR
MARCARA
MARCARAM
MARCARAO
MARCARMOS
MARCAS
MARCIANA
MARCIANO
MARCIANOS
MARCO
MARCOU
MARE
MAREACAO
MAREAR
MARES
MARESIA
MAROTA
MAROTO
MARRA
MARRADA
MARRADAS
MARRAO
MARRECA
MARRECO
MARRETA
MARRETAS
MARTA
MARTAS
MARTELA
MARTELO
MAS
MASCA
MASCAR
MASCARA
MASCARAR
MASCARARAM
MASCARE
MASCOTE
MASSA
MASTRO
MATA
MATAI
MATAR
MATAREI
MATARES
MATARIA
MATAS
MATINA
MATINAIS
MAU
MAUS
ME
MECA
MECANICA
MECANICO
MECANICOS
MECAS
MECENAS
MECHA
MECO
MEIA
MEL
MELACO
MELO
MELRO
MENINA
MENINAS
MENINO
MENINOS
MENIR
MENIRES
MENU
MERA
MES
MESA
MESCAL
MESCLA
META
METAIS
METANO
METANOL
METO
METRO
MEU
MI
MIA
MIAR
MIAS
MICA
MIL
MINA
MINAR
MINARA
MINAS
MIO
MO
MOA
MOAS
MOCA
MOCO
MOCOS
MODA
MODAS
MOELA
MOELAS
MOI
MOIAM
MOINA
MOINAS
MOLA
MOLAS
MOLDA
MOLICO
MONDA
MONO
MOR
MORA
MORAR
MORARA
MORO
MORTA
MORTAIS
MORTE
MORTES
MORTO
MOS
MOTA
MOTE
MOTEL
MOTES
MOTO
MOTOR
MOTORA
MOTORAS
MOTORISTA
MOTORISTAS
MUAR
MUARES
MUDA
MUDAM
MUDAMOS
MUDAR
MUDARA
MUDAS
MUDASTE
MUDO
MUDOS
MUI
MUNIDA
MUNIDAS
MUNIDO
MUNIR
MUSA
MUSICA
MUSICAR
MUSICARAM
NA
NABICA
NACAO
NACARADO
NACIONAIS
NACO
NACOES
NADO
NAO
NAOS
NARINA
NARINAS
NARRA
NARRACAO
NARRADA
NARRADAS
NARRADO
NARRADOS
NARRAM
NARRE
NARRO
NAS
NASCA
NASCAM
NASCE
NASCEM
NASCER
NASCERA
NASCERIA
NASCEU
NASTRO
NATA
NATAIS
NATAL
NATAS
NATO
NAU
NECTAR
NEM
NEON
NERO
NICO
NINAR
NINE
NITIDA
NO
NOCAO
NODAIS
NOMADA
NOMADAS
NOMINACAO
NOMINAL
NONA
NONAS
NONO
NORA
NORAS
NORMA
NORMAS
NORTE
NOS
NOTA
NOTACAO
NOTAR
NOTARA
NOTARAM
NOTARAO
NOTAS
NOTE
NOTEM
NOTES
NOTO
NOTORIA
NOTORIAS
NOTORIO
NOTORIOS
NOTRE
NOUTRO
NOZ
NU
NUA
NUAS
NUM
NUMA
NUMAS
NUMERA
NUNS
O
OCA
OCAS
OCEANO
OCEANOS
OCIO
OCIOS
OCIOSA
OCO
OCOS
OCRE
ODE
ODEIO
ODER
ODIAR
ODIARIA
ODIO
ODRE
ODRES
OE
OICA
OICO
OIRO
OIROS
OLA
OLE
OLEO
ONCA
ONDA
ONERA
ONERAM
ONERAR
ONIRICA
ONIRICO
ONTEM
ORA
ORAI
ORAIS
ORAM
ORANTE
ORANTES
ORAR
ORARAM
ORAS
ORATORIA
ORATORIAS
ORATORIO
ORATORIOS
ORBITA
ORBITAIS
ORBITAM
ORBITAR
ORBITAS
ORCA
ORCAR
ORCARA
ORCARAM
ORCARAO
ORCE
ORCOU
ORDINARIA
ORDINARIO
ORDINARIOS
ORE
ORFA
ORFAO
ORLA
ORLAS
ORNA
ORNAM
ORNAR
ORNATO
ORO
OROU
OS
OU
OUCA
OUCO
OURA
OURAS
OURO
OUTRA
OUTRAS
OUTRO
OUTRORA
PA
PAES
PAI
PAINEIS
PAIS
PAR
PARI
PARIA
PARIAS
PARIS
PARTE
PARTEIRA
PARTES
PAS
PI
PIA
PIAO
PIAR
PIARES
PIAS
PIE
PIES
PIRA
PIRAS
PIREI
PIRES
PISA
PISADO
PISAR
PISARIA
PISE
PISEI
PNEU
PRAIA
PRAIAS
PRIAO
PRISAO
PSI
RA
RABI
RACA
RACAO
RACAS
RACHA
RACHAR
RACHAS
RACICA
RACICO
RACIO
RACIONA
RACIONAIS
RACIONAR
RACIOS
RADIACAO
RADIAIS
RADIO
RADON
RAIA
RAIADO
RAIAM
RAIANA
RAIANAS
RAIANO
RAIANOS
RAIAR
RAIAS
RAIO
RAIOS
RAMA
RAMADA
RAMADAS
RAMAS
RAMO
RAMOS
RANCO
RANCOR
RAP
RAPINA
RAPINAR
RAPINAS
RARA
RARAS
RARO
RAS
RASA
RASAM
RASAR
RASCA
RASO
RASTEIRA
RASTO
RATA
RATAO
RATAS
RATE
RATEAR
RATES
RATO
RE
REACCAO
REACCIONARIA
REACCIONARIAS
REACCIONARIO
REAIS
REARMAR
REATOU
RECAI
RECAIR
RECAIRA
RECAIRAO
RECAIRIA
RECAIRIAM
RECATO
RECEAR
RECEARA
RECEARAM
RECEARMOS
RECEIA
RECEIE
RECEIES
RECEIO
RECEIOS
RECEM
RECENSAO
RECENSEAR
RECENSEIA
RECEOSA
RECEOU
RECO
RECREACAO
RECREAR
RECRIA
RECRIACAO
RECRIAR
RECRIARA
RECRIARAM
RECRIARAO
RECRIE
RECTA
REDOR
REI
REINA
REINADO
REINAR
REINARIA
REINE
REINEM
REINSERIDO
REINSERIR
REINSERIU
REIS
REMA
REMATA
REMATAR
REMATARIA
REME
RENA
RES
RESINA
RESINAS
RESPIRA
RETOCA
RETOCAR
RETRAI
RETRO
REU
RI
RIA
RIAIS
RIAM
RIAS
RICA
RICACO
RICO
RIDE
RIDO
RIEM
RIFA
RINS
RIO
RIOS
RIPA
RIPAR
RIPAS
RIR
RIRA
RIRAO
RIRES
RIRIA
RIRIAM
RIS
RISCA
RISCAR
RISCAREM
RISO
RISTE
RITMA
RIU
RO
ROA
ROAM
ROBIN
ROCA
ROCAM
ROCAS
ROCE
RODA
RODAR
RODARIA
RODAS
RODE
RODEI
RODEIO
ROEDOR
ROEM
ROER
ROERAM
ROEU
ROGA
ROGAI
ROI
ROIA
ROIAM
ROIDA
ROIDAS
ROIDO
ROL
ROLA
ROLAS
ROLE
ROLEM
ROLETA
ROMA
ROMAS
RONDA
RONDAR
RONDARA
RONDARAO
RONRONA
RONRONAR
ROSA
ROSE
ROSEA
ROSNA
ROSNAM
ROSNAR
ROTA
ROTO
ROTOR
ROUCA
RUA
RUCA
RUCO
RUFA
RUFIA
RUI
RUIA
RUIDO
RUINA
RUIR
RUIRA
RURAIS
SA
SACA
SACADA
SACADAS
SACADO
SACADOS
SACAM
SACANA
SACANAS
SACAR
SACARAM
SACIA
SACO
SACOLA
SACRA
SACUDA
SACUDAM
SADIA
SADIAS
SADINA
SADINAS
SADINO
SADINOS
SADIO
SADO
SAEM
SAI
SAIA
SAIAM
SAIAMOS
SAIAS
SAIBA
SAIBAM
SAIBAMOS
SAIBRO
SAIDA
SAIDAS
SAIDO
SAIMOS
SAINT
SAIO
SAIR
SAIRA
SAIRAO
SAIREI
SAIRES
SAIRIA
SAIS
SAIU
SAL
SALA
SALDA
SALETA
SALINA
SALOIA
SALTA
SAM
SAMARRA
SAN
SANA
SANAR
SANCAO
SANE
SANEIA
SANEIE
SANO
SANTA
SANTAS
SAO
SARA
SARADA
SARADAS
SARADO
SARAM
SARAR
SARARAM
SARAU
SARCA
SARDA
SARDAO
SARE
SARIANA
SARIANO
SARNA
SARRACENO
SARRACENOS
SARRO
SATA
SATIRO
SATIS
SATURA
SATURANTE
SATURANTES
SATURAR
SATURARAM
SATURE
SAUDA
SAUDACAO
SAUDAM
SAUDAMOS
SAUDAR
SAUDARA
SAUDO
SAUDOSA
SAUNA
SAUNAS
SCALA
SE
SEARA
SEARAS
SECA
SECAM
SECAR
SECARA
SECARAM
SECCAO
SECCIONAR
SECCIONARAM
SECO
SECOU
SECRECAO
SECRETA
SECRETAS
SECRETO
SEI
SEIO
SELA
SELO
SEM
SENA
SENAO
SENO
SER
SERA
SERAO
SEREI
SEREIA
SEREM
SERIA
SERIACAO
SERIADO
SERIAIS
SERIAM
SERIAR
SERIAS
SERICO
SERIE
SERIO
SERMAO
SERMOS
SERODIA
SERODIAS
SERRA
SERRACAO
SERRADA
SERRADAS
SERRADO
SERRADOR
SERRADORES
SERRADOS
SERRAM
SERRANA
SERRANIA
SERRANIAS
SERRANO
SERRAS
SETA
SI
SIDRA
SINA
SINAIS
SINAS
SINISTRA
SINISTRAS
SINISTRO
SINO
SINTA
SINTO
SINTOMA
SINTOMAS
SIR
SIRIA
SIRIAS
SIRIO
SIRIOS
SITIA
SITIANTES
SITIAR
SITIO
SITIOS
SO
SOA
SOAR
SOARIA
SOARIAM
SOCA
SOCIA
SOCIAL
SOCIAS
SOCIO
SOCO
SODA
SOE
SOM
SOMA
SOMADA
SOMAM
SOMAR
SOMARA
SOMAS
SOMO
SONAR
SONATA
SONATAS
SONDA
SONECA
SONEIRA
SONO
SONORA
SONS
SOR
SORNA
SORO
SORRI
SORRIA
SORRIO
SPIN
STAND
STANDS
SUA
SUADA
SUADAS
SUADO
SUADOS
SUAM
SUAMOS
SUAR
SUARAM
SUDACAO
SUICA
SUL
SULCA
SULCADA
SULCADO
SULCADOS
SUMA
SUMO
SUMOS
TA
TACA
TACADA
TACADAS
TACAO
TACAS
TACO
TACOES
TACOS
TACTEAR
TACTO
TAIPA
TAIS
TAL
TALA
TALAS
TALCO
TALE
TALES
TALIO
TALO
TALOES
TANAS
TANOEIRO
TANTO
TAO
TARA
TARADA
TARADAS
TARADO
TARADOS
TARAS
TARDA
TARDIA
TARDIAS
TARECO
TAREIA
TARO
TARTARA
TARTARAS
TARTARO
TARTE
TARTES
TASCA
TASCO
TATU
TATUAR
TATUOU
TAU
TE
TEAR
TEARES
TECA
TECAM
TECE
TECEM
TECER
TECERA
TECERAM
TECERAO
TECERIA
TECEU
TECI
TECIA
TECLA
TECLAS
TECNICA
TECNICO
TECNICOS
TECNOCRACIA
TECO
TEDIO
TEIA
TELA
TELAS
TEM
TEMA
TEMAS
TEME
TEMEU
TEMO
TEMOR
TEOCRACIA
TEOR
TEORIA
TEORIAS
TER
TERA
TERAS
TERCA
TERCAM
TERCAR
TERCARAM
TERCAS
TERCEIRA
TERCEIRAS
TERCEIRO
TERCEIROS
TERCO
TERCOU
TEREI
TEREIS
TEREM
TERES
TERIA
TERRA
TERRACO
TERRACOTA
TERREA
TERREIRO
TERRENA
TERRENO
TERRENOS
TERREO
TERREOS
TESA
TESAO
TESTA
TETA
TETANO
TETAS
TETRARCA
TEU
TI
TIA
TIARA
TIAS
TIDA
TINA
TINIR
TINO
TINTA
TINTO
TIO
TIOS
TIRO
TIROLES
TIROLESA
TISANA
TO
TOA
TOCA
TOCAM
TOCAR
TOCARA
TOCARAM
TOCARAO
TOCAREI
TOCARES
TOCARMOS
TOCAS
TOCATA
TOLA
TOLAS
TOM
TOMA
TOMAR
TOMARA
TOMARAO
TOMAS
TOME
TONA
TONAIS
TONAR
TOO
TORA
TORDAS
TORIO
TORNA
TORNAR
TORNARA
TORNARAO
TORNO
TORO
TORSO
TORTA
TORTAS
TORTO
TOUCA
TOUREIO
TOUREIRO
TOURO
TRACA
TRACADA
TRACADAS
TRACADO
TRACADOS
TRACAM
TRACAMOS
TRACAR
TRACARA
TRACARAM
TRACARMOS
TRACAS
TRACCAO
TRACE
TRACEI
TRACES
TRACO
TRACOU
TRAI
TRAIA
TRAICAO
TRAINEIRA
TRAIR
TRAIRA
TRAIRIA
TRAMA
TRAMAR
TRAMAS
TRAMO
TRAMOIA
TRAMOIAS
TRANSE
TRANSITA
TRANSITAM
TRANSITAR
TRANSITARIA
TRANSITARIAM
TRANSITARIAS
TRANSITARIO
TRARA
TRARAO
TRAS
TRASTE
TRATA
TRATADISTA
TRATADISTAS
TRATANTE
TRATANTES
TRATAR
TRATARA
TRATARAM
TRATARAO
TRATAS
TRATE
TRATEM
TRATO
TRAUMA
TRAUMAS
TRETA
TRIBO
TRINADO
TRINAR
TRINITARIA
TRINITARIO
TRINO
TRIO
TRIOS
TRIPA
TRIPAS
TRITAO
TROAR
TROCA
TROCAM
TROCAS
TRONO
TROTE
TRUTA
TRUTAS
TU
TUA
TUCANO
TUTANO
UFA
UI
UM
UMA
UMAS
UNA
UNAM
UNAS
UNE
UNEM
UNI
UNIA
UNIAM
UNIAO
UNIDA
UNIDAS
UNIDO
UNIR
UNIRA
UNIRAO
UNIRIA
UNO
UNS
UNTA
UNTAR
URANIO
URDIA
URDIAM
URDIR
URDIU
UREIA
URINA
URINOU
URRA
URRAS
URRO
URSA
USA
USADA
USADAS
USADO
USADOS
USAM
USAMOS
USAR
USARA
USARAM
VA
VAS
VASO
VAZ
ZAS
ZOO
ZOOM
