A
ABDICO
ACAIMADOS
ACAMADA
ACAMADAS
ACAMADO
ACAMADOS
ACAMAR
ACARO
ACAROS
ACARTAR
ACATA
ACATADA
ACATADAS
ACATADO
ACATADOS
ACATAM
ACATAR
ACATARA
ACATE
ACATO
ACCAO
ACEITA
ACEITADO
ACEITAM
ACEITAS
ACEITAVEIS
ACEITO
ACENE
ACENO
ACERBO
ACERCA
ACERCAM
ACERCOU
ACERTO
ACERTOU
ACESA
ACESAS
ACESO
ACETATO
ACETATOS
ACHA
ACHAS
ACHATA
ACHE
ACHEI
ACNE
ACO
ACOMODA
ACOMODADA
ACOMODADAS
ACOMODADO
ACOMODADOS
ACOMODE
ACOR
ACRE
ACTA
ACTAS
ACTO
ACTOR
ACTOS
ACTUA
ACTUACAO
ACTUAL
ACTUAM
ACTUAMOS
ACTUAR
ACTUARA
ACTUARAM
ACTUARAO
ACTUARIA
ACTUAS
ACTUO
ACUCAR
ADAGA
ADAGAS
ADAGIO
ADAGIOS
ADE
ADEGA
ADEGAS
ADERE
ADERECO
ADERECOS
ADERI
ADERIA
ADERIR
ADESAO
ADEUS
ADI
ADIA
ADIADO
ADIADOS
ADIAM
ADIAR
ADIARA
ADIAVEIS
ADIE
ADIEI
ADIRA
ADIRAM
ADIRO
ADITA
ADITIVA
ADITIVO
ADITIVOS
ADITO
ADO
ADORA
ADORAM
ADORAR
ADORARA
ADORARIA
ADUELA
ADUELAS
AEREO
AFECTA
AFECTAR
AFECTARA
AFECTARAM
AFECTARAO
AFECTARIA
AFECTAS
AFECTO
AFECTOU
AFEITA
AFEITAS
AFEITO
AFEITOS
AFIM
AFIO
AFOITA
AFOITAM
AFOITAS
AFOITO
AFOITOU
AFTAS
AGATA
AGATAS
AGE
AGEIS
AGES
AGI
AGIA
AGIDO
AGIL
AGIMOS
AGIR
AGIRA
AGIRAM
AGIRAO
AGIREI
AGIREM
AGIREMOS
AGIRIA
AGITA
AGONIA
AGONIAS
AGORA
AGRA
AGRO
AH
AI
AIA
AIAS
AIDA
AIO
AIRES
AIROSA
AIROSAS
AIROSO
AIROSOS
AIS
ALCE
ALCES
ALDEA
ALDEAO
ALDEAS
ALDEIA
ALDEIAS
ALE
ALEA
ALECRIM
ALEGA
ALEGADA
ALEGADAS
ALEGADO
ALEGADOS
ALERTA
ALERTAM
ALERTAR
ALERTARA
ALERTARAM
ALERTAS
ALERTE
ALERTEI
ALI
ALIA
ALIADA
ALIADAS
ALIADO
ALIADOS
ALIAR
ALIARA
ALIAS
ALICIE
ALIE
ALISA
ALISADAS
ALISADO
ALISAR
ALISTAM
ALIVIE
ALIVIO
ALIVIOS
ALMA
ALMACO
ALMAS
ALO
ALONGA
ALTA
ALTAS
ALTIVA
ALTIVAS
ALTIVO
ALTIVOS
ALTO
ALTOS
ALVA
ALVAS
ALVO
ALVOS
AMA
AMADA
AMADAS
AMADO
AMADOS
AMAR
AMARA
AMARAR
AMAREI
AMAROU
AMARRA
AMARRAR
AMARRARA
AMARRARIA
AMARRAS
AMARRE
AMAS
AMIDO
AMIDOS
AMO
AMOLA
AMOLAR
AMOR
AMORA
AMORAL
AMORAS
AMOROSA
AMOROSAS
AMOROSO
AMOROSOS
AMORTECA
AMOS
AMOU
AMUA
AMUAR
AMUO
ANA
ANACORETA
ANAIS
ANAL
ANANAS
ANAO
ANAS
ANCA
ANEIS
ANEL
ANELAR
ANELO
ANGINA
ANGOLA
ANGOLANA
ANINHA
ANINHADA
ANINHADAS
ANINHADO
ANINHADOS
ANIS
ANO
ANOS
ANSEIA
ANSIA
ANSIAR
ANSIAS
ANTA
ANTAO
ANTE
ANTECEDA
ANTECEDE
ANTECEDEU
ANTECEDIA
ANTENA
ANTES
ANTI
ANTIAEREO
ANTRO
AO
AORTA
AOS
APITE
APRE
APRECE
APRECO
APREENSAO
APRESA
APRESADA
APRESADO
APRESENTO
APRESOU
AR
ARA
ARAR
ARARA
ARARAS
ARAS
ARCA
ARCANO
ARCAR
ARCARA
ARCARAM
ARCARIA
ARCAS
ARCO
ARCOU
ARDE
ARDER
ARDIS
ARE
AREA
AREAIS
AREAL
AREAS
AREIA
AREIAS
ARENA
ARENAS
ARES
ARESTA
ARIA
ARIANA
ARIANO
ARIANOS
ARIAS
ARIDA
ARIDO
ARIDOS
ARO
AROMA
AROMAS
AROS
ARRAIA
ARRAIGADO
ARRAIGADOS
ARRAIS
ARRASA
ARRASAM
ARRASE
ARRASO
ARRASTA
ARRASTAM
ARRASTE
ARRASTO
ARRE
ARREAR
ARREIA
ARREPIA
ARREPIANTE
ARREPIANTES
ARREPIE
ARRIAR
ARROGA
ARROLA
ARROTA
ARROTAR
ARRUACA
ARRUACAS
ARRUMA
ARRUMACAO
ARRUMAR
ARRUMO
ARSENAIS
ARSENAL
ARSENIO
ARTE
ARTEFACTO
ARVORAR
AS
ASA
ASAS
ASCESE
ASCETA
ASCO
ASIA
ASILAR
ASILO
ASILOS
ASMA
ASNO
ASNOS
ASO
ASSOA
ASSOLA
ASSOLAM
ASSOMA
ASSOMO
ASTRAIS
ASTRAL
ASTURIANO
ATA
ATACA
ATACAM
ATACAMOS
ATACAR
ATACARA
ATACARAM
ATACARAO
ATACARIA
ATACO
ATACOU
ATADA
ATADAS
ATADO
ATADOS
ATAM
ATAR
ATARA
ATARAM
ATAVIO
ATAVIOS
ATE
ATEIA
ATEIAM
ATEIAS
ATEIE
ATENCAO
ATENTE
ATENTO
ATENTOS
ATEOU
ATINA
ATIRE
ATLAS
ATO
ATOIS
ATOL
ATOU
ATRACA
ATRACACAO
ATRACAM
ATRACAMOS
ATRACAR
ATRACCAO
ATRACOU
ATRAI
ATRAIA
ATRAIDA
ATRAIDO
ATRAIDOS
ATRAIR
ATRAIRA
ATRAIRAM
ATRAIRAO
ATRAIS
ATRAS
ATRASA
ATRASE
ATRASEI
ATRELA
ATRELAR
ATREVO
ATUM
ATURA
ATURAM
ATURAR
ATURE
ATURO
AUDITA
AURA
AURAS
AUREA
AUREAS
AUREO
AUSENTA
AUSENTAR
AUSENTARA
AUSENTE
AUTO
AUTOMATO
AVE
AVERSAO
AVES
AVIDA
AVIDAS
AVIDO
AVIDOS
AVIEI
AVILTA
AVILTAM
AVIOES
AVIS
AVISE
AVISO
AVISOS
AVISTA
AVISTAM
AVISTAMOS
AVISTE
AVO
AVOCACAO
AVOS
BAIA
BAIAS
BASCO
BASCOS
BASICO
BASICOS
BATA
BATAS
BATI
BATIA
BICO
BICOS
BIS
BISA
BISCO
BIT
BITS
BOA
BOAS
BOGA
BOI
BOIA
BOIAR
BOIAS
BOINA
BOINAS
BOIS
BOLA
BOLAS
BONA
BONE
BONES
BONS
BONSAI
BONSAIS
BOSNIA
BOSNIAS
BRECA
BRIGA
BRIGAS
BRISA
CA
CACA
CACAM
CACAMOS
CACAO
CACAR
CACAU
CACE
CACETE
CACO
CACOU
CACTO
CACTOS
CADA
CAES
CAFE
CAFETARIA
CAFETARIAS
CAI
CAIDA
CAIDAS
CAIDO
CAIDOS
CAIO
CAL
CALCE
CALCEI
CALCIO
CALCITE
CALISTA
CALMA
CALMAS
CALVICIE
CAMA
CAMADA
CAMADAS
CAMARA
CAMARARIA
CAMARARIAS
CAMARAS
CAMARATA
CAMARATAS
CAMAROTE
CAMAROTES
CAMAS
CAMURCA
CAMURCAS
CANA
CANCAO
CANECO
CANECOS
CANETA
CANO
CANOA
CANSA
CANSAM
CANSAR
CANSARA
CANSO
CANTA
CANTAI
CANTAO
CANTAR
CANTARA
CANTARAO
CANTAREI
CANTARO
CANTE
CANTEI
CANTINA
CANTO
CANTOR
CANTORA
CANTORAS
CANTORIA
CANTORIAS
CANTOS
CAO
CARA
CARACA
CARACTER
CARACTERES
CARAO
CARAS
CARECA
CARECAM
CARECAS
CARECE
CARECEM
CARECEMOS
CARECER
CARENA
CARETA
CARETAS
CARETO
CARIDOSA
CARIE
CARIES
CARIL
CARLOS
CARNACAO
CARO
CAROCO
CAROL
CAROLA
CAROLAS
CAROS
CARRAO
CARRASCAO
CARRASCO
CARREAR
CARRIL
CARRILAR
CARRIS
CARRO
CARROS
CARTA
CARTAO
CARTAS
CARTE
CARTER
CARUMA
CASA
CASADO
CASADOS
CASAIS
CASAM
CASAR
CASARA
CASARAM
CASARAO
CASARIA
CASAS
CASE
CASEI
CASEM
CASO
CASTA
CASTRA
CASTRAR
CASTRARAM
CASTRENSE
CATA
CATAR
CATARRO
CATARSE
CATATUA
CATATUAS
CATETO
CATRAIA
CATRAIAS
CATRAIO
CAUCAO
CE
CEAR
CEDA
CEDE
CEDEU
CEDI
CEDIA
CEDO
CEIA
CEIAS
CEIFA
CEIFAM
CEIFAS
CEIFOU
CELA
CELAS
CEM
CENA
CENAS
CENSO
CENSOR
CENTO
CENTOS
CENTRE
CERA
CERAS
CERCA
CERCADA
CERCADAS
CERCADO
CERCADOS
CERCAM
CERCAS
CERCEA
CERCEAR
CERCEARA
CERCEAS
CERCO
CERCOS
CERCOU
CERRA
CERRAM
CERRAR
CERRARAM
CERRO
CERTA
CERTAS
CERTO
CERVO
CESARIANA
CESIO
CESTA
CESTARIA
CESTAS
CEU
CEUS
CHA
CHAS
CHATA
CHATAS
CHEIA
CHI
CHIA
CHICO
CHITA
CHITAS
CICLICA
CICLICAS
CICLISTA
CICLO
CICLOS
CICLOVIA
CILICIO
CILIOS
CIMO
CIMOS
CIO
CIOSA
CIOSAS
CIRCENSE
CITA
CITAM
CITAMOS
CITAS
CITE
CITES
CIVEIS
CIVIL
CIVIS
CLA
CLAMA
CLAMAR
CLAMOR
CLAMOU
CLARA
CLARAS
CLARO
CLAROS
CLAS
CLICA
CLICAM
CLONAR
CLONE
CLONES
COA
COACAO
COACCAO
COAR
COBRE
COBREI
COBREM
COBRES
COBRI
COBRIMOS
COCA
COCAM
COCAR
COCO
COCOU
CODEA
CODEAS
COESA
COESAS
COIBO
COICE
COICES
COISA
COISAS
COITA
COLA
COLAM
COLAR
COLARA
COLARIA
COLAS
COLE
COLEGA
COLEGAS
COLEGIAIS
COLEGIAL
COLEGIO
COLEGIOS
COLEIRA
COLEIRAS
COLERA
COLETE
COLICA
COLICAS
COLIDA
COLIDE
COLIGA
COLIGADA
COLIGADAS
COLIGADO
COLIGADOS
COLIGE
COLIGIR
COLISEU
COLITE
COLO
COLOCA
COLOCACAO
COLOCO
COLON
COLONO
COM
COMA
COMARCA
COMARCAS
COMAS
COME
COMECA
COMECADA
COMECADAS
COMECADO
COMECADOS
COMECAM
COMECAS
COMECE
COMECO
COMECOS
COMER
COMERCIA
COMERCIAIS
COMERCIAR
COMERCIAS
COMERCIO
COMERCIOS
COMES
COMI
COMIA
COMICA
COMICAS
COMICIO
COMICIOS
COMICO
COMICOS
COMO
COMOCAO
COMODA
COMUTA
COMUTAR
COMUTE
CONE
CONECTAR
CONGA
CONGO
CONGOLES
CONGOLESA
CONSIDERE
CONSIDEREI
CONSIGA
CONSIGNA
CONSIGNAS
CONSIGNE
CONSIGO
CONSOLA
CONSOLAR
CONSOLAS
CONSOLE
COR
CORA
CORACAO
CORAIS
CORAL
CORAM
CORAR
CORARIA
CORCA
CORCAS
CORCO
CORE
COREI
COREIA
CORES
CORETO
CORNETA
CORNETAS
CORNO
CORO
CORONEL
CORRA
CORRAS
CORRE
CORRER
CORRERA
CORRERIA
CORRERIAS
CORRES
CORRI
CORRIA
CORRIDA
CORRIGE
CORRIGI
CORRIGIA
CORSA
CORSO
CORTE
CORTEI
CORTO
CORTOU
CORVETA
CORVETAS
CORVO
COSA
COSAS
COSE
COSEM
COSER
COSI
COSIA
COTA
COTAM
COTAO
COTAR
COTAS
COTE
COURACA
COURACAS
COURO
COUROS
COUTE
COUTO
COVA
COVAO
COVAS
COVIL
COVIS
COVO
COXA
COXAS
COXIA
CRAVO
CRE
CREIA
CREIAM
CREIO
CREMOS
CREMOSA
CRESCA
CRESCAM
CRESCI
CRI
CRIE
CRIEI
CRIEM
CRIEMOS
CRIME
CRIMES
CROATA
CROMO
CROMOS
CRU
CRUA
CRUAS
CU
CUCO
CUEIROS
CURA
CURAM
CURAMOS
CURAR
CURARIA
CURAS
CURE
CUREI
CURIA
CURIAL
CURIE
CURO
CUROU
CURRAIS
CURRAL
CURTE
CURTO
CUS
DA
DACIOS
DADA
DADAS
DADO
DADOR
DADORA
DADORAS
DADOS
DAI
DAIMIO
DAIMIOS
DAIS
DALMATA
DALMATAS
DAMA
DAMAS
DAO
DAS
DATA
DATAM
DATAS
DATAVEIS
DATE
DE
DEAO
DECLAMA
DECLAMACAO
DECLAMAR
DECLAMOU
DECLARA
DECLARAR
DECLARARA
DECLARARIA
DECLARO
DECORA
DECORAM
DECORAR
DECORARA
DECORRA
DECORRE
DECORRER
DECORRERA
DECORRERIA
DECORRIA
DECOTE
DECOTES
DEI
DELA
DELAS
DELI
DELIRA
DELIRAM
DELIRAR
DELIRARAM
DELTA
DER
DERES
DES
DESAFIA
DESAFIANTE
DESAFIANTES
DESAFIE
DESAFIEI
DESAIRE
DESAIRES
DESARRUMA
DESARRUMACAO
DESARRUMAR
DESCI
DESENCANTA
DESENCANTAR
DESENCANTARA
DESENCANTO
DESERTA
DESERTAR
DESERTARA
DESTA
DESTILA
DESTILAM
DETENCAO
DETER
DETERIA
DETIDA
DETIDAS
DETIDO
DETIDOS
DETIVE
DEU
DEUS
DEUSA
DIA
DIALOGA
DIANTE
DIARIO
DIARIOS
DIAS
DIETA
DIETAS
DIFAMA
DIFAMADA
DIFAMADO
DIFAMADOS
DIGA
DIGAS
DILATE
DIOCESE
DIRA
DIRAO
DIRAS
DIREI
DISCO
DISCOIDE
DISCOS
DISCRETA
DISCRETO
DISLATE
DISLATES
DISSO
DISSOLVA
DISSOLVE
DISSOLVIA
DISSOLVIDA
DISSOLVIDAS
DISSOLVIDO
DISTA
DISTAM
DISTICO
DISTICOS
DITA
DITAM
DITAR
DITAS
DITE
DITEI
DITO
DITOS
DITOSA
DITOSO
DITOSOS
DITOU
DIVA
DIVAS
DIVIDA
DIVIDAM
DIVIDAS
DIVIDE
DIVIDI
DIVIDIA
DIVIDIAM
DIVIDO
DIVISA
DIVISADO
DIVISAS
DIVISOR
DIVISORIA
DIVISORIAS
DIVISORIO
DIVISORIOS
DO
DOA
DOAM
DOAR
DOARA
DOARIA
DOAS
DOCE
DOCENTE
DOCENTES
DOCES
DOE
DOER
DOERAM
DOES
DOI
DOIA
DOIAM
DOIDA
DOIDAS
DOIDO
DOIDOS
DOIS
DOLAR
DOM
DOMAR
DOMO
DOR
DOS
DOSA
DOSE
DOSEIA
DOTA
DOTADA
DOTADAS
DOTAM
DOTE
DOTES
DOU
DUAS
DUELO
DUELOS
DUETO
DUETOS
DUM
E
ECLESIAL
ECLODE
ECLODIA
ECLODIR
ECLODIRA
ECLODIRAM
ECLOSAO
ECO
ECOA
ECOAM
ECOAR
ECOARA
ECOE
ECOOU
ECOS
ECRA
ECRAS
EDEN
EDICOES
EDIL
EDIS
EDITA
EDITAL
EDITAM
EDITAMOS
EGIDE
EGO
EH
EIA
EIRA
EIRAS
EIS
EITO
ELA
ELAS
ELIDE
ELMO
ELMOS
ELO
ELOCUCAO
ELOGIE
ELOGIEI
ELOS
EM
EMIR
EMITA
EMITI
EMITIA
EMITIDA
EMITIDAS
ENA
ENCANTA
ENCANTAR
ENCANTARA
ENCANTO
ENCARA
ENCARE
ENCARNA
ENCARNACAO
ENCARO
ENCETA
ENCETAM
ENCETAR
ENERVA
ENERVAM
ENERVO
ENFASE
ENFIA
ENFIE
ENGANA
ENGANAR
ENGANARA
ENGANAS
ENGANE
ENGANEI
ENGANES
ENGANO
ENGANOS
ENGANOSA
ENGANOSAS
ENGOLE
ENLEVAR
ENLEVO
ENOBRECIDA
ENSAIA
ENSAIAR
ENSAIARA
ENSAIE
ENSAIO
ENSAIOS
ENSEADA
ENSEADAS
ENSINA
ENSINE
ENSINEI
ENTANTO
ENTE
ENTEADA
ENTEADO
ENTEADOS
ENTEDIA
ENTEDIAR
ENTES
ENTIDADE
ENTIDADES
ENTOA
ENTOAM
ENTOAR
ENTOARA
ENTRE
ENTRES
EOLICA
EOLICAS
EPITETO
EPITETOS
ERA
ERAM
ERAMOS
ERAS
ERECTO
ERECTOS
ERG
ERGA
ERGO
ERIGE
ERRA
ERRAM
ERRAMOS
ERRANTE
ERRANTES
ERRAR
ERRARA
ERRARAM
ERRATA
ERRO
ERROS
ERVA
ERVAS
ES
ESCADA
ESCADAS
ESCAMA
ESCAMAS
ESCOE
ESCORA
ESCORAM
ESCORVA
ESCOVA
ESCOVAM
ESCOVAR
ESCRAVO
ESCREVA
ESCREVAM
ESCREVO
ESGANA
ESMALTADO
ESMALTADOS
ESPIA
ESPINAIS
ESTA
ESTACA
ESTACAM
ESTACAR
ESTACARAM
ESTACARIA
ESTACARIAS
ESTACOU
ESTADIA
ESTADIAS
ESTADIO
ESTADIOS
ESTAFE
ESTAGIEM
ESTAI
ESTALIDO
ESTALO
ESTALOS
ESTAMOS
ESTAO
ESTAR
ESTARA
ESTARAO
ESTARAS
ESTARIA
ESTAS
ESTATAIS
ESTATAL
ESTE
ESTEIO
ESTEIOS
ESTERCO
ESTILO
ESTILOS
ESTIME
ESTIMEI
ESTIMO
ESTIO
ESTIVA
ESTIVAIS
ESTIVE
ESVAI
ESVAIDO
ETARIA
ETARIAS
ETER
ETEREA
ETEREAS
ETEREO
ETEREOS
ETICO
ETICOS
ETILICA
ETILICAS
ETILICO
ETILICOS
ETNIA
EU
EVASAO
EVITA
EVITAM
EVITAMOS
EVITE
EVOCA
EVOCACAO
EVOCO
FA
FACA
FACAM
FACAMOS
FACAO
FACAS
FACE
FACETA
FACETAR
FACETAS
FACETO
FACO
FACTO
FACTUAL
FACTURA
FACTURACAO
FACTURAM
FACTURAMOS
FACTURAR
FACTURARA
FACTURAS
FACTURE
FACTUROU
FAIA
FAIALENSE
FAIAS
FAINA
FAMA
FAMAS
FAS
FASE
FASEADA
FASEADAS
FASEADO
FASEADOS
FASEAR
FATAIS
FATAL
FATO
FATOS
FATUO
FE
FEIA
FEIAS
FEIO
FEIOS
FEITA
FEITAS
FEITO
FEITOS
FERA
FETAIS
FETIDA
FETIDAS
FETIDO
FETIDOS
FETO
FIA
FIAM
FIE
FIM
FIO
FIOS
FIOU
FISSIL
FITA
FITADOS
FITAM
FITAR
FITAS
FITO
FITOU
FOFA
FOFAS
FOFO
FOFOS
FOI
FOSSA
FOSSAS
FOSSIL
FOSSO
FOTAO
FOUCE
FURA
FURACAO
FURAM
FURAO
FURE
FUREI
FURO
FUROU
FURTE
FURTEI
FURTO
GADO
GADOS
GAIA
GAIATA
GAIO
GAIOLA
GAIOLAS
GAITA
GAITAS
GANA
GANAS
GANES
GANESA
GANGA
GANHA
GANHADO
GANHAS
GANHE
GANHEI
GANIR
GANSO
GARANTA
GARANTE
GARANTES
GARANTI
GARANTIR
GARANTO
GARE
GAROTA
GARRA
GARROTAR
GAS
GASEADAS
GASEADO
GASEADOS
GATA
GATAS
GATES
GATO
GEADA
GEADAS
GEL
GELA
GELAM
GELAR
GELIDA
GELIDO
GELIDOS
GELO
GELOS
GERA
GERAR
GERARA
GERARAO
GERE
GIL
GINGA
GINGAO
GIRA
GIRAM
GIRAR
GIRARA
GIRARAM
GIRARAO
GIRAS
GIRE
GIRIA
GIRIAS
GIRO
GIROS
GLICOSE
GLOSA
GLOSAS
GOLA
GOLAS
GOLE
GOLEAR
GOLEARA
GOLES
GORA
GORAR
GORE
GORRA
GORRO
GRAO
GRATA
GRATO
GREI
HA
HAITI
HAO
HASTA
HEI
HIDRA
IA
IAM
IAO
IAS
IATE
IATES
ICA
ICADA
ICADAS
ICADO
ICADOS
ICAM
ICE
ICEM
IDA
IDADE
IDADES
IDAS
IDE
IDEAL
IDES
IDILICA
IDILICAS
IDILICO
IDILICOS
IDIOMA
IDIOMAS
IDIOMATICO
IDIOMATICOS
IDIOTA
IDIOTAS
IDIOTIA
IDO
IDOS
IDOSA
IDOSAS
IDOSO
IDOSOS
IENE
ILEGAIS
ILESA
ILICITA
ILICITAS
IMA
IMATURA
IMATURAS
IMATURO
IMATUROS
IMERSO
IMITA
IMOVEIS
IMUNE
INATA
INDIA
INDIAS
INERTE
INOX
INSANA
INSIRA
INSIRAM
INSIRO
INSONIA
INSONIAS
INSONSO
INTACTO
INTACTOS
INTENCAO
INTENSA
INTENSO
INTENTE
INTENTO
INTENTOS
INTRA
INTRUSA
INTRUSAO
INTRUSO
IODO
IOES
IOGA
IOIO
IR
IRA
IRAM
IRANIANA
IRANIANAS
IRANIANO
IRANIANOS
IRAO
IRAS
IRE
IREI
IREIS
IREM
IREMOS
IRES
IRIA
IRIAS
IRIS
IRMA
IRMAO
IRMAOS
IRMOS
IRRA
IRREAIS
IRREAL
IRRIGA
IRRISAO
IS
ISCA
ISCO
ISCOS
ISENTA
ISENTADA
ISENTADO
ISENTADOS
ISLAMITA
ISLAMITAS
ISLAO
ISOLA
ISOLAM
ISOLE
ISRAEL
ISSO
ITALIA
ITENS
LA
LACRE
LACRES
LACRIMOSA
LACTICO
LADO
LADOS
LAIA
LAMA
LAMAS
LAMURIAR
LAR
LARES
LAS
LASANHA
LASCA
LASCAR
LASER
LASERS
LATA
LATAS
LATE
LATIDO
LATIDOS
LATIM
LATO
LAUTA
LE
LEAIS
LEAO
LEASING
LEASINGS
LEDO
LEDOR
LEGA
LEGADA
LEGADAS
LEGADO
LEGADOS
LEGAIS
LEGIAO
LEI
LEIA
LEIAS
LEIGA
LEIGAS
LEIRA
LEIS
LENCO
LEONOR
LER
LERA
LERAM
LERAO
LERES
LERIA
LERIAS
LES
LESA
LESAM
LESAR
LESARA
LESARAM
LESIONA
LESIONAR
LESIONARA
LESIONE
LESIVA
LESMA
LESMAS
LESTA
LESTE
LETA
LETAIS
LETAO
LETAS
LEU
LEVA
LEVAM
LEVAR
LEVAS
LEVO
LI
LIA
LICA
LICITA
LICITAS
LICOES
LIDA
LIDADO
LIDADOS
LIDAM
LIDAS
LIDE
LIDER
LIDERE
LIDEREI
LIDERES
LIDES
LIDO
LIDOS
LIGA
LIGADA
LIGADAS
LIGADO
LIGADOS
LIGAS
LIMITA
LIMO
LIRA
LIRAS
LISA
LISAS
LISO
LISOS
LISTA
LISTAM
LISTAO
LITICO
LITICOS
LITIO
LIVIDA
LIVIDO
LIVIDOS
LO
LOBO
LOBOS
LOCA
LOCACAO
LOCAO
LOCO
LOCUCAO
LOICA
LOICAS
LONA
LONAS
LONGA
LORD
LOS
LOTA
LOTAR
LOTAS
LOTE
LOTEADA
LOTEADO
LOTEADOS
LOTES
MA
MACA
MACACA
MACACAO
MACACO
MACANETA
MACAO
MACAR
MACARRAO
MACAS
MACAU
MACE
MACEM
MACERACAO
MACIO
MACIOS
MACO
MACRO
MAE
MAES
MAFIOSA
MAFIOSAS
MAFIOSO
MAFIOSOS
MAIO
MAIS
MAL
MALES
MALIANO
MALIANOS
MALTA
MALTE
MALTES
MALVA
MALVADA
MALVADAS
MALVADO
MALVADOS
MAO
MAOS
MAR
MARCA
MARCACAO
MARCAM
MARCAR
MARCARA
MARCARAO
MARCARIA
MARCAS
MARCO
MARCOU
MARE
MARES
MARIA
MARIANA
MARIANO
MARIAS
MARIDO
MARIDOS
MAROSCA
MARRA
MARRAR
MAS
MASCA
MASCAR
MASCARA
MASCARE
MASCAROU
MASCOTE
MASCOTES
MATA
MATADA
MATADO
MATAI
MATAR
MATARA
MATARAM
MATARAO
MATARAS
MATARES
MATARIA
MATAS
MATASTE
MATE
MATEI
MATES
MATO
MATOS
MATOU
MATURACAO
MATURAR
MATURO
MAU
ME
MECA
MECAM
MECAS
MECENAS
MECO
MEIGA
MEIGAS
MEIO
MEIOS
MERCADO
MERCADOS
MERCE
MES
MESA
MESADA
MESADAS
MESAS
MESCAL
MESCLA
MESCLADA
MESCLADAS
MESCLADO
MESCLADOS
MESCLAM
MI
MIA
MIAR
MIAS
MICA
MIEI
MIGA
MIGAS
MIL
MILICIA
MILICIAS
MILITA
MILITAM
MINE
MINI
MIO
MIRE
MISERA
MISERAVEL
MISERO
MITO
MITOS
MO
MOA
MOAS
MOCA
MOCAO
MOCAS
MOCO
MODA
MODELA
MODELAR
MODERE
MOER
MOFA
MOFO
MOI
MOIDA
MOIDAS
MOIDO
MOIDOS
MOIRO
MOIROS
MOITA
MOITAS
MOLA
MOLAR
MOLAS
MOLDA
MOLDADA
MOLDADAS
MOLDADO
MOLDADOS
MOLDE
MOLDES
MOLE
MOLEIRA
MOLES
MOLESTA
MOLESTIA
MOLESTIAS
MOR
MORA
MORAL
MORAR
MORARA
MORAS
MORDIA
MORDIAM
MORE
MOREI
MOREIA
MOREIAS
MORO
MOROSA
MOROSAS
MOROSO
MORRA
MORRAS
MORRE
MORRER
MORRERA
MORRERAS
MORRERIA
MORRES
MORRESTE
MORRI
MORRIA
MORRIDA
MORSA
MORSAS
MORTE
MORTO
MOS
MOSCA
MOSCADA
MOSSA
MOSSAS
MOSSO
MOTA
MOTAS
MOTE
MOTES
MOUCAS
MOUCO
MOURA
MOURARIA
MOURARIAS
MOURAS
MOURO
MOUROS
MOVA
MOVE
MOVEIS
MOVES
MOVI
MOVIA
MOVIDA
MOVIDAS
MOVIDO
MOVIDOS
MUAR
MUARES
MUCO
MUI
MURAL
MURAR
MURO
MUROS
NA
NACAO
NACO
NAFTA
NAIFA
NAIPE
NAO
NAOS
NARRA
NARRAM
NARRAR
NARRARAM
NARRE
NARRO
NAS
NASAL
NATA
NATO
NAU
NECTAR
NELA
NELAS
NEON
NERO
NERVO
NESTA
NESTE
NETA
NETAS
NETO
NETOS
NEVA
NEVAO
NEVAR
NINAR
NINE
NINFA
NINFAS
NINHADA
NINHADAS
NO
NOBRE
NOBRES
NOCAO
NONA
NONAS
NONO
NORA
NORAS
NOS
NOTA
NOTAM
NOTAR
NOTAS
NOTAVEL
NOTE
NOUTRA
NOUTRO
NOVA
NOVAS
NOVATO
NOVE
NOVEL
NOVELO
NOVO
NU
NUM
O
OBCECA
OBCECADA
OBCECADAS
OBCECADO
OBCECADOS
OBCECAM
OBICE
OBRE
OBRIGA
OBRIGAS
OBSCENA
OBSCENAS
OBSCENO
OCA
OCAS
OCEANO
OCO
OCRE
OCTETO
ODE
ODEIA
ODER
ODES
ODIADO
ODIADOS
ODIAR
ODIEI
ODIO
ODIOS
ODIOSA
ODIOSAS
ODIOSO
ODIOSOS
ODIOU
OE
OFERTOU
OGRE
OICA
OICAM
OIDIO
OIRO
OIROS
OITAVO
OITAVOS
OITO
OLA
OLARIA
OLARIAS
OLE
OLEADA
OLEADAS
OLEADO
OLEADOS
OLEAR
OLEO
OLIVA
OLIVAIS
OMITA
OMITI
OMITIA
OMITIDA
OMITIDAS
OMITIDO
OMITIDOS
ONERA
ONERAM
ONERAR
ONERARIA
ORA
ORACAO
ORAI
ORAIS
ORAL
ORAM
ORANTE
ORANTES
ORAR
ORAS
ORCA
ORCAM
ORCAR
ORCARA
ORCARAM
ORCARAO
ORCARIA
ORCAS
ORCE
ORCOU
ORE
ORGAO
ORIGINA
ORIGINAL
ORIGINAR
ORIGINARA
ORIGINE
ORIGINES
ORLA
ORLAM
ORLAS
ORNA
ORNAR
ORO
OS
OSCAR
OSGA
OSSADA
OSSADAS
OSSO
OSTENTA
OSTENTAR
OSTENTARA
OSTENTARAO
OU
OUCA
OUCAM
OUCAMOS
OUCO
OURA
OURAS
OURO
OUROS
OUSA
OUSADA
OUSADIA
OUSE
OUSEI
OUTRA
OUTRAS
OUTRO
OVA
OVAIS
OVAS
OVO
PA
PAI
PAIRE
PAR
PARA
PARAR
PARAREI
PARE
PAREI
PARO
PARRA
PARTA
PARTO
PATENTE
PATENTEADA
PATENTEADO
PATENTEADOS
PATENTES
PE
PEN
PENA
PENAIS
PENAS
PENE
PENEDIA
PENEDIAS
PENIS
PER
PERA
PERANTE
PERNA
PERO
PERRA
PERRO
PI
PIA
PIAR
PIAS
PIE
PIES
PING
PINGA
PINGO
PINGOS
PINTA
PINTAR
PINTARA
PINTARAO
PINTE
PINTO
PINTOR
PINTORA
PIRES
PISA
PISE
PRE
PRECE
PRECEDA
PRECEDE
PRECEDEU
PRECEDIA
PRECES
PRECO
PRECOS
PREDIAL
PREENSAO
PRENSA
PRENSAR
PRESA
PRESENCA
PRESENTA
PRESENTAR
PRESO
PRETA
PRETENSA
PRETENSAO
PRETENSO
PRETO
PRETOR
PRETORIANA
PRETORIANO
PRETOS
PSI
PUM
PUNE
RA
RACA
RACAO
RACAS
RAIA
RAIANA
RAIANAS
RAIANO
RAIANOS
RAIAS
RAINHA
RAINHAS
RAIO
RAIOS
RALE
RALES
RALI
RALIS
RALO
RALOS
RAMA
RAMAL
RAMAS
RAMO
RAMOS
RAP
RAPE
RARA
RARAS
RAREAR
RAREIA
RARO
RAROS
RAS
RASA
RASAM
RASCA
RASGA
RASGADA
RASGADAS
RASGADO
RASGADOS
RASGAO
RASGO
RASGOS
RASO
RASTEIO
RASTO
RASTREAR
RATA
RATAO
RATAS
RATE
RATEIO
RATES
RATO
RE
REACCAO
REACTOR
REAIS
REAL
REALCE
REATA
REATADA
REATADAS
REATADO
REATADOS
REATAM
REATAR
REATARA
REATARAM
REATARIA
REATE
RECADO
RECADOS
RECAI
RECAIDA
RECAIDAS
RECAIDO
RECASADOS
RECATADA
RECATADAS
RECATADO
RECATADOS
RECATO
RECEADA
RECEADO
RECEADOS
RECEAR
RECEARA
RECEIA
RECEIE
RECEIES
RECEIO
RECEIOS
RECEITA
RECEITAR
RECEM
RECENSAO
RECENSEADA
RECENSEADAS
RECENSEADO
RECENSEADOR
RECENSEADORA
RECENSEADORAS
RECENSEADOS
RECENSEIA
RECIBO
RECIBOS
RECLAMA
RECLAMACAO
RECLAMAR
RECLAMO
RECLAMOU
RECO
RECOLAR
RECOLOCA
RECOLOCACAO
RECONSIDERE
RECONSIDEREI
RECORRA
RECORRE
RECORRER
RECORRERA
RECORRERIA
RECORRI
RECORRIA
RECORRIDA
RECREIO
RECREIOS
RECRIE
RECRIEI
RECRIEM
RECTA
RECTAS
RECTO
RECTOS
RECUA
RECUADA
RECUADAS
RECUADO
RECUADOS
RECUAM
RECUAMOS
RECUAR
RECUARA
RECUARAM
RECUARAO
RECUARIA
RECUE
RECUEI
RECUO
RECUSA
RECUSADA
RECUSADO
RECUSE
RECUSEI
RECUSO
RECUSOU
REDE
REDEA
REDES
REDIGE
REDIGI
REDIGIA
REDOMA
REDOR
REENCARNA
REENCARNACAO
REFACA
REGA
REGAR
REGATA
REGATO
REGO
REGRA
REGRANTE
REGRANTES
REI
REINA
REINAR
REINARA
REINARAO
REINE
REINO
REINOS
REIS
REITERE
RELAIS
REMO
REMOI
REMOS
REMOVA
REMOVE
REMOVIA
REMOVIDA
REMOVIDAS
REMOVIDO
REMOVIDOS
RENA
RENAIS
RENAL
RENAS
RENOVA
RENOVAM
RENOVO
RENTE
RENTES
REPARA
REPARO
REPARTA
REPINTAR
REPINTE
REPITA
REPREENSAO
REPRESA
REPRESADA
REPRESADO
REPRESENTA
REPRESENTAR
REPRESENTARA
REPRESENTARAO
REPRESENTO
RES
RESIDO
RESMA
RESMAS
RESTA
RESTAM
RESTAR
RESTARA
RESTARAM
RESTARAO
RESTARIA
RESTAURA
RESTAURACAO
RESTAURAM
RESTAURAMOS
RESTAURE
RESTAURO
RESTAUROS
RESTE
RETENCAO
RETINA
RETINTA
RETINTO
RETOCA
RETOMA
RETOMAR
RETOMARA
RETOMARIA
RETOMAS
RETOMO
RETOMOU
RETRACA
RETRACTOU
RETRAI
RETRAIDA
RETRAIDO
RETRAIDOS
RETRAIR
RETRAIRAM
REU
REUS
RI
RIA
RIAIS
RIAS
RICO
RICOS
RIDE
RIDES
RIDO
RIEM
RIM
RIMO
RIMOS
RINS
RIO
RIOS
RIPA
RIPAR
RIR
RIRA
RIRAM
RIRAO
RIRES
RIS
RISCO
RISCOS
RISO
RO
ROA
ROAM
ROCA
ROCAM
ROCAR
ROCARAM
ROCARIA
ROCAS
ROCE
ROCOU
RODA
RODADA
RODADAS
RODADO
RODADOS
RODE
RODEADA
RODEADAS
RODEADO
RODEADOS
RODEI
RODEIA
RODELA
RODELAS
ROER
ROERAM
ROGA
ROGAR
ROI
ROIA
ROIDA
ROIDAS
ROIDO
ROIDOS
ROL
ROLA
ROLAM
ROLAO
ROLAS
ROLE
ROLETA
ROLETAS
ROLO
ROMA
ROMARIA
ROMARIAS
ROMAS
ROSA
ROSADA
ROSADAS
ROSADO
ROSADOS
ROSAL
ROSAS
ROSCA
ROSNA
ROSNAR
ROSSIO
ROTA
ROTACAO
ROUCA
ROUCAS
RUA
RUAS
RUCA
RUCAS
RUCO
RUFA
RUFO
RUM
RUMA
RUMAR
RUMARA
RUMARIA
RUMO
RUMOR
RUMOS
RURAL
SA
SABIA
SABIAS
SACA
SACAM
SACAR
SACARAM
SACO
SACOU
SACRA
SACRO
SADIA
SADIAS
SADICO
SADICOS
SADINA
SADINAS
SADIO
SADIOS
SADO
SAFE
SAFEI
SAFO
SAFOS
SAFOU
SAGA
SAGE
SAI
SAIA
SAIAS
SAIBA
SAIBAS
SAIDA
SAIDAS
SAIDO
SAIDOS
SAIMOS
SAIO
SAIR
SAIRA
SAIRAM
SAIRAMOS
SAIRAO
SAIREI
SAIRES
SAIRMOS
SAIS
SAL
SALDA
SALDADA
SALDADAS
SALDADO
SALDADOS
SALDE
SALDO
SALEIRO
SALESIANO
SALESIANOS
SALOIA
SALSA
SALTA
SALTADO
SALTAM
SALTO
SALTOS
SAM
SAN
SANA
SANE
SANEIA
SANEIE
SANHA
SANIDADE
SANITA
SANO
SANTA
SANTIDADE
SANTIDADES
SAO
SAOS
SARA
SARAM
SARAR
SARARAM
SARAU
SARE
SARIANA
SARIANO
SARRO
SAS
SATA
SATIS
SATURA
SATURACAO
SATURAM
SATURAR
SATURE
SAUDA
SAUDADA
SAUDADE
SAUDADES
SAUDADO
SAUDADOS
SAUDE
SAUDEI
SAUDES
SAUDITA
SAUDITAS
SAUDO
SAUDOSA
SAUDOU
SAVEL
SCANNER
SCANNERS
SE
SEARA
SECA
SECADO
SECADOS
SECAM
SECO
SECOS
SECRETA
SECRETO
SECTOR
SECTORIAIS
SECTORIAL
SEDA
SEDADO
SEDE
SEDES
SEDIAR
SEGA
SEI
SEIO
SEIOS
SEIS
SEITA
SEIVA
SELA
SELAM
SELAMOS
SELAR
SELARA
SELARIA
SELAS
SELO
SELOS
SELVA
SELVAS
SEM
SEMITA
SEMITAS
SENA
SENAO
SENAOS
SENAS
SENIS
SENO
SENSO
SENSOR
SENSORIAIS
SENSORIAL
SENTA
SENTADA
SENTADAS
SENTADO
SENTADOS
SENTAR
SENTARA
SENTARAO
SENTAREI
SENTE
SENTI
SENTIA
SENTIDA
SENTIDAS
SENTIDO
SENTIDOS
SENTIR
SENTO
SER
SERA
SERAO
SERAS
SEREI
SEREIA
SERENA
SERENAR
SERENATA
SERENE
SERENO
SERIA
SERIAIS
SERIAL
SERIAR
SERIAS
SERICO
SERIE
SERIES
SERRA
SERRAM
SERRANA
SERRANIA
SERRANIAS
SERRANO
SERRANOS
SERRAR
SERRARAM
SERRAS
SERROTE
SERROTES
SERTA
SERVA
SERVE
SERVO
SETA
SETE
SETENTA
SEU
SEUS
SEVICIA
SEVICIAS
SI
SIDAS
SIDO
SIDOS
SIDRA
SIGA
SIGILO
SIGILOSA
SIGILOSAS
SIGNO
SIGNOS
SIGO
SILICIO
SILO
SILOS
SILVA
SILVADO
SILVADOS
SILVAS
SILVO
SILVOS
SIM
SIMIO
SIMIOS
SIMOES
SINA
SINAIS
SINAL
SINEDRIO
SINHA
SINO
SINOS
SIR
SIRENE
SIRIA
SIRIAS
SIRIO
SITE
SITES
SITIA
SITIAM
SITIAR
SITIO
SITIOS
SITO
SLOGAN
SLOGANS
SNOB
SNOBISMO
SNOBISMOS
SO
SOA
SOAM
SOAR
SOARA
SOARIA
SOB
SOBRE
SOBREM
SOBRES
SOCIA
SOCIAS
SODA
SODIO
SOE
SOFA
SOFAS
SOIS
SOL
SOLA
SOLAR
SOLARES
SOLAS
SOLDA
SOLDADA
SOLDADAS
SOLDADO
SOLDADOS
SOLEIRA
SOLEIRAS
SOLICITA
SOLICITAM
SOLICITAMOS
SOLICITAS
SOLICITE
SOLIDA
SOLIDAS
SOLIDO
SOLIDOS
SOLTA
SOLTAM
SOLTE
SOM
SOMA
SOMALI
SOMALIS
SOMAR
SOMARA
SOMARIA
SOMATICO
SOMATICOS
SOME
SOMEI
SOMO
SOMOU
SONAR
SONARES
SONO
SONOS
SONS
SONSA
SONSAS
SONSO
SOR
SORO
SORRI
SORRIA
SOS
SOSIA
SOSIAS
SOU
SOVA
SOVADA
SOVADO
SOVADOS
SOVAS
SPIN
SUA
SUADA
SUADO
SUADOS
SUAO
SUCEDA
SUCEDE
SUCEDI
SUCEDIA
SUCO
SUCOS
SUE
SUECO
SUECOS
SUES
SURTA
SURTE
SURTIA
SURTIR
TA
TACA
TACAO
TACAS
TACO
TACTEIA
TACTEIAM
TACTO
TAFETA
TAIS
TAL
TALE
TALES
TALIO
TALO
TALOS
TANSO
TANTA
TANTO
TANTOS
TAO
TAPE
TARA
TARAS
TARECO
TAREIA
TARO
TARSO
TARTARA
TARTARO
TASCA
TASCO
TASCOS
TATU
TATUAR
TAU
TE
TEATRAIS
TEATRAL
TECA
TECAM
TECE
TECEDEIRA
TECER
TECERIA
TECEU
TECLA
TECLAMOS
TECLAR
TECLAS
TECLE
TECO
TECTO
TECTOS
TEDIO
TEDIOS
TEIA
TEIAS
TEIMA
TEIMADO
TEIMAS
TELA
TELAO
TENCAO
TENOR
TENORES
TENRO
TENS
TENSA
TENSAO
TENSO
TENTA
TENTAR
TENTARA
TENTARAO
TENTAREI
TENTE
TENTES
TENTO
TENTOS
TEOR
TEORES
TER
TERA
TERAO
TERAS
TERCA
TERCAM
TERCAR
TERCARAM
TERCAS
TERCO
TERCOU
TEREI
TERES
TERIA
TERRINA
TESA
TESAO
TESE
TESO
TETA
TETAS
TETE
TETUM
TEU
TEUS
TI
TIA
TIARA
TIAS
TIDA
TIDAS
TIDO
TIDOS
TIFO
TIFOSO
TIL
TILIA
TILIAS
TIM
TIMO
TINA
TINAS
TINTA
TINTAS
TINTO
TIO
TIOS
TIPA
TIRE
TIRES
TITA
TITAS
TIVE
TO
TOA
TOCA
TOCO
TODA
TODAS
TODO
TODOS
TOLA
TOLAS
TOLDA
TOLDADA
TOLDADAS
TOLDADO
TOLDADOS
TOLDE
TOLERA
TOLERAM
TOLERE
TOLERO
TOLO
TOM
TOMA
TOMAR
TOMARA
TOMAREI
TOMARES
TOMARIA
TOMAS
TOMATE
TOMO
TOMOU
TONE
TONEL
TORA
TORCE
TORCO
TORNA
TORNAR
TORNARA
TORNARAO
TORNAREI
TORRA
TORRAR
TORRE
TORRES
TORRIDA
TOSCA
TOSCANA
TOSCANO
TOSCO
TOSSIA
TOTAIS
TOUCA
TOUREIA
TOUREIAM
TOUREIO
TOUREIOS
TOURO
TRACA
TRACAM
TRACAMOS
TRACAR
TRACARA
TRACAS
TRACCAO
TRACE
TRACEI
TRACO
TRACOU
TRACTOR
TRAGO
TRAI
TRAIA
TRAIDA
TRAIDO
TRAIDOR
TRAIDORA
TRAIDORAS
TRAIDOS
TRAIR
TRAIRA
TRAIRAM
TRAMA
TRAMAR
TRAMAS
TRAMO
TRAMOU
TRANCA
TRANSCORRIDA
TRANSE
TRANSIGE
TRANSIGIA
TRANSIGIDO
TRANSIGIR
TRANSIGIRAM
TRANSMUTA
TRANSMUTAM
TRANSMUTAR
TRARA
TRARAO
TRARIA
TRAS
TRASEIRA
TRASEIRAS
TRASEIRO
TRASEIROS
TRATE
TRATEI
TRAUMA
TRAUMAS
TREINA
TREINAR
TREINARA
TREINARAO
TRELA
TRELAS
TRENO
TRENOS
TRENS
TRES
TRETA
TRETAS
TREVO
TRINAR
TRINTA
TRINTAO
TRIPA
TRIPE
TROAR
TROCA
TROCAM
TROCAMOS
TROCAR
TROCARA
TROCARAM
TROCARAO
TROCARIA
TROCAS
TROCO
TROCOU
TRUFA
TRUTA
TRUTAS
TU
TUA
TUAS
TUCANO
TUFA
TUFAO
TUFO
TUM
TUMOR
TUMORAL
TURCA
TURCAS
TURCO
TURRA
TURRAS
UFA
UI
UM
UMA
UMAS
UNE
UNI
UREIA
URETRA
URINA
URINAR
URRA
URRAR
URRAS
URSA
URSO
USA
USADA
USADO
USE
USEI
USO
USOU
USURPA
USURPAR
USURPARA
UTERO
VA
VADIA
VADIAM
VADIAS
VADIO
VADIOS
VAI
VAIDOSA
VAIDOSAS
VAIDOSO
VAIDOSOS
VAIO
VAIS
VAO
VAOS
VAS
VASA
VASCO
VASO
VASOS
VE
VEADO
VEADOS
VEIA
VEIAS
VEIO
VEIOS
VELO
VENCE
VENCO
VER
VERA
VERANEIA
VERAO
VERAS
VERES
VERSA
VERSAM
VERSAO
VERSE
VERSO
VERTA
VES
VETA
VETAM
VETAR
VETE
VETO
VIA
VIAS
VICIA
VICIO
VICIOS
VICIOSA
VICIOSAS
VICOSA
VICOSAS
VIDA
VIDAS
VIDE
VIDES
VIES
VIL
VILA
VILAO
VILOES
VIOLA
VIOLAM
VIOLE
VIOLETA
VIS
VISA
VISADA
VISADAS
VISADO
VISADOS
VISAS
VISE
VISO
VISOR
VISTA
VISTAM
VISTE
VITAE
VITAL
VITELA
VITELO
VITELOS
VOA
VOAR
VOARA
VOCACAO
VOCE
VOCES
VOE
VOEI
VOLT
VOMITA
VON
VOO
VOS
VOTA
VOTACAO
VOTAM
VOTANTE
VOTANTES
VOTAR
VOTARA
VOTARAO
VOTAREI
VOTAS
VOTE
XA
XIISMO
ZE
ZELA
ZELAR
ZELARA
ZELO
ZELOS
