A
ABRI
ABRIR
ACARICIA
ACARICIOU
ACCAO
ACCOES
ACEDA
ACEDAM
ACEDI
ACEDIA
ACEDIAM
ACENA
ACENADA
ACENADO
ACENADOS
ACENAR
ACENDA
ACENDE
ACENDER
ACENDERA
ACENDERAM
ACENDERAO
ACENDEU
ACENDI
ACENDIA
ACENO
ACENOS
ACENOU
ACERCA
ACERCAR
ACERCOU
ACERTE
ACERTEI
ACESA
ACESO
ACIDA
ACIDAS
ACIDO
ACIDOS
ACIRRA
ACIRRAM
ACIRROU
ACNE
ACO
ACOR
ACORDA
ACORDAO
ACORDAOS
ACORDAR
ACORDARA
ACORDARAO
ACORDARIA
ACORDARMOS
ACORDAS
ACORDE
ACORDEAO
ACORDO
ACORDOS
ACORIANA
ACORIANAS
ACORIANO
ACORIANOS
ACORRA
ACORRAM
ACORRE
ACORREU
ACORRI
ACORRIA
ACORRIDO
ACOS
ACRE
ACUCAR
ACUCARADA
ACUCARADAS
ACUDA
ACUDE
ACUDI
ACUDIA
ACURADA
ADE
ADESAO
ADI
ADIA
ADIADA
ADIADAS
ADIADO
ADIADOS
ADIAM
ADIAMOS
ADIAR
ADIARA
ADIARAO
ADIARIA
ADIARMOS
ADIE
ADIEI
ADIOU
ADIRA
ADIRO
ADITA
ADITO
ADITOU
ADO
ADORA
ADORACOES
ADORAM
ADORAR
ADORE
ADORO
ADOROU
ADRO
ADROS
ADUELA
ADULAR
ADULARAM
AEROGRAMAS
AGI
AGIA
AGIR
AGIRA
AGIRAO
AGIRIA
AGORA
AGOURO
AGRO
AGRURA
AGRURAS
AGUA
AGUAR
AGUARDA
AGUARDAR
AGUARELA
AGUCA
AGUCAM
AGUCAR
AI
AIA
AIAS
AIDA
AINDA
AIO
AIPO
AIROSA
AIROSO
AIS
ALA
ALAR
ALAUDE
ALE
ALEA
ALI
ALIA
ALIAS
ALICIA
ALICIAR
ALICIARA
ALICIE
ALIE
ALIOU
ALISA
ALISADAS
ALISADO
ALISAR
ALISOU
ALO
ALOURAR
ALTA
ALTAS
ALUCINAR
ALUDA
ALUDE
ALUDI
ALUDIA
ALUNA
ALUNAR
AMA
AMAGO
AMAR
AMARA
AMARGO
AMARGOR
AMARGOU
AMARGURA
AMARGURADA
AMARGURADAS
AMARGURAR
AMAROU
AMARRA
AMARRAR
AMARROU
AMAS
AME
AMO
AMOR
AMORA
AMORAIS
AMORAS
AMORES
AMOS
AMOSTRA
AMOSTRADAS
AMOSTRAS
AMUA
AMUAR
AMUO
AMUOS
AMURADA
ANA
ANAIS
ANAL
ANALISA
ANALISADA
ANALISADAS
ANALISADO
ANALISADOR
ANALISADORES
ANALISADOS
ANALISAR
ANALISARA
ANALISARAO
ANALISARIA
ANALISO
ANALISOU
ANAO
ANAS
ANCA
ANCAS
ANCIA
ANCIAO
ANCIAOS
ANCIAS
ANDA
ANDAI
ANDAR
ANDARA
ANDARAM
ANDARAO
ANDARMOS
ANDAS
ANDE
ANDINA
ANDINAS
ANDINO
ANDINOS
ANEIS
ANIS
ANO
ANOES
ANOS
ANSIA
ANSIADA
ANSIADAS
ANSIADO
ANSIADOS
ANSIAR
ANSIAS
ANUAL
ANULA
ANULAR
ANULARA
ANULARAM
ANULARAO
ANULARIA
ANULE
AO
AORTA
AOS
APITA
APITE
APLANA
APLANADAS
APLANADO
APLANADOS
APLANOU
APLICO
APLICOU
APOE
APOS
APOSTA
APOSTO
APTA
APTAS
AR
ARA
ARADA
ARADO
ARADOS
ARAME
ARAMES
ARAR
ARARA
ARAS
ARCA
ARCAICO
ARCAICOS
ARCAR
ARCARA
ARCARIA
ARCAS
ARCO
ARCOS
ARCOU
ARDA
ARDE
ARDER
ARDERA
ARDERAM
ARDEU
ARDIA
ARDINA
ARDINAS
ARDIS
ARDOR
ARDORES
ARDUA
ARE
AREA
AREAL
AREAS
AREIA
AREIAS
ARENA
ARENAS
ARENOSA
ARENOSO
ARES
ARESTA
ARIA
ARIANA
ARIANAS
ARIANO
ARIANOS
ARIAS
ARIDA
ARIDAS
ARIDO
ARIDOS
ARMA
ARMACOES
ARMADURA
ARMADURAS
ARMAR
ARMAS
ARME
ARMES
ARO
AROMA
AROMAS
AROS
ARRAIA
ARRAIAIS
ARRAIS
ARRANCA
ARRANCAR
ARRANCARA
ARRANCARIA
ARRE
ARREAR
ARREDA
ARREDAR
ARRIADA
ARRIADAS
ARRIAR
ARROGA
ARROGAM
ARROGAR
ARRUACA
ARRUACAS
ARRUACEIRA
ARRUACEIRAS
ARRUDA
ARRUMA
ARRUMACOES
ARRUMAR
ARRUMARA
ARRUME
ARRUMO
ARTE
ARTES
AS
ASA
ASCO
ASES
ASIA
ASILO
ASILOS
ASMA
ASNEIRA
ASNEIRAS
ASNO
ASO
ASTRO
ASTROS
ASTUCIA
ASTUCIAS
ASTUCIOSA
ASTUCIOSO
ATA
ATADA
ATADAS
ATADO
ATADOS
ATAR
ATARA
ATARAM
ATARDA
ATE
ATESTA
ATESTE
ATICA
ATIRA
ATIRADA
ATIRADAS
ATIRADICO
ATIRADO
ATIRADOR
ATIRADORA
ATIRADORAS
ATIRADORES
ATIRADOS
ATIRO
ATLAS
ATO
ATOIS
ATRAI
ATRAIA
ATRAICOA
ATRAICOAM
ATRAICOAR
ATRAIDA
ATRAIDAS
ATRAIDO
ATRAIDOS
ATRAIR
ATRAIRA
ATRAIRMOS
ATRAS
ATRASA
ATRASADA
ATRASADAS
ATRASADO
ATRASADOS
ATRASE
ATRASO
ATRASOU
ATRIO
ATRIOS
ATROADOR
AUDACIA
AUDACIAS
AUDACIOSA
AUDIENCIA
AUDIENCIAS
AUDIO
AULA
AURA
AURAS
AUREA
AUREAS
AURORA
AURORAS
BANA
BANDA
BAR
BASCA
BASCAS
BASCO
BASE
BASES
BE
BECO
BECOS
BEM
BIDAO
BIDE
BIDES
BILIAO
BILIAR
BILIARES
BILIOES
BILIOSA
BILIS
BIS
BISA
BISCA
BISCO
BIT
BITS
BRADA
BRADAR
BRADARAM
BRANDA
BRASOES
CA
CACE
CACEM
CACO
CACOS
CADELA
CADUCA
CADUCAR
CADUCARIA
CADUCAS
CAI
CAIA
CAIADA
CAIADAS
CAIADO
CAIADORES
CAIADOS
CAIAM
CAIAMOS
CAIAR
CAIAS
CAIDA
CAIDAS
CAIDO
CAIDOS
CAIO
CAIR
CAIRA
CAIRAO
CAIREI
CAIRIA
CAIRMOS
CAIRO
CAIS
CAIU
CAL
CALA
CALAO
CALAR
CALARA
CALARAM
CALARAO
CALE
CALUNIA
CALUNIADA
CALUNIADO
CALUNIADOR
CALUNIADORES
CALUNIADOS
CALUNIAR
CALUNIAS
CALUNIEI
CAMA
CAMARA
CAMARAS
CAMARATA
CAMARATAS
CAMAS
CAMOES
CAMURCA
CANCER
CANDURA
CANECA
CANECAS
CANECO
CANECOS
CANICAL
CANICO
CANICULA
CANINA
CANINAS
CANINO
CANINOS
CANIS
CAO
CAOS
CAPE
CAPITA
CAPITAL
CAPITANEIA
CAPITANEOU
CAPITANIA
CAPITANIAS
CAPITAO
CAPO
CAPTA
CAPTE
CARA
CARAO
CARAS
CARDAN
CARDAR
CARDAS
CARDEAL
CARDINAIS
CARDO
CARECA
CARECAM
CARECIA
CARENA
CARENCIA
CARENCIAS
CARGO
CARIADOS
CARICIA
CARICIAS
CARIDOSA
CARIE
CARMESIM
CARMO
CARO
CAROS
CARRANCA
CARRANCAS
CARRAO
CARREAR
CARRICO
CARRO
CARROCA
CARROCARIA
CARROCARIAS
CARROS
CARTE
CARTES
CARUMA
CASCO
CASCOS
CASE
CASEM
CASES
CASO
CASOS
CASTO
CASTOS
CATA
CATALISA
CATALISADAS
CATALISADO
CATALISADOR
CATALISADORA
CATALISADORAS
CATALISADORES
CATALISAR
CATALISOU
CATANA
CATANADA
CATANADAS
CATANAS
CAUCAO
CAUCOES
CAUDA
CAUDAIS
CAULE
CE
CEAR
CEDA
CEDAM
CEDI
CEDIA
CEDIAM
CEDRO
CEDULA
CEIA
CEIAS
CELA
CEM
CENA
CENARIO
CENARIOS
CENAS
CENICA
CENICAS
CENICO
CENICOS
CENOURA
CENOURAS
CENSO
CENSOR
CERA
CERAS
CERCA
CERCADURA
CERCANIA
CERCANIAS
CERCAR
CERCO
CERCOS
CERCOU
CERRA
CERRAM
CERRAR
CERRO
CERROU
CESIO
CESTA
CESTO
CESTOS
CEU
CIANO
CIDRA
CIENCIA
CIENCIAS
CILIOS
CIO
CIOSA
CIOSO
CIRCO
CIRCOS
CIRCULA
CIRCULAR
CIRCULARA
CIRCULARAM
CIRCULARAO
CIRCULE
CIRCUNDA
CIRCUNDAR
CIRIO
CIRIOS
CIRROSE
CIRROSES
CISCO
CISOES
CITA
CITADA
CITADAS
CITADO
CITADOS
CITAR
CITARA
CITARAM
CITARAO
CITARAS
CITARIA
CITARMOS
CITAS
CITO
COA
COADA
COAR
COCA
COCAINA
COCAM
COCAR
COESA
COICE
COICES
COISA
COISO
COITA
COLA
COLAS
COLIDA
COLIDE
COLIGE
COLIGIDA
COLIGIDAS
COLIGIU
COLISAO
COLITE
COM
COMA
COME
COMECA
COMECAM
COMECAMOS
COMECAR
COMECARMOS
COMECAS
COMEDIA
COMEDIAS
COMES
CONDAO
CONE
CONSECUCAO
CONSIDERA
CONSIDERAM
CONSIDERAMOS
CONSIDERAR
CONSIDERARA
CONSIDERARAO
CONSIDERARIA
CONSIDERARMOS
CONSIDERO
CONSIDEROU
CONSOADA
CONSOADAS
COR
CORA
CORACOES
CORADA
CORADAS
CORAIS
CORAM
CORAR
CORARIA
CORCA
CORCEL
CORDA
CORDAO
CORDAS
CORDATA
CORDATAS
CORDEL
CORDIAIS
CORDOARIA
CORE
CORNADA
CORO
COROA
COROADA
COROADAS
COROAM
COROAR
COROARA
COROARAM
COROARIA
COROAS
COROS
CORRA
CORRAM
CORRE
CORREU
CORRI
CORRIA
CORRIDA
CORRIDAS
CORRIDO
CORRIDOS
CORRO
CORROA
CORROI
CORROIDA
CORROIDAS
COSA
COSE
COSEDURA
COSEM
COSI
COSIA
COSIDA
COSO
COTA
COTAS
COURACA
COURELA
COURO
COUROS
COUTE
CRANIANA
CRANIANAS
CRANIANO
CRANIANOS
CRE
CREIA
CRENCA
CRENCAS
CRER
CRI
CRIA
CRIADA
CRIADAS
CRIADO
CRIADOR
CRIADORA
CRIADORAS
CRIADORES
CRIADOS
CRIANCA
CRIANCAS
CRIANCICE
CRIAR
CRIARA
CRIARAO
CRIAREI
CRIARIA
CRIAS
CRIASTE
CRIE
CRIEI
CRINA
CRIO
CROATA
CROATAS
CROSTA
CRU
CRUA
CRUAS
CRUDE
CRUEL
CRUS
CU
CUCO
CUCOS
CUECA
CUME
CUMES
CURA
CURADA
CURADAS
CURAM
CURAMOS
CURAR
CURARAO
CURARIA
CURARMOS
CURAS
CURDA
CURDAS
CURE
CUREI
CURIA
CURIE
CURO
CUROU
CURRAIS
CURRAL
CURRICULAR
CURRO
CURSA
CURSAR
CURSARA
CURTE
CURTES
CUS
DA
DACIOS
DACOES
DAI
DAIS
DAMA
DAMAS
DAMOS
DAN
DANCA
DANCAR
DANCARA
DANCARIA
DANCAS
DANCE
DANCEI
DANCO
DANCOU
DANO
DANOS
DANOSO
DAO
DAR
DARA
DARAO
DARAS
DARDO
DARDOS
DARIA
DARMOS
DAS
DATA
DATAR
DATARA
DATARAM
DATAS
DATE
DE
DEAO
DEBIL
DEBILITOU
DEBITO
DEBITOS
DEBITOU
DECAI
DECAIA
DECAIU
DECORA
DECORACOES
DECORADA
DECORADAS
DECORAM
DECORAR
DECORARA
DECORARAO
DECORO
DECORRA
DECORRAM
DECORRIA
DECORRIDA
DECORRIDAS
DECORRIDO
DECORRIDOS
DEI
DEITA
DEITE
DEITES
DELA
DEMAO
DEMARCOU
DEMO
DEMORA
DEMORADA
DEMORADAS
DEMORAR
DEMORARA
DEMORARAO
DEMORO
DEMOS
DER
DERA
DERAM
DERRAME
DERRAMES
DERROGA
DERROGACOES
DERROGAR
DES
DESANDA
DESANDAR
DESCA
DESCAI
DESCE
DESCEU
DESCO
DESCORADA
DESONRA
DESONRADA
DESONRAM
DESONRAR
DESTE
DESTILOU
DESTOA
DESTOAM
DESTOAR
DESTOE
DESTRUI
DEU
DEZ
DIA
DIARIA
DIARIAS
DIARIO
DIARIOS
DIAS
DICA
DICCAO
DIETA
DIETAS
DILATA
DILATE
DINAR
DIRA
DITA
DITAS
DITE
DITO
DITOS
DITOSA
DITOU
DO
DOA
DOAR
DOARA
DOARIA
DOAS
DOI
DOIA
DOIRAR
DOM
DOMAR
DOR
DORES
DORICA
DORICO
DORSO
DOS
DOSA
DOSE
DOSEAR
DOSES
DRASTICA
DRASTICAS
DROGA
DUAL
DUAS
DUCAIS
DUCAL
DUM
DUMA
DUMAS
DUNA
DUO
DURA
DURACOES
DURAM
DURAO
DURAR
DURARIA
DURAS
DURE
DURMA
DURMO
DURO
DUROS
DUROU
E
ECO
ECOA
ECOADA
ECOAM
ECOAR
ECOS
ECRA
ECRAS
EDIL
EDIS
EDITA
EDITAIS
EDITAL
EDITE
EDITO
EDITOS
EDITOU
EDUCA
EDUCAR
EGIDE
EIA
EIRA
EIRAS
EIS
EITO
ELA
ELIDE
ELMO
ELO
ELOS
EM
EMITI
EMITIA
EMITIAM
EMITIDA
EMITIU
EMITO
EMOCAO
ENA
ENCARA
ENCARAR
ENCARTE
ENCARTES
ENCURRALA
ENCURRALAR
ENCURTE
ENDURECA
ENDURECAM
ENSAIA
ENSAIADA
ENSAIADAS
ENSAIADO
ENSAIADOR
ENSAIADORES
ENSAIADOS
ENSAIAR
ENSAIARA
ENSAIARAO
ENSAIE
ENSAIO
ENSAIOS
ENSAIOU
ENSINA
ENSINADELA
ENSINAR
ENSINARIA
ENSINARMOS
ERA
ERAM
ERAMOS
ERARIO
ERAS
ERG
ERMO
ERMOS
ERRA
ERRAM
ERRAMOS
ERRANCIA
ERRAR
ERRARA
ERRARMOS
ERRO
ERROU
ERUDITO
ERUDITOS
ES
ESCOA
ESCOAR
ESCONDA
ESCONDAS
ESCORA
ESCORADA
ESCORADAS
ESCORAM
ESCORAR
ESCUTE
ESCUTEI
ESGUIA
ESGUIAS
ESGUIO
ESGUIOS
ESMAGOU
ESMURRA
ESMURRAR
ESMURROU
ESPETA
ESPIA
ESPIAO
ESPIAS
ESPLANADA
ESPLANADAS
ESPOSA
ESTA
ESTADA
ESTADAS
ESTADIA
ESTADIAS
ESTADIO
ESTADO
ESTAI
ESTAO
ESTAR
ESTARA
ESTARAO
ESTARAS
ESTARIA
ESTE
ESTEIO
ESTEIOS
ESTICA
ESTICAO
ESTILO
ESTILOS
ESTIME
ESTIMEI
ESTIMO
ESTIO
ESTIRA
ESTIRADA
ESTIRADO
ESTIRADOR
ESTOU
ESTOURA
ESTOURAM
ESTOURO
ESTOUROU
ESTRADA
ESTRADAS
ESTRADO
ESTRIA
ESTRIADA
ESTRIADAS
ESTRIAS
ESTRUTURA
ESTRUTURAIS
ESTRUTURAR
ESTRUTURARA
ESTRUTURAS
ESTRUTURE
ESTRUTUREI
ESTURRICAR
ETANO
ETANOL
ETILICO
ETILICOS
EU
EURO
GAIA
GAIO
GAITA
GAITAS
GAMA
GAMAO
GAMAR
GAMAS
GAMO
GAMOS
GARCA
GARRA
GARRAIADA
GARRIDA
GARRIDAS
GARRIDO
GARRIDOS
GAS
GASES
GASOSA
GATA
GATAS
GATES
GAUDIO
GIL
GIRA
GIRADO
GIRAS
GIRIA
GIRIAS
GIRO
GIROS
GIZ
GLICERINA
GLOSA
GORA
GORAR
GORDA
GORDAS
GORDIO
GORDO
GORDOS
GORDURA
GORDURAS
GORE
GORRA
GORRO
GORROS
GRADE
GRADES
GRADUAR
GRAMA
GRAMAR
GRAMAS
GRAO
GRAU
GREI
GRES
GRETAS
GROSA
GROU
GRUA
GRUAS
GRUDA
GRUDE
GUARDA
GUARDAR
GUARDAS
GUIA
GUIAO
GUIAS
GUIE
GUIO
GUME
GUMES
IA
IAM
IAMOS
IAO
IAS
IATE
IATES
IBIDEM
IBIS
ICA
ICAR
ICARA
ICE
ICONE
ICOU
IDA
IDAS
IDE
IDEAL
IDEM
IDES
IDO
IDOS
IDOSA
ILESA
ILESO
ILIBE
ILIBEM
IMITO
IMITOU
IMOLOU
INACCAO
INALOU
INATA
INATAS
INCA
INCAS
INCENSADA
INCENSADO
INCENSADOS
INCENSAR
INCENSO
INCENSOU
INCINERA
INCINERAR
INCURIA
INCUTE
INDECORO
INDECOROSA
INDIA
INDIANA
INDIANAS
INDIANO
INDIANOS
INDIAS
INERCIA
INERTE
INERTES
INICIA
INICIAIS
INICIAL
INICIAS
INICIE
INICIO
INICIOS
INICIOU
INOCENCIA
INOCENCIAS
INSOLITA
INSOLITAS
IOES
IR
IRA
IRADA
IRADAS
IRADO
IRADOS
IRANIANA
IRANIANAS
IRANIANO
IRANIANOS
IRAO
IRAS
IRE
IREI
IREIS
IRIA
IRIAS
IRMA
IRMAO
IRMAOS
IRMAS
IRMOS
IRRA
IRRADIA
IRRADIAM
IRRADIAR
IRRADIARA
IRRADIOU
IS
ISCA
ISCO
ISCOS
ISOLA
ISTMO
ISTO
ITALIA
ITALICO
ITALICOS
JUIZ
JUIZES
JUS
LA
LACA
LACAR
LACAS
LACRAR
LACUNA
LACUNAR
LAIA
LAICO
LAICOS
LANCE
LANCEI
LANCEIA
LANCEOU
LANCO
LANCOS
LANCOU
LAR
LAS
LATA
LATAO
LATAS
LATE
LAUREAR
LE
LEAO
LEOA
LEOAS
LER
LERA
LERAM
LERAO
LES
LESA
LESAM
LESAO
LESAR
LESARA
LESE
LESOU
LEU
LI
LIA
LIAM
LIAMOS
LIBIA
LIBIAS
LIBIO
LIBIOS
LICENCA
LICENCAS
LICENCIA
LICENCIAR
LICENCIARA
LIDA
LIDAM
LIDAMOS
LIDAR
LIDARMOS
LIDAS
LIDE
LIDEM
LIDER
LIDES
LIGUE
LIGUEI
LIMO
LISA
LISO
LISTOU
LITIGIO
LITIGIOS
LITIGIOSO
LITIO
LO
LONA
LONAS
LOS
LOURA
LOURACA
LOURAS
LOURO
LOUROS
LUA
LUAR
LUCAS
LUCRA
LUCRAR
LUNAR
MA
MACE
MACEM
MACERAR
MACO
MACOS
MACRO
MADURA
MADURAS
MADURO
MADUROS
MAE
MAES
MAESTRA
MAESTRO
MAESTROS
MAGMA
MAGO
MAGRO
MAGROS
MAIA
MAIAS
MAIO
MAIONESE
MAIONESES
MAO
MAOS
MAR
MARCA
MARCAR
MARCARIA
MARCIAIS
MARCIANA
MARCIANAS
MARCIANO
MARCIANOS
MARCO
MARCOU
MARE
MAREAR
MARES
MAROSCA
MARRA
MARRAR
MARRECO
MARROU
MAS
MAU
ME
MECA
MECAM
MECAS
MECO
MEDA
MEDI
MEDIA
MEDIAM
MEDIAR
MEDIARA
MEDIAS
MEDIO
MEDIOS
MEDIOU
MEDITO
MEDITOU
MEDIU
MEDIUM
MEIO
MES
MESA
MESADA
MI
MIA
MIAS
MIL
MILITOU
MIO
MIOLO
MIOLOS
MISTO
MISTOS
MITO
MITOS
MITOSE
MO
MOA
MOAS
MOCA
MOCAO
MOCAS
MODA
MODAIS
MODAS
MODICA
MODICO
MOEDA
MOI
MOIDA
MOIDAS
MOIRA
MOIRO
MOLE
MOLES
MONA
MONDA
MONDAR
MONDAS
MONO
MOR
MORA
MORADA
MORADAS
MORADIA
MORADIAS
MORAIS
MORAR
MORARA
MORAS
MORDA
MORDIA
MORE
MORES
MORGADIO
MORNA
MORNAS
MORO
MOROU
MORRA
MORRI
MORRIA
MORRIDA
MORRO
MORSA
MORSE
MOS
MOSCA
MOSCAS
MOSTARDA
MOSTARDAS
MOSTRA
MOSTRADA
MOSTRADAS
MOSTRAS
MOSTRO
MUAR
MUARES
MUCO
MUCOSA
MUDA
MUDAR
MUDE
MUDEM
MUDEMOS
MUDES
MUI
MUITO
MUITOS
MURADA
MURADAS
MURAL
MURAR
MURCIANOS
MURO
MUROS
MURRO
MURROS
NA
NACO
NADA
NADAR
NADARA
NADARAM
NADAS
NADE
NADO
NAIPE
NAIPES
NAO
NAOS
NARRA
NARRACOES
NARRAM
NARRAR
NARRE
NARRO
NARROU
NAS
NASAL
NASCA
NASCE
NASCEM
NATA
NATAIS
NATAS
NEON
NICAS
NICE
NICO
NINAR
NINE
NO
NOCAO
NOME
NOMES
NORA
NORMA
NOS
NOUTRA
NOUTRAS
NU
NUA
NUCA
NULA
O
OCA
OCAS
OCIO
OCIOS
OCIOSA
OCRE
ODIAR
ODIARIA
OE
OICA
OICO
OIRO
OLA
OLE
OLEAR
OLEO
OLEOS
OLEOSA
OLEOU
OMITI
OMITIA
OMITIAM
OMITIDA
OMITIU
OMITO
ONDA
ONDAS
ONERA
ONERAR
OPAS
OPIO
OPTA
OPTE
ORA
ORACOES
ORADOR
ORADORA
ORADORAS
ORADORES
ORAI
ORAIS
ORAL
ORAM
ORAR
ORAS
ORCA
ORCAM
ORCAR
ORCARA
ORCARAO
ORCARIA
ORCAS
ORCE
ORCOU
ORDINARIA
ORDINARIAS
ORDINARIO
ORDINARIOS
ORE
ORGAO
ORLA
ORNA
ORNADA
ORNADAS
ORNAR
ORO
OROU
OS
OSGA
OSTRA
OSTRAS
OU
OUCA
OUCAM
OUCAMOS
OUCO
OURA
OURAS
OURO
OUROS
OUTRA
OUTRAS
PA
PADRE
PADRES
PAES
PAI
PAIO
PAIOIS
PAIOS
PAIRA
PAIRADO
PAIS
PAISANA
PAISANO
PAISES
PAO
PAS
PASTO
PATA
PATAS
PATIO
PATIOS
PATO
PE
PEOES
PEPITA
PEPITAS
PES
PESA
PESCO
PESE
PESEI
PESO
PESOS
PETA
PI
PIA
PIANO
PIANOS
PIAO
PIAS
PIE
PIEGUICE
PIES
PILA
PILAO
PILOSO
PIO
PIOR
PIORA
PIORADA
PIORADO
PIORADOS
PIORIA
PISA
PISADA
PISADAS
PISADO
PISADOS
PISAR
PISARA
PISARAO
PISARIA
PISO
PISOU
PITAO
PLANA
PLANADO
PLANADOR
PLANADORAS
PLANADORES
PLANAS
PLANE
PLANEIA
PLANEOU
PLANO
PLANOS
PLANOU
PO
POE
POES
POESIA
POETA
POETAS
POETISA
POS
POSA
POSE
POSEI
POSES
POSTA
POSTICO
POSTO
PRE
PREDITA
PREGUE
PREGUEI
PREGUICOSA
PREGUICOSO
PRESTE
PRESTEI
PRETA
PRETAS
PSI
PSICO
RA
RACA
RACAS
RACIAIS
RACICO
RACICOS
RACIO
RACIOS
RACOES
RADAR
RADIADOR
RADIADORES
RADIADOS
RADIAIS
RADICA
RADICAIS
RADICAR
RADICOU
RADIO
RADIOS
RADIOSA
RAIA
RAIADA
RAIADO
RAIADOS
RAIAM
RAIANA
RAIANAS
RAIANO
RAIANOS
RAIAR
RAIAS
RAIO
RAIOS
RAIOU
RALA
RALAR
RALARAM
RALE
RAMA
RAMAS
RAMO
RAMOS
RARA
RAREAR
RAREARAM
RAREIA
RARO
RAROS
RAS
RASA
RASAR
RASCA
RASCAS
RASO
RASOU
RASTEIO
RASTREIA
RASTREOU
RASTRO
RATA
RATADA
RATAO
RATARIA
RATAS
RE
REACENDA
REACENDIA
REAL
REATA
REATADA
REATADAS
REATADO
REATADOS
REATAR
REATARA
REATARIA
RECAI
RECAIR
RECAIRA
RECO
RECONSIDERA
RECONSIDERAM
RECONSIDERAR
RECONSIDERARA
RECONSIDERARIA
RECONSIDERARMOS
RECONSIDEROU
RECORDA
RECORDAR
RECORDARA
RECORDARAO
RECORDARIA
RECORDARMOS
RECORDAS
RECORDO
RECORRA
RECORRAM
RECORRI
RECORRIA
RECORRIDA
RECORRIDO
RECORRO
RECRIA
RECUA
RECUAM
RECUAMOS
RECUAR
RECUARA
RECUARAO
RECUARIA
RECUARMOS
RECUE
RECUEI
RECUO
RECUOS
REDACCAO
REDIGE
REDIGI
REDIGIA
REDIGIU
REESTRUTURA
REESTRUTURAR
REESTRUTURE
REGE
REGEU
REGIA
REGIAO
REGIAS
REGIDA
REGIDAS
REGIE
REGIO
REGIONAIS
REGIONAL
REGIOS
REGUE
REGUILA
REGUILAS
REI
REINA
REINADO
REINADOS
REINAR
REINARIA
REINICIA
REINICIE
REINICIO
REINICIOU
REINO
REINOS
REINOU
REIS
RENA
RENAIS
RENAL
RENAS
RENDA
RENDE
RENDER
RENDERA
RENDERAM
RENDERAO
RENDEU
RENDI
RENDIA
RES
RESMA
RESMAS
RESTA
RESTADO
RESTAR
RESTARA
RESTARAO
RESTARIA
RESTE
RESTIA
RESTRICAO
REU
REUNA
REUNE
REUNI
REUNIA
REUNIAO
REUNIDA
REUNIR
REUNIRA
REUNIREI
RI
RIA
RIAIS
RIAS
RICA
RICAS
RICO
RICOS
RIDO
RIO
RIOS
RIR
RIRA
RIRAO
RIS
RISTE
RO
ROA
ROAM
ROCA
ROCAM
ROCAR
ROCARIA
ROCAS
ROCE
RODA
RODAR
RODARA
RODARAO
RODARIA
RODAS
ROEM
ROGA
ROGAI
ROGAM
ROGAR
ROI
ROIA
ROIDA
ROIDAS
ROMA
ROMAS
RONDA
RONDAR
RONDAS
ROSA
ROSADA
ROSADAS
ROSADO
ROSADOS
ROSAL
ROSARIO
ROSCA
ROSCAS
ROSE
ROSEA
ROSEAS
ROSNA
ROSNADO
ROSNAR
ROSNOU
ROSTRO
ROUCA
ROUCO
ROUCOS
RUA
RUAS
RUCA
RUCAS
RUCO
RUDE
RUDES
RUELA
RUGA
RUGE
RUGIA
RUI
RUIA
RUIAM
RUM
RUMA
RUMAR
RUMARA
RUMARAO
RUME
RUMO
RUMOR
RUMORES
RUMOS
RURAIS
RURAL
SA
SACA
SACAR
SACARINA
SACIA
SACIADA
SACIADO
SACIADOS
SACIAR
SACO
SACOS
SACRA
SACRAS
SACRO
SACROS
SACUDA
SACUDIA
SADIA
SADIAS
SADICA
SADICO
SADIO
SADIOS
SADO
SAI
SAIA
SAIAM
SAIAMOS
SAIAS
SAIDA
SAIDAS
SAIDO
SAIDOS
SAIO
SAIR
SAIRA
SAIRAO
SAIREI
SAIRIA
SAIRMOS
SAIS
SAIU
SAL
SALTA
SALTE
SAM
SAMARRA
SAMURAI
SAN
SANA
SANADA
SANADAS
SANADO
SANADOS
SANAR
SANARAM
SANE
SANEIA
SANEOU
SANO
SANOU
SAO
SAOS
SAPO
SAPOS
SARA
SARADA
SARADAS
SARADO
SARAM
SARAU
SARCA
SARDA
SARDAO
SARDAS
SARE
SARNA
SATA
SATANAS
SATIRA
SATIRAS
SATIRICA
SATIRICAS
SATIRO
SATIS
SAUDA
SAUDACOES
SAUDAM
SAUDAMOS
SAUDAR
SAUDE
SAUDEM
SAUDEMOS
SAUDES
SE
SEARA
SEARAS
SECA
SECAM
SECAR
SECAS
SECO
SECOS
SECURA
SEDA
SEDAS
SEDIAR
SEGUE
SEGUI
SEGUIA
SEGURA
SEGURAR
SEGURARA
SEGURAS
SEGURE
SEGUREI
SEI
SEIO
SEIOS
SEITA
SEITAS
SELIM
SELO
SELOU
SEM
SENO
SER
SERA
SERAO
SERAS
SERMAO
SERMOS
SERODIA
SERODIAS
SERTA
SES
SESAMO
SESTA
SETA
SETAS
SEU
SI
SIBILOU
SICILIANA
SICILIANAS
SICILIANO
SICILIANOS
SIDERAL
SIDEROU
SIDRA
SILICONE
SILO
SILOS
SIM
SIMIO
SINA
SINAIS
SINAL
SINCERA
SINCERAS
SINISTRA
SINO
SIR
SITE
SITES
SITIA
SITIAM
SITIAR
SITIO
SITIOS
SITO
SITOS
SO
SOA
SOADO
SOAM
SOAR
SOARA
SOARAO
SOARES
SOARIA
SOCA
SOCAIS
SOCAR
SOCAS
SOCIA
SOCIAL
SOCIAS
SODA
SOE
SOEM
SOL
SOLA
SOLIDA
SOLIDAO
SOLIDAS
SOLIDEZ
SOLO
SOLTA
SOLTAS
SOLTE
SOM
SOMA
SOMAR
SOMARA
SOMARAO
SOMAS
SOME
SONAR
SONATA
SONATAS
SONDA
SONDAR
SONDARA
SONDARAM
SONECA
SONECAS
SONEIRA
SONO
SOPA
SOPAS
SOPE
SOR
SORNA
SORO
SORRI
SORRIA
SOS
SOSIA
SOU
SURTE
TA
TACITA
TACITAS
TAIPA
TAIS
TAL
TALIO
TALO
TALOS
TANAS
TANSO
TAO
TAPE
TAPES
TAPO
TARA
TARADA
TARADAS
TARADO
TARADOS
TARAS
TARDA
TARDIA
TARDIAS
TARDIO
TARDIOS
TARDO
TARO
TARSO
TASCO
TE
TEIA
TEIAS
TEPIDA
TEPIDAS
TER
TESA
TESAO
TESE
TESO
TESOS
TESTA
TESTE
TESTEI
TESTO
TETRARCA
TETRICA
TETRICAS
TETRICO
TETRICOS
TEU
TEZ
TI
TIA
TIARA
TIAS
TIBIA
TIBIAS
TICAO
TIDA
TIDAS
TIL
TILIA
TILIAS
TIM
TIMO
TIO
TIOS
TIPA
TIPAS
TIPO
TIPOS
TIRA
TIRADA
TIRADAS
TIRADO
TIRADOR
TIRADOS
TIRAS
TIRO
TIROS
TISANA
TISNADA
TISNADAS
TISNADO
TISNADOS
TITA
TITAS
TO
TOA
TOLO
TONE
TONEL
TOTAIS
TOURO
TOUROS
TRACA
TRACAR
TRACE
TRACEI
TRAI
TRAIA
TRAICAO
TRAIDA
TRAIDAS
TRAIDO
TRAIDOR
TRAIDORA
TRAIDORAS
TRAIDORES
TRAIDOS
TRAIR
TRAIRA
TRAIRMOS
TRARA
TRAS
TREINA
TREINADA
TREINADAS
TREINADO
TREINADOR
TREINADORA
TREINADORAS
TREINADORES
TREINADOS
TREINAR
TREINARIA
TREINARMOS
TREINO
TREINOS
TREINOU
TRENO
TRENOS
TRENS
TRES
TRIADA
TRICO
TRIENAL
TRINAR
TRINCA
TRINCAR
TRINCAS
TRIO
TRIOS
TROIANA
TROIANAS
TROIANO
TROIANOS
TU
TURCO
TURCOS
TURRA
TURRAS
TUTU
UCRANIANA
UCRANIANAS
UCRANIANO
UCRANIANOS
UI
UM
UMA
UMAS
UNA
UNE
UNI
UNIA
UNIAO
UNICA
UNICAS
UNICO
UNICOS
UNIDA
UNIR
UNIRA
URANICO
URDE
URDIA
UREIA
URICO
URINA
URINAR
URINARIA
URINARIAS
URINARIO
URINARIOS
URNA
URNAS
URRA
URRAR
URRAS
URRO
URROS
URROU
URSA
URSO
ZE
