A
ABERRACAO
ABERTA
ABERTO
ABORTA
ABORTAM
ABORTAR
ABORTARA
ABRE
ABREM
ABRI
ABRIA
ABRIAM
ABRO
ACARO
ACAROS
ACARTAR
ACASO
ACASOS
ACATE
ACATO
ACEDE
ACEDI
ACEDIA
ACENA
ACENADA
ACENAM
ACENAR
ACESO
ACESOS
ACESSO
ACESSORIA
ACESSORIAS
ACESSORIO
ACESSORIOS
ACESSOS
ACIDO
ACO
ACODE
ACODEM
ACOITA
ACOITADA
ACOITADAS
ACOITADO
ACOITAM
ACOITAR
ACOR
ACOS
ACOSSAR
ACOSSO
ACOSTA
ACOSTADA
ACOSTADO
ACOSTAM
ACOSTAR
ACUDA
ACUDE
ACUDES
ACURADO
ACUSE
ACUSEI
ACUSO
ADAPTA
ADAPTAM
ADAPTAR
ADAPTARA
ADAPTARAO
ADAPTARIA
ADAPTO
ADE
ADEJA
ADEJAR
ADEMAIS
ADERI
ADERIA
ADESAO
ADEUS
ADEUSES
ADI
ADIA
ADIADA
ADIADAS
ADIADO
ADIADOS
ADIAM
ADIANTE
ADIANTEI
ADIANTEM
ADIAR
ADIARA
ADIARAO
ADIE
ADIEI
ADIEM
ADIRA
ADIRAM
ADIRO
ADITA
ADITADA
ADITADO
ADITAR
ADITO
ADO
ADOBE
ADOBES
ADOCA
ADOCAR
ADORA
ADORE
ADOREI
ADORNA
ADORNAM
ADORO
ADRO
ADROS
AEREA
AEREAS
AEREO
AFERE
AFLORA
AFLORE
AFLOREM
AGE
AGENDA
AGENDAR
AGENDAS
AGENDE
AGENTE
AGES
AGI
AGIR
AGIRA
AGITE
AGORA
AGRA
AGRADA
AGRADAR
AGRADE
AGRADEM
AGRADO
AGRARIA
AGRARIAS
AGRARIO
AGRARIOS
AGRAVE
AGREGA
AGREGACOES
AGRESTE
AGRO
AH
AI
AIA
AIAS
AIDA
AIO
AIPO
AIROSA
AIROSAS
AIROSIDADE
AIROSO
AIROSOS
AIS
AJA
AJO
ALA
ALAR
ALARME
ALARMES
ALAS
ALASTRA
ALASTRE
ALASTREM
ALAUDE
ALAUDES
ALCE
ALO
ALTA
ALTAS
ALTISTA
ALTITUDE
ALTITUDES
ALTO
ALTOS
AMA
AMADA
AMADAS
AMAINE
AMAIS
AMAR
AMARA
AMARAR
AMARGA
AMARGAR
AMARRA
AMARRADA
AMARRADO
AMARRAS
AMARRE
AMARROTADA
AMARROTAR
AMAS
AME
AMEACA
AMEACADA
AMEACADO
AMEACADOR
AMEACADOS
AMEACAR
AMEACARA
AMEACARAO
AMEACAS
AMEACO
AMEADA
AMEI
AMEIA
AMIBA
AMO
AMOR
AMORA
AMORAIS
AMOREIRA
AMPARA
AMPARAR
AMPARE
ANA
ANAL
ANAO
ANAS
ANCA
ANCAS
ANDA
ANDADA
ANDADAS
ANDADO
ANDADOR
ANDADOS
ANDAI
ANDAIME
ANDAIS
ANDAM
ANDAR
ANDARES
ANDAS
ANDE
ANDEI
ANDEM
ANDEMOS
ANDO
ANDOR
ANDORES
ANEDOTA
ANEDOTARIO
ANEDOTAS
ANEIS
ANEMIA
ANEMIAS
ANHO
ANIS
ANO
ANOMIA
ANORMAIS
ANOS
ANSIA
ANSIADA
ANSIADAS
ANSIADO
ANSIANDO
ANSIAR
ANTA
ANTAO
ANTE
ANTENA
ANTI
ANTINOMIA
ANTINOMIAS
AO
AONDE
AORTA
AOS
APARA
APARAR
APARAS
APARTA
APARTAR
APARTARA
APATRIDA
APEAR
APELO
APERTA
APERTADA
APERTAM
APERTAO
APERTAR
APERTARA
APERTARIA
APERTAVA
APERTE
APERTO
APERTOS
APERTOU
APESAR
APIEDOU
APITA
APITADA
APITAM
APITAR
APITARA
APITAVA
APITE
APITEI
APITO
APITOS
APITOU
APRE
APRESA
APRESADA
APRESADAS
APRESADO
APRESADOS
APRESAR
APRESOU
APRESTA
APRESTAVA
APRIMORAR
APROUVE
APROUVER
APTA
APTAS
APTO
APURA
APURACAO
APURADA
APURADAS
APURADO
APURADOS
APURAR
APURARA
APURARAO
APURE
APUREI
APURO
APUROS
AR
ARA
ARADA
ARADO
ARADOS
ARAR
ARARA
ARARAS
ARAS
ARCA
ARCAR
ARCARA
ARCARAM
ARCAS
ARCO
ARCOS
ARCOU
ARCTICO
ARDA
ARDE
ARDEM
ARDER
ARDEU
ARDIA
ARDIAM
ARDINA
ARDOR
ARDORES
ARDUA
ARDUAS
ARDUO
ARDUOS
ARE
AREA
AREADO
AREAIS
AREAS
AREEIRO
AREIA
AREIAS
AREJA
ARENA
ARENAS
ARENGA
ARENGAS
ARENGAVA
ARENOSA
ARENOSAS
ARES
ARESTA
ARESTAS
ARESTO
ARGENTEA
ARGENTEO
ARGENTINA
ARGENTINO
ARIA
ARIAS
ARIDA
ARIDAS
ARISCA
ARISCO
ARMA
ARMACOES
ARMADA
ARMADAS
ARMAR
ARMARIA
ARMARIO
ARMARIOS
ARMAS
ARME
ARMES
ARO
AROMA
AROS
ARPAO
ARRACADOS
ARRAIA
ARRAIAIS
ARRAIS
ARRASA
ARRASADA
ARRASADAS
ARRASADO
ARRASADOR
ARRASADOS
ARRASAR
ARRASE
ARRASO
ARRASTO
ARRE
ARREADA
ARREADAS
ARREADO
ARREADOS
ARREAR
ARREDA
ARREDADA
ARREDEM
ARREDO
ARREDOR
ARREDORES
ARREDOU
ARREGACA
ARREGACAM
ARREGACAR
ARREIA
ARREIAM
ARREIO
ARRENDA
ARRENDAR
ARRENDATARIO
ARRENDATARIOS
ARRENDE
ARRENDEM
ARREPIA
ARREPIAM
ARREPIE
ARREPIO
ARRESTO
ARRIADA
ARRIADAS
ARRISCO
ARROBA
ARROGA
ARROGAR
ARROGARAM
ARROJA
ARROTA
ARROTAM
ARROTAR
ARRUACA
ARRUACAS
ARRUADA
ARRUADAS
ARRUDA
ARRUME
ARRUMEI
ARTE
ARTES
ARTISTA
ARTROSE
AS
ASA
ASAS
ASCESE
ASCO
ASES
ASIA
ASMA
ASNAS
ASNEIRA
ASNO
ASNOS
ASO
ASPA
ASPAS
ASPIRE
ASPIRO
ASSA
ASSADO
ASSADOR
ASSANDO
ASSAR
ASSARAM
ASSAVA
ASSEIO
ASSIM
ASSINA
ASSINAR
ASSINAREI
ASSINE
ASSINEI
ASSINO
ASSIRIO
ASSIRIOS
ASSIS
ASSISTA
ASSOA
ASSOAR
ASSOBIO
ASSOLA
ASTRAIS
ASTRAL
ASTRO
ASTROS
ATA
ATADA
ATADAS
ATADO
ATAM
ATAMANCADA
ATAMANCADO
ATAMANCAR
ATAPETADA
ATAPETAM
ATAPETAR
ATAR
ATARA
ATARDA
ATARDAR
ATARRACADA
ATARRACADO
ATARRACADOS
ATAUDE
ATAVA
ATE
ATEANDO
ATEAR
ATEARA
ATEARAM
ATEASSE
ATEAVA
ATEIA
ATEIAM
ATEIAS
ATEIE
ATEISMO
ATEISTA
ATENUE
ATERRA
ATERRADA
ATERRADAS
ATERRADO
ATERRAM
ATERRE
ATERREM
ATERRO
ATERROS
ATERROU
ATESTA
ATESTAR
ATESTARA
ATESTARAM
ATESTASSE
ATESTE
ATESTEM
ATEU
ATEUS
ATINA
ATINADA
ATINAR
ATINAVA
ATIPICA
ATIPICAS
ATIRA
ATIRADA
ATIRADAS
ATIRAM
ATIRAR
ATIRARA
ATIRAVA
ATIRO
ATITUDE
ATITUDES
ATLAS
ATO
ATOIS
ATOL
ATOLA
ATOLAR
ATOLAVA
ATOU
ATRACA
ATRACADA
ATRACADO
ATRACADOS
ATRACAM
ATRACAR
ATRACARA
ATRACARAO
ATRAEM
ATRAENTE
ATRAI
ATRAIA
ATRAIAM
ATRAICOA
ATRAICOAR
ATRAICOE
ATRAIDA
ATRAIDAS
ATRAIDO
ATRAIMOS
ATRAIR
ATRAIRA
ATRAIRAM
ATRAIS
ATRAS
ATRASA
ATRASADA
ATRASADAS
ATRASADO
ATRASADOS
ATRASAR
ATRASARA
ATRASARAO
ATRASARIA
ATRASASSE
ATRASE
ATRASEI
ATRASO
ATRASOS
ATRIO
ATRIOS
ATURE
ATURO
ATUROU
AURA
AURAS
AUREA
AUREAS
AURORA
AURORAS
AUSTERO
AUSTEROS
AUSTRAIS
AUSTRIA
AUTISTA
AUTO
AUTOPSIA
AUTOPSIAR
AUTOS
AVAL
AVARIA
AVARIAM
AVARO
AVAROS
AVE
AVEIA
AVERSAO
AVES
AVIA
AVIADA
AVIADAS
AVIADO
AVIADOR
AVIADORA
AVIADORAS
AVIADORES
AVIANDO
AVIAO
AVIAR
AVIAS
AVIEI
AVIONETA
AVIS
AVISA
AVISADA
AVISAR
AVISAREM
AVISASTE
AVISE
AVISEM
AVISO
AVISOS
AVISTA
AVISTADA
AVISTADAS
AVISTADO
AVISTANDO
AVISTAR
AVISTE
AVISTEI
AVISTEM
AVISTO
AVISTOU
AVO
AVOS
BABE
BAR
BARBEIA
BARBO
BARDO
BARDOS
BARIO
BE
BEBA
BEBI
BEBIA
BEBIAM
BEBIDA
BEBO
BEIJA
BEIJAR
BEIJARA
BEIJO
BEIRA
BEIRAO
BEJA
BERA
BERCO
BERMA
BERRA
BERRAO
BERRAR
BERRARIA
BERRAVA
BERRE
BERTO
BIBE
BIDAO
BIDE
BIENAL
BIPEDE
BIPEDES
BIS
BISA
BISADO
BISAR
BISNETO
BISNETOS
BOA
BOATARIA
BODA
BODAS
BOER
BOI
BOIA
BOINA
BOINAS
BOIOES
BOIS
BOM
BONA
BONDOSA
BONDOSAS
BONE
BONECO
BONECOS
BONS
BORRA
BORRAO
BORRAR
BORRAS
BORRASCA
BOSNIO
BOSSA
BOTA
BOTAM
BOTAR
BOVINA
BOVINAS
BRETOES
BREU
BREVE
BRIO
BROA
BRUTA
BRUTO
BRUTOS
CA
CADA
CADASTRADA
CADASTRADO
CADASTRO
CADEADO
CADEADOS
CADEIA
CADEIAS
CADEIRA
CADEIRAO
CAEM
CAES
CAGA
CAGAR
CAI
CAIA
CAIADA
CAIADO
CAIADORES
CAIAM
CAIAR
CAIAS
CAIDA
CAIDO
CAIEM
CAIO
CAIR
CAIRA
CAIRAM
CAIREI
CAIRO
CAIS
CAMA
CAO
CAOS
CAPA
CAPADO
CAPAO
CAPAS
CAPITA
CAPITAES
CAPITAIS
CAPITAL
CAPITAO
CAPITOA
CAPTA
CAPTAM
CAPTAR
CAPTARA
CAPTARAO
CAPTARIA
CAPTO
CAPTOR
CARA
CARACA
CARACAS
CARACOIS
CARAGO
CARAO
CARAPAU
CARAPUCA
CARAPUCAS
CARAPUCO
CARAPUCOS
CARAS
CARESTIA
CARETA
CARETAS
CARETO
CARGA
CARGAS
CARO
CAROS
CARPA
CARPAS
CARRACA
CARRACAS
CARRADA
CARRADAS
CARRAO
CARRAPATO
CARRASCAO
CARRASCO
CARREADA
CARREADAS
CARREADO
CARREADOS
CARREAR
CARREIA
CARREIAM
CARREIAS
CARREIRA
CARREIRO
CARRO
CARTA
CARTAS
CARTE
CARTEIS
CARTES
CARTORIO
CASA
CASACA
CASACAO
CASACAS
CASACO
CASACOS
CASADA
CASADAS
CASADO
CASADOIRA
CASADOS
CASAO
CASAR
CASARA
CASARAO
CASARIA
CASARIO
CASAS
CASASSE
CASCA
CASCAR
CASCO
CASCOS
CASE
CASEI
CASEIRA
CASEIRO
CASO
CASORIO
CASOS
CASTA
CASTO
CASTOR
CASTORES
CASTRA
CASTRACOES
CASTRADA
CASTRADO
CASTRAM
CASTRAR
CASTRO
CATETO
CATRAIA
CATRAIAS
CATRAIO
CAUDA
CAUDAIS
CAUDAS
CAVA
CAVADA
CAVADAS
CAVADO
CAVADOS
CE
CEAR
CEDE
CEDI
CEDIA
CEDO
CEGA
CEGAM
CEGAR
CEGARAM
CEGAS
CEGO
CEIA
CEIAS
CENA
CENARIO
CENARIOS
CENAS
CENSO
CERA
CERAS
CERNE
CERRA
CERRADA
CERRADAS
CERRADO
CERRANDO
CERTO
CERTOS
CESARES
CESSA
CESSAO
CESSAR
CESSARA
CESSARAM
CESSARIA
CESSE
CESSEI
CESSO
CESTA
CESTAS
CEU
CEUS
CIGANO
CIO
CIOSA
CIOSAS
CIOSO
CIOSOS
CISAO
CISTERNA
CISTERNAS
CITE
CITEI
CITES
CITO
CITRINA
CITRINO
CITRINOS
CLA
CLARISSA
CLAS
COA
COADA
COADUNA
COADUNAM
COAR
CODEA
CODEAS
COESA
COESAO
COESAS
COESO
COESOS
COIBE
COIBO
COIOTE
COIOTES
COISA
COISAS
COISO
COITA
COITADA
COITADAS
COITADO
COITO
COITOS
COM
COME
COMEDIA
COMEDIAS
COMEDOR
COMEDORA
COMEDORES
COMETA
COMETAR
COMETI
COMETIA
COMI
COMIA
COMIDA
COMIDAS
COMIDO
COMO
COMPITA
COMPITAM
COMPITAS
COMPOE
COMPOR
COMPORA
COMPORIA
COMPRA
COMPRADA
COMPRADAS
COMPRAR
COMPRARA
COMPRARES
COMPRAS
COMPRASTE
COMPRAVA
COMPRIDA
COMPRIDAS
COMPRO
CONTA
CONTAR
CONTAS
CONTASSE
CONTRA
CONTRAI
CONTRAIR
CONTRAIRA
CONTRAISSE
CONTRAS
COPEIRA
COPEIROS
COR
CORA
CORAL
CORAM
CORAR
CORARAM
CORARIA
CORAVA
CORE
COREI
COREIA
CORES
CORISTA
CORISTAS
CORO
CORONARIA
CORONEIS
COROS
CORPO
CORSA
CORSARIO
CORSARIOS
CORSAS
CORSO
CORSOS
CORTE
CORTEI
CORTICITE
CORTICO
CORTO
COSA
COSAS
COSE
COSEM
COSER
COSEU
COSI
COSIA
COSIDA
COSIDO
COSO
COSPE
COSTA
COSTADO
COSTAS
COSTEIRA
COSTEIRAS
COTA
COTAR
COTAS
COTE
COTO
COTOS
COUSA
COUTE
COVIS
COVO
CRANIO
CRANIOS
CRASSO
CRASSOS
CRAVA
CRAVAS
CRAVISTA
CRAVO
CRAVOS
CRE
CREIA
CREIO
CRER
CRI
CRIA
CRIAM
CRIAR
CRIARA
CRIARAM
CRIAS
CRIASTE
CRIE
CRIEI
CRIEM
CRIME
CRIMES
CRINA
CRINAS
CRIO
CRIPTA
CRISE
CRISPA
CRISPAR
CRISTA
CRISTAS
CRISTO
CRIVO
CRIVOS
CROMIO
CROMO
CROMOS
CRONISTA
CROSTA
CRU
CRUA
CRUAS
CRUDE
CU
CUEIROS
CUNHA
CUNHADA
CUNHADAS
CUNHADO
CUNHADOR
CUNHAIS
CUNHAR
CUNHAS
CUNHO
CUPOES
CURA
CURADA
CURADAS
CURADO
CURADOR
CURADORA
CURADORES
CURADORIA
CURADOS
CURANDO
CURAR
CURARAO
CURAS
CURATIVA
CURE
CUREI
CURIA
CURO
CURRAIS
CURSA
CURSADO
CURSAR
CURSARA
CURSEI
CURTA
CURTE
CURTEM
CURTI
CURTIA
CURTO
CUS
CUSPO
DA
DACAO
DACIOS
DADA
DADAS
DADO
DADOR
DADOS
DAI
DAIS
DAMA
DAME
DAN
DANEM
DANO
DANOS
DAO
DAR
DARA
DARAO
DARAS
DAREI
DARES
DARIA
DARIAM
DAS
DATA
DATADA
DATADAS
DATADO
DATAM
DATAR
DATARIA
DATAS
DATE
DATEM
DAVA
DAVAS
DE
DEAO
DECAI
DECAIA
DECAIDA
DECAIR
DECAIRA
DECISAO
DEDAIS
DEDAO
DEDO
DEDOS
DEDUCAO
DEEM
DEI
DEISMO
DEISTA
DEITA
DEITAR
DELTA
DEMAIS
DEMANDA
DEMANDAR
DEMANDAS
DEMAO
DEMO
DEMONSTRA
DEMORA
DEMORADA
DEMORADAS
DEMORAR
DEMORARA
DEMORAS
DEMORAVA
DEMORO
DEMOS
DEPRIMA
DER
DERA
DERRETA
DERRETIA
DERRETIAM
DERRETIDA
DERRETIDAS
DERROTA
DERROTAR
DERROTE
DES
DESATA
DESATAM
DESCA
DESCAI
DESCAIA
DESCAIDA
DESCAIDO
DESCAIR
DESCARTA
DESCARTAM
DESCARTAR
DESCE
DESCEU
DESCI
DESCIA
DESCIDO
DESCO
DESCONTA
DESCONTAR
DESCONTRAI
DESCONTRAIR
DESDITA
DESTA
DESTAPA
DESTAPAM
DESTAS
DESTINA
DESTINAM
DESTINATARIA
DESTINATARIO
DESTRO
DESTROI
DESTROS
DESTRUA
DESTRUO
DESUSO
DETIDA
DETIDAS
DEU
DEUS
DEUSA
DEUSES
DIA
DIACRONIA
DIANTE
DIAPASAO
DIARREIA
DIARREIAS
DIARREICAS
DIAS
DICA
DICAS
DIETA
DINAMO
DINAR
DIRA
DIRAS
DIREI
DISCA
DISCAR
DISCO
DISTA
DISTAM
DISTAR
DISTO
DISTRAI
DISTRAIA
DISTRAIAM
DISTRAIDA
DISTRAIDO
DISTRAIO
DISTRAIR
DISTRAIRAM
DITA
DITADA
DITADO
DITADOR
DITADORES
DITAM
DITAME
DITAR
DITARA
DITAS
DITAVA
DITE
DITEI
DITO
DO
DOA
DOADA
DOAR
DOARA
DOAS
DOBRE
DOCA
DOCAS
DOCE
DOCEIRA
DOCEIS
DOCES
DOCURA
DOCURAS
DOE
DOEI
DOENTE
DOENTIA
DOENTIO
DOER
DOES
DOEU
DOI
DOIA
DOIAM
DOIDA
DOIDAS
DOIDO
DOIRADA
DOIRADAS
DOIS
DOM
DOME
DOMO
DON
DONA
DONAS
DONS
DOR
DORES
DORIDA
DORIDAS
DORME
DORMI
DORMIA
DORMIDA
DORMIDAS
DORMIDO
DOS
DOSA
DOSE
DOSEAR
DOSEIA
DOSEIAM
DOSEOU
DOSSIER
DOTA
DOTACOES
DOTADA
DOTADAS
DOTAM
DOTAR
DOTARA
DOTARAM
DOTARIA
DOTE
DOTES
DOU
DOUTA
DOUTRA
DROMEDARIO
DROMEDARIOS
DRUSA
DRUSO
DRUSOS
DUAIS
DUAL
DUAS
DUCAIS
DUETO
DUETOS
DUNA
DUO
DURA
DURACAO
DURAM
DURAO
DURAR
DURARA
DURARAO
DURAS
DURE
DUREI
DURMA
DURMO
DURO
DUROS
E
EBRIO
ECO
ECOA
ECOADA
ECOAR
ECOARA
ECOARAM
ECOAREM
ECOASSE
ECOAVA
ECOE
ECOS
ECRA
ECRAS
EDEMA
EDEN
EDICAO
EDIS
EDITA
EDITADA
EDITADO
EDITAIS
EDITAM
EDITAR
EDITO
EDITOR
EDITORA
EDITORAS
EDITORES
EDUCA
EDUCADA
EDUCAR
EDUCOU
EGO
EH
EIA
EIRA
EIRAS
EIS
EITO
ELMO
ELO
EM
EMANE
EMIR
EMITA
EMITE
EMPINA
EMPINAM
ENA
ENGANO
ENGANOS
ENGANOSA
ENGANOSAS
ENRUGA
ENSAISTA
ENTE
ENTEADA
ENTEADAS
ENTEADO
ENTEDIA
ENTEDIAR
ENTRA
ENTRADA
ENTRADAS
ENTRADO
ENTRADOTE
ENTRAI
ENTRAIS
ENVERGA
ENVERGAR
ENVERGARA
ENVERGARAM
ENVIA
ENVIADA
ENVIADAS
ENVIADO
ENVIANDO
ENVIAR
ENVIO
ERA
ERAM
ERAS
ERG
ERGA
ERGAM
ERGO
ERGUE
ERGUER
ERGUERA
ERMO
EROSAO
EROSIVA
EROSIVAS
EROSIVO
EROSIVOS
EROTICO
EROTISMO
ERRA
ERRADA
ERRADAS
ERRADO
ERRAM
ERRANDO
ERRANTE
ERRAR
ERRARA
ERRATA
ERRAVA
ERRE
ERREI
ERREM
ERRES
ERRO
ERROS
ERROU
ERUPCOES
ERVA
ERVAS
ES
ESCAMA
ESCARPA
ESCARPADA
ESCARPADAS
ESCARPADO
ESCARPADOS
ESCARRADOR
ESCARRAR
ESCARRO
ESCOA
ESCOAR
ESCOE
ESCORA
ESCORAM
ESCORAR
ESCORAS
ESCORIA
ESCORIAS
ESCRITA
ESPESSA
ESPESSAS
ESPESSO
ESPESSOS
ESPOSA
ESSA
ESSAS
ESSE
ESSES
ESTA
ESTACA
ESTACAM
ESTACAR
ESTACAS
ESTACOES
ESTADA
ESTADIA
ESTADUAL
ESTAI
ESTAIS
ESTAMPA
ESTAMPADA
ESTAMPADAS
ESTAMPADO
ESTAMPADOS
ESTAMPAR
ESTAMPAS
ESTAO
ESTAR
ESTARA
ESTARAS
ESTARES
ESTARIA
ESTARIAM
ESTAS
ESTAVA
ESTE
ESTES
ESTETA
ESTETAS
ESTIME
ESTIRA
ESTIRADA
ESTORE
ESTRADA
ESTRADISTA
ESTRADO
ESTRAGA
ESTRAGAM
ESTRAGAR
ESTRAGARA
ESTRAGO
ESTRATEGA
ESTRATEGAS
ESTRATEGO
ESTRATO
ESTREEI
ESTRIA
ESTRIAS
ESTRUME
ESVAI
ESVAIA
ETAPA
ETARIA
ETER
ETERNA
ETERNAS
ETERNO
ETERNOS
ETICO
ETNIA
EU
EURO
EUROS
EVADIR
EVADIRA
FA
FARTE
FARTO
FARTOS
FARTOU
FATO
FATOS
FATUO
FE
FERA
FERE
FERETRO
FERREA
FERREO
FERRO
FERROS
FERROSA
FERROU
FLOR
FLORA
FLORIM
FRETA
FRETOU
GAGA
GAGAS
GAGO
GAMA
GANSO
GARCA
GARE
GARES
GARIMPAR
GAS
GASOSA
GASOSO
GASOSOS
GATES
GATO
GAVETO
GAVETOES
GENOVES
GENTE
GENTIO
GENTIS
GERA
GERACOES
GERAIS
GERAM
GERAR
GERARA
GERARAO
GERE
GERENTE
GERME
GERUNDIO
GERUNDIOS
GESSO
GESSOS
GESTA
GESTACOES
GESTAS
GESTO
GESTOR
GESTORA
GESTORAS
GIRA
GIRAR
GIRARA
GIRARIA
GIRAS
GIRAVA
GIRE
GORA
GORADA
GORE
GORRA
GOTA
GOTAS
GRACA
GRACAS
GRADA
GRADAS
GRADE
GRADEAR
GRADO
GRAMA
GRANEIS
GRANO
GRAO
GRAOS
GRASSA
GRASSAR
GRASSOU
GRATA
GRATIDAO
GRATIS
GRATO
GRAU
GRAUS
GRAVA
GRAVAR
GRAVARIA
GRAVARIAM
GRAVATA
GRAVE
GRAVES
GRAVITA
GRAVITANDO
GRAVITAR
GREGA
GREGO
GRES
GRETAS
GREVE
GRITE
GRITO
GROSA
GROSAS
GROSSA
GROSSAS
GROSSEIRA
GROSSEIRAS
GROSSEIRO
GROSSEIROS
GROSSISTA
GROSSISTAS
GROSSO
GROSSOS
GRUTA
GUERREAR
GUETO
GUETOS
HA
HAO
HASTA
HASTE
HASTEAR
HASTEARAM
HASTES
HEREGE
HEREGES
HERPES
HESITA
HESITAR
HESITARA
HESITARAM
HESITE
HESITEM
HESITES
HORA
HORAS
HORTA
HORTAS
IA
IAM
IAO
IAS
IATE
IATES
IBERICO
IBERO
ICA
ICADA
ICADAS
ICADO
ICADOS
ICAR
ICARA
ICAVA
ICE
IDA
IDADE
IDADES
IDAS
IDE
IDEAIS
IDEIA
IDEM
IDO
IMA
IMAN
IMENSA
IMIGRADA
IMIGRADAS
IMIGRAR
IMITE
IMITO
IMODERACAO
IMPAR
IMPARES
IMPEDE
IMPEDEM
IMPERO
IMPEROU
IMPIA
IMPOE
IMPOR
IMPORA
IMPORIA
IMPORIAM
IMPUDOR
IMPURA
IMPURAS
IMPURO
IMPUROS
IMUNE
IMUNES
INAPTA
INAPTAS
INAPTO
INATA
INATO
INCA
INCAS
INCORPORA
INCORPORADA
INCORPORADAS
INCORPORAR
INCORPORARA
INCORPORAVA
INCURSAO
INOVE
INSANA
INSIRA
INSTA
INSTADA
INSTADAS
INSTADO
INSTANDO
INSTAR
INSTARAM
INSTOU
INSTRUCOES
INTRA
INVADA
INVADIA
INVADIAM
INVADIR
INVADIRA
IODO
IOES
IOIO
IR
IRA
IRADA
IRADAS
IRAM
IRAO
IRAS
IRE
IREI
IREIS
IREM
IRES
IRIS
IRMA
IRMANDADE
IRMANDADES
IRMAO
IRMOS
IRONIA
IRONISTA
IRRA
IRRADIA
IRRADIAM
IRRADIANTE
IRRADIAR
IRRADIE
IS
ISCA
ISCO
ISLAO
ISOLA
ISOLAR
ISOLAREM
ISOLAVA
ISOLAVEIS
ISSO
ISTO
ITEM
ITENS
ITERACOES
JA
JADE
JARRA
JARRAO
JARRAS
JARRO
JIBOIA
JOIA
JORRA
JORRAR
JORRARA
JOTA
LA
LAR
LARES
LAS
LASER
LASSA
LASSO
LASTRO
LASTROS
LATO
LATOES
LAUTO
LAUTOS
LAVA
LAVAS
LAVE
LAVEI
LAVEM
LAVO
LE
LEAO
LEDO
LEDOR
LEOA
LEPRA
LEPROSARIA
LER
LERA
LERAO
LERIA
LERIAM
LO
LORD
LORDE
LORDES
LORPA
LOS
LOTA
LOTAS
LOTAVA
LOTO
LOTOS
LOTOU
MA
MACA
MACAR
MACE
MACO
MACOS
MACRO
MACROS
MADEIRA
MADEIRO
MAE
MAES
MAESTRA
MAESTRO
MAESTROS
MAGA
MAGRA
MAGRAS
MAGRO
MAGROS
MAIA
MAIAS
MAIATO
MAIO
MAIOR
MAIORIA
MAIS
MANCA
MANCAR
MANCO
MANCOS
MANDA
MANDADA
MANDADAS
MANDADO
MANDADOR
MANDADOS
MANDAO
MANDAR
MANDAS
MANDE
MANDEI
MANDIOCA
MANE
MANEIRO
MANIA
MANIACA
MANIACO
MANIAS
MANO
MAO
MAPA
MAPAS
MAPEAR
MAR
MARCA
MARCAR
MARCARA
MARCO
MARCOS
MARE
MARES
MARESIA
MARIA
MARIAS
MARINE
MARISCO
MAROSCA
MARRA
MARRADA
MARRAO
MARRETA
MARTA
MARTAS
MARTINS
MARTIR
MAS
MATA
MATADA
MATADO
MATADOR
MATADORES
MATAI
MATAR
MATARA
MATARAO
MATARAS
MATAREI
MATARES
MATARIA
MATAS
MATAVA
MATE
MATEI
MATES
MATINA
MATO
MATRACA
MATRACAS
MATREIRO
MAU
ME
MEADA
MEADAS
MEADO
MEADOS
MEDA
MEDAS
MEDE
MEDEIA
MEDEIAM
MEDI
MEDIA
MEDIADA
MEDIADAS
MEDIADO
MEDIADOR
MEDIADORES
MEDIADOS
MEDIANO
MEDIAR
MEDIAS
MEDIATO
MEDIO
MEDIOS
MEDIR
MEDIRA
MEDITA
MEDITADA
MEDITADO
MEDITAR
MEDITO
MEDO
MEDOS
MEDRA
MEDROSA
MEDROU
MEIA
MEIAS
MEIO
MEIOS
MEL
MELO
MELOA
MELRO
MELROS
MENIR
MENOR
MENSAIS
MENU
MENUS
MERA
MERAS
MERCE
MERCENARIO
MERCENARIOS
MERO
MEROS
MES
MESA
MESAS
MESETA
MESTER
MESTRA
MESTRADO
MESTRAS
MESTRE
META
METAIS
METAS
METE
METER
METERA
METERAM
METES
METI
METIA
MEU
MEUS
MI
MIA
MIADO
MIANDO
MIAR
MIAS
MIEI
MIGA
MIGADA
MIGRA
MIGRAR
MINE
MINES
MIO
MIOPIA
MIRA
MIRADA
MIRADAS
MIRAR
MIRAS
MIRAVA
MIRE
MIRRA
MIRRADA
MIRRADAS
MIRRAR
MISERA
MISERAS
MISERO
MISSA
MISSAL
MISSAO
MISSAS
MISSIONAR
MISSIONARIA
MISSIVA
MISTA
MISTAS
MISTER
MISTERIO
MISTERIOS
MISTERIOSA
MISTERIOSAS
MISTICO
MISTO
MISTOS
MISTRAL
MITICO
MITO
MITRA
MITRAS
MO
MOA
MOAS
MOCA
MOCADA
MOCAS
MODA
MODAIS
MODAS
MODEM
MODERA
MODERACAO
MODERAR
MODERARA
MOEDA
MOEDAS
MOER
MOI
MOIAM
MOIDA
MOIDAS
MOIDO
MOINA
MOIRA
MOIRO
MOITA
MOITAS
MOLDE
MOLDES
MOLDOU
MOLE
MONA
MONDA
MONDAR
MONDAS
MONDE
MONISTA
MONSTRA
MONSTRUOSA
MOR
MORA
MORADA
MORADAS
MORADIA
MORADIAS
MORAIS
MORAR
MORARA
MORAS
MORAVA
MORAVIA
MORBIDA
MORDA
MORDE
MORDER
MORDIA
MORDIAM
MORE
MOREI
MOREIA
MORNA
MORO
MOROSA
MOROSIDADE
MOROSIDADES
MORRA
MORRAS
MORTA
MOS
MOSTO
MOSTRA
MOSTRADA
MOSTRADO
MOSTRAM
MOSTRE
MOSTRO
MOTA
MURRO
NA
NADA
NADADO
NADADOR
NADAM
NADAR
NADAS
NADE
NADEI
NADEM
NADO
NAIPE
NAIPES
NAMORA
NAMORADA
NAMORADAS
NAMORAR
NAMORARA
NAMOREI
NAMORISCAR
NAO
NAOS
NARCOTICO
NARINA
NARRA
NARRADA
NARRADO
NARRE
NARRO
NAS
NASAL
NATA
NATAIS
NATAS
NATIVA
NATO
NATOS
NAU
NAUS
NAUSEA
NAUSEADO
NAUSEAS
NAVE
NAVES
NAVIO
NECROSE
NEGA
NEGACOES
NEGANDO
NEGAR
NEGARA
NEGARAM
NEGAS
NEGAVA
NEGO
NEGRA
NEGRAO
NEGRAS
NEGRO
NEM
NESTA
NESTAS
NESTE
NETA
NETAS
NETO
NETOS
NEUROSE
NEUTRA
NEUTRO
NEUTROS
NEVE
NEVES
NEVOES
NICAS
NICE
NICO
NINAR
NINE
NISSO
NISTO
NITRATO
NIVEIS
NO
NOBRE
NOBRES
NODAIS
NODO
NODOS
NODOSA
NODOSAS
NOITADA
NOITADAS
NOITE
NOIVA
NOIVO
NOMADA
NOMADAS
NOMADISMO
NOME
NOMEACAO
NOMEADA
NOMEADAS
NOMEADO
NOMEADOR
NOMEADOS
NOMEANDO
NOMEAR
NOMEARA
NOMEARAO
NOMEEI
NOMEIA
NOMEIE
NOMEIO
NONA
NONAS
NORA
NORAS
NORMA
NORMAIS
NOS
NOSSA
NOSSO
NOVE
NOVENA
NOVENAS
NOVO
NU
NUA
NUAS
NUCA
NUM
NUS
NUTRA
O
OASIS
OBESO
OBESOS
OBRA
OBRE
OBVIO
OCA
OCAS
OCASIAO
OCASIONA
OCASIONADA
OCASIONADAS
OCASIONAR
OCASIONARA
OCASIONARIA
OCASIONAVA
OCASIONE
OCIO
OCIOS
OCIOSA
OCIOSAS
OCIOSO
OCIOSOS
OCRE
OCTAEDRO
OCTANAS
OCUPA
OCUPADA
OCUPADAS
OCUPAM
OCUPAR
OCUPARA
OCUPARAO
OCUPAREI
OCUPE
OCUPEI
OCUPO
OCUPOU
ODE
ODEIA
ODEIAM
ODEIE
ODEIEM
ODEIO
ODER
ODES
ODIAR
ODIEI
ODIO
ODIOS
ODIOSA
ODOR
ODRE
ODRES
OE
OGRE
OGRES
OH
OICA
OICO
OIRO
OIROS
OITAVA
OITAVAS
OITAVO
OITAVOS
OITO
OLA
OLE
OLEAR
ONDA
ONDAS
ONDE
ONDEAR
ONDEIA
ONDEIAM
ONERA
OPINA
OPINAM
OPRESSAO
OPRESSOES
OPRESSOR
OPRESSORA
OPRESSORAS
OPUNHA
OPUS
OPUSER
ORA
ORAI
ORAIS
ORAL
ORAM
ORAR
ORARAM
ORAS
ORAVA
ORCA
ORCADA
ORCADAS
ORCADO
ORCADOS
ORCAM
ORCAR
ORCARA
ORCARAM
ORCARAO
ORCAS
ORCE
ORDEIRA
ORDEIRO
ORDEM
ORE
ORNA
ORNADA
ORNADAS
ORNAM
ORNAR
ORNATO
ORO
OS
OSCAR
OSCARES
OSGA
OSGAS
OSSARIO
OSSARIOS
OSSEA
OSSEO
OSSEOS
OSSO
OSSOS
OSSUDA
OSTENSIVO
OSTRA
OSTRAS
OU
OURA
OUSA
OUSADA
OUSADIA
OUSAR
OUSARA
OUSARIA
OUSARIAM
OUSAVA
OUSE
OUSEI
OUSO
OUTRA
OUTREM
OUVE
OUVES
OVA
OVAIS
OVAL
OVAS
OVINO
OVINOS
OVO
OVOCITO
OVOCITOS
OVOS
PA
PACO
PACOS
PADEIRA
PADEIRO
PAES
PAI
PAIO
PAIOIS
PAIOS
PAIRA
PAIRAR
PAIRARA
PAIRAVA
PAIRE
PAIREM
PAIS
PANCA
PANCADA
PANCADARIA
PANCADARIAS
PANCADAS
PANCAS
PANCUDO
PAO
PAPA
PAPADA
PAPADO
PAPAI
PAPAO
PAPAR
PAPAS
PAPEIRA
PAPEL
PAPIRO
PAPIROS
PAPUDOS
PAR
PARA
PARAR
PARARA
PARARAO
PARAS
PARE
PAREDAO
PAREDE
PAREI
PARES
PARI
PARIR
PARIS
PARRA
PARTA
PARTAM
PARTO
PAS
PASCOA
PASTA
PASTAVA
PASTE
PASTO
PASTOS
PASTOSA
PASTOSAS
PASTOSO
PASTOSOS
PATA
PATADA
PATAS
PATINA
PATINAM
PATO
PATOS
PATRAO
PATRIA
PATRIO
PATROA
PAU
PE
PEAO
PEDE
PEDEM
PEDES
PEDRA
PEDREIRA
PEDREIRO
PEDRO
PELO
PEPITA
PEPITAS
PER
PERA
PERDE
PERDEI
PERDEM
PERDER
PERDERA
PERDERAO
PERDERIA
PERDERIAM
PERDES
PERO
PERRA
PERRO
PERROS
PERSA
PERSUADIA
PERSUADIR
PERTO
PERTURBE
PERU
PERUS
PES
PESA
PESADA
PESAR
PESARA
PESARAM
PESARES
PESARIA
PESARIAM
PESAROSA
PESAROSO
PESAROSOS
PESAS
PESAVA
PESCA
PESCAM
PESCAR
PESCARAM
PESCAS
PESCO
PESE
PESO
PESOS
PESOU
PESSEGO
PESSOA
PESSOAIS
PESSOAS
PETA
PI
PIA
PIADA
PIAM
PIAO
PIAS
PICA
PICADA
PICADAS
PICADO
PICADOS
PICAVA
PIE
PIEDOSA
PIERRE
PIES
PIMPAO
PINCA
PINCAS
PIO
PIOES
PIOR
PIORA
PIORAR
PIORARA
PIORE
PIOREI
PIORIA
PIPA
PIPETA
PIPETAS
PIPO
PIRA
PIRAR
PIRAS
PIRATA
PIRATEIA
PIRATEIAM
PIREI
PIROSA
PIROSAS
PISA
PISADA
PISAVA
PISTA
PISTAO
PISTOES
PISTOLA
PISTOLAO
PISTOLAS
PITADA
PITAO
PITO
PO
PODA
PODAS
POE
POEIRA
POEIRAS
POEM
POES
POESIA
POESIAS
POETA
POIS
POISA
POISADA
POISADAS
POISADO
POISAR
POISIO
POISO
POMO
POMOS
PONEI
PONEIS
POR
PORA
PORCA
PORCAO
PORCAS
PORCO
PORCOS
POREI
PORIA
PORIAM
PORMOS
PORO
POROS
POROSA
POROSIDADE
POROSIDADES
POS
POSA
POSADO
POSAR
POSE
POSEI
POSES
POSSA
POSSAS
POSSE
POSSES
POSSIVEIS
POSSO
POTE
POTES
POUSA
POUSAR
POUSE
POUSEI
POUSIO
POUSIOS
PRACA
PRACAS
PRADO
PRADOS
PRAIA
PRANTO
PRANTOS
PRATA
PRATAS
PRATO
PRATOS
PRE
PRECO
PRECOS
PREGA
PREGACOES
PREGAM
PREGAR
PREGARA
PREGARAM
PREGAS
PREGO
PRELO
PRENDA
PRENDAR
PRENDAS
PRENDE
PRENDEM
PRENDEMOS
PRENDI
PRENDIA
PRESA
PRESIDE
PRESIDO
PRESO
PRESOS
PRESSA
PRESSAO
PRESSAS
PRESSOES
PRESTA
PRESTADA
PRESTAM
PRESTAR
PRESTARA
PRESTARIA
PRESTARIAM
PRESTAVA
PRETA
PRETAS
PRIAO
PRIMA
PRIMATAS
PRIMO
PRIMOR
PRIOR
PRIORI
PRISAO
PRO
PROA
PROAS
PROCURA
PROCURACAO
PROCURADA
PROCURADAS
PROCURAR
PROCURARA
PROCURARAO
PROCURAS
PROCURE
PROCUREI
PROCUREIS
PROCURES
PROL
PROLE
PROMETA
PROMETI
PROMETIA
PROS
PROSA
PROSADOR
PROSADORES
PROSAS
PROSE
PROSTRADA
PROSTRADO
PSI
PSICO
PUCARA
PUCARO
PUCAROS
PUDE
PUDER
PUDERA
PUDOR
PUNA
PUNAM
PUNCAO
PUNE
PUNHA
PUNHADA
PUNHADAS
PUNHADO
PUNHAIS
PUNHO
PUNIA
PUNIAM
PUNIDA
PUNIDAS
PUNIR
PUNIRA
PURA
PURAS
PURE
PURO
PUROS
PUS
PUSER
RA
RABI
RABO
RACA
RACAO
RACAS
RACOES
RADAR
RADARES
RADIADOR
RADIADORES
RADIADOS
RADIAIS
RADIANTE
RADIO
RADIOS
RADIOSA
RAIA
RAIADA
RAIADO
RAIADOS
RAIAM
RAIANDO
RAIANO
RAIAR
RAIAS
RAIO
RAIOS
RAIVA
RALA
RALO
RALOS
RAMA
RAMADA
RAMADAO
RAMADAS
RAMAIS
RAMEIRA
RAMO
RANHO
RAP
RAPA
RAPAM
RAPTA
RAPTAM
RAPTAR
RAPTARA
RAPTARIA
RAPTO
RAPTOR
RAPTORA
RARA
RARAS
RAREADO
RAREAR
RAREIA
RAREIAM
RARO
RAROS
RAS
RASA
RASAM
RASAR
RASAS
RASCA
RASCUNHADO
RASCUNHAR
RASCUNHO
RASO
RASOS
RASOU
RASPOU
RASTEIO
RASTEIRA
RASTEIRAS
RASTEIRO
RASTO
RASTOS
RASTREIA
RASTREIAM
RASTREIO
RASTRO
RASUROU
RATA
RATADA
RATAO
RATARIA
RATAS
RATE
RATEAR
RATEIO
RATES
RATO
RATOEIRA
RATOEIRAS
RATOS
RE
REABERTA
REABERTO
REABRIA
REABRIAM
REAGE
REAGENDAR
REAGENTE
REAIS
REARMAR
REATA
REATADA
REATAR
REATARA
REATARIA
REATE
REATOU
RECARGA
RECARGAR
RECARGAS
RECATO
RECO
RECORTO
RECTO
RECTOS
RECUE
RECUEI
RECUSE
RECUSEI
RECUSO
REDE
REDEA
REDEAS
REDES
REDIJA
REDIJO
REDOR
REDUCAO
REEDITA
REEDITADA
REEDITADO
REEDITAM
REEDITAR
REENTRA
REENTRADA
REENTRADAS
REENTRADO
REERGUER
REGA
REGACO
REGAM
REGANDO
REGAR
REGARAM
REGAS
REGATO
REGAVA
REGE
REGENDO
REGENTE
REGER
REGERA
REGERAM
REGESSE
REGEU
REGO
REGRA
REGRADA
REGRADO
REGRAS
REI
REINA
REINADO
REINADOS
REINAM
REINAR
REINE
REINO
REINOS
REIS
REITERA
REITERADA
REITERADAS
REITERAR
REITERAVA
REITERE
REITOR
REITORA
REITORAL
REITORES
REJA
REMO
RENA
RENAIS
RENAL
RENAS
RENDA
RENDAS
RENDE
RENDEM
RENDEMOS
RENDI
RENDIA
RENDO
RENOVE
RENOVEI
RENOVO
RENTE
REPATRIA
REPATRIACAO
REPATRIAR
REPETI
REPETIA
REPETIAM
REPETIDA
REPETIDAS
REPETIR
REPETIRA
REPETIRMOS
REPIMPADO
REPITA
REPITAM
REPRESA
REPRESADA
REPRESAR
REPRIMA
RES
RESERVA
RESERVADA
RESERVADAS
RESERVAR
RESERVARA
RESERVARIA
RESERVARIAM
RESERVAS
RESERVAVA
RESERVE
RESERVISTA
RESERVO
RESIDE
RESIDO
RESINA
RESINEIRO
RESISTA
RESISTE
RESISTEM
RESSOA
RESSOAR
RESSOARAM
RESTA
RESTAM
RESTAR
RESTARA
RESTARAM
RESTARIA
RESTARIAM
RESTAVA
RESTE
RESTEM
RESTIA
RESTIAS
RESTO
RESUME
RESUMI
RESUMIA
RESUMIR
RESVALA
RETARDA
RETARDAR
RETEM
RETER
RETERA
RETERAO
RETEVE
RETIDA
RETIDAS
RETINA
RETIRA
RETIRADA
RETIRADAS
RETIRAR
RETIRARA
RETIRARIA
RETIRARIAM
RETIRAVA
RETIRE
RETIRO
RETIROS
RETORSAO
RETRAI
RETRAIDA
RETRAIDAS
RETRAIDO
RETRAIR
RETRAIRAM
RETRATA
RETRATADA
RETRATADAS
RETRATAM
RETRATAR
RETRATARIA
RETRATO
RETRO
RETROSARIA
REU
REUNE
REUNEM
REUS
REVE
REVER
REVERA
REVERSO
REVERSOS
REVERTE
REVERTER
REVERTERA
REVERTEU
REVES
REVI
REVIA
REVIR
REVIRA
REVISA
REVISAO
REVISITA
REVISITOU
REVISTA
REVISTO
REVISTOS
REVISTOU
REVOLTA
REVOLTAS
REVOLTO
REVOLTOS
REVOLTOSO
REVOLTOSOS
REVOLTOU
RI
RIA
RIAIS
RIAM
RIAS
RICO
RIDE
RIEM
RIJA
RIJO
RIM
RIMA
RIMO
RINS
RIO
RIOS
RIPA
RIR
RIRA
RIRAO
RIRES
RIRMOS
RIS
RISADA
RISADAS
RISCA
RISCAR
RISCARA
RISCARAM
RISCO
RISO
RISOS
RISOTA
RISSE
RISSOL
RISTE
RITO
RO
ROA
ROAM
ROBE
ROCA
ROCAM
ROCAR
ROCARAM
ROCAS
ROCE
RODA
RODADA
RODAR
RODARA
RODARAO
RODAS
RODE
RODEADA
RODEADAS
RODEAR
RODEARA
RODEI
RODEIA
RODEIAM
RODEIE
RODEIEM
RODEIO
RODEIOS
RODEM
RODO
RODOS
ROEDOR
ROEDORA
ROEDORES
ROEM
ROER
ROEU
ROGA
ROGAR
ROGARAM
ROI
ROIA
ROIAM
ROIDA
ROIDAS
ROIDO
ROJAO
ROL
ROLE
ROLEM
ROMA
ROMANICA
ROMANICAS
ROMANICO
ROMARIA
ROMARIAS
ROMENA
ROMENO
ROMPA
ROMPE
ROMPEDOR
ROMPER
ROMPI
ROMPIA
ROMPIAM
ROMPIDA
ROMPIDAS
RONDA
RONDADO
RONDAM
RONDAR
RONDARIA
RONDAS
RONDE
RONDEM
ROSA
ROSACEA
ROSADA
ROSADAS
ROSADO
ROSADOS
ROSAL
ROSARIO
ROSAS
ROSCA
ROSCAS
ROSE
ROSEA
ROSEIRA
ROSEIRAS
ROSEO
ROSEOS
ROSNA
ROSNAR
ROSSIO
ROSTO
ROSTRO
ROTA
ROTACOES
ROTARIO
ROTAS
ROTO
RUA
RUAS
RUCA
RUCAS
RUCO
RUDE
RUDES
RUGA
RUGAS
RUGE
RUM
RUME
RURAIS
RUSGA
RUSGAS
RUSSA
RUSSAS
RUSSO
RUSSOS
SA
SACA
SACADA
SACADAS
SACADO
SACADOR
SACADOS
SACAR
SACAS
SACAVA
SACIEDADE
SACIOU
SACO
SACODE
SACODEM
SACOS
SACRA
SACRARIO
SACRARIOS
SACRAS
SACRISTAES
SACRO
SACROS
SACUDA
SADIA
SADINA
SADIO
SADO
SAEM
SAGA
SAGE
SAGRA
SAGRAR
SAGRARIA
SAGRASSE
SAGRE
SAI
SAIA
SAIAM
SAIDA
SAIDO
SAIO
SAIR
SAIRA
SAIRAM
SAIRAO
SAIS
SAISSE
SAISTE
SAL
SALA
SALAO
SALTA
SALTITA
SALTITAO
SALTITOES
SALTITOU
SALTO
SALTOS
SALTOU
SAM
SAN
SANA
SANADO
SANADOS
SANAR
SANE
SANEAR
SANGRE
SANGUE
SANO
SANSAO
SANTA
SANTO
SANTOLA
SANTOS
SAO
SAOS
SAPAIS
SAPATA
SAPATARIA
SAPATO
SARA
SARADA
SARADAS
SARADO
SARAM
SARAR
SARAU
SARCA
SARDA
SARE
SAREM
SARGACO
SARNA
SARRO
SAS
SATA
SATIRA
SATIRO
SATIS
SAUDA
SAUDADA
SAUDADE
SAUDAR
SAUDASSE
SAUDE
SAUDEI
SAUDEM
SAUDES
SAUDO
SAUDOSA
SAUNA
SE
SEARA
SEARAS
SEBO
SEBOS
SECA
SECAM
SECAR
SECARA
SECARAM
SECAS
SECO
SECOS
SECTARIO
SECTARIOS
SEDA
SEDAS
SEDE
SEDUCAO
SEDUCOES
SEGA
SEGREGA
SEGREGACOES
SEI
SEIO
SEIOS
SEIS
SEITA
SEITAS
SEIVA
SEIVOSO
SEM
SEMITA
SEMITAS
SENIS
SER
SERA
SERAO
SERAS
SERENA
SERENADA
SERENADO
SERENAR
SERICO
SERODIA
SERODIAS
SERODIO
SERRA
SERRACAO
SERRADA
SERRADAS
SERRADO
SERRADOR
SERRADORES
SERRAM
SERRANDO
SERRANIA
SERRANO
SERRAR
SERRAS
SERRIM
SERROTE
SERROU
SERTA
SERTAO
SERTOES
SERVA
SERVAS
SERVE
SERVI
SERVIA
SERVIO
SERVIOS
SERVIR
SERVIRA
SERVIS
SERVO
SERVOS
SES
SESSAO
SETA
SETAS
SETE
SEU
SEUS
SEVERA
SEVERAS
SI
SIDO
SIGA
SIM
SIMONIA
SINA
SINAL
SINAS
SINEIRO
SINETA
SINETAS
SINETE
SINO
SINODO
SINODOS
SINTA
SIONISTA
SIR
SIRIO
SIRIOS
SIRVA
SISA
SISAS
SISO
SISUDA
SITE
SITES
SITIO
SITIOS
SITO
SITOS
SITUA
SITUE
SITUO
SNOB
SO
SOA
SOAR
SOARA
SOARAM
SOAREM
SOARES
SOARIA
SOASSE
SOAVA
SOB
SOBE
SOBES
SOBRE
SOBRES
SOBREVIR
SOBREVOE
SOBREVOEI
SOCA
SOCAPA
SOCAR
SOCAS
SODA
SOE
SOIS
SOL
SOLA
SOLAR
SOLARES
SOLAS
SOLTA
SOLTAS
SOLTAVA
SOLTO
SOLTOS
SOLTOU
SOM
SOME
SOMEI
SOMO
SONAR
SONDA
SONDAS
SONEGA
SONEGANDO
SONEGAVA
SONEIRA
SONETO
SONETOS
SONS
SONSA
SOPE
SOPEIRA
SOPEIRAS
SOPRE
SOPREI
SOR
SORNA
SORO
SOROS
SORTE
SORTEANDO
SORTEAR
SORTEIA
SORTEIO
SORTEIOS
SORTES
SORTIDA
SORTIDAS
SORTIR
SOS
SOSIA
SOSIAS
SOSSEGA
SOSSEGAM
SOSSEGAR
SOSSEGARA
SOSSEGARAM
SOSSEGO
SOTAO
SOTAOS
SOTURNA
SOTURNAS
SOTURNO
SOTURNOS
SOU
SOUSA
SOUTO
SOUTOS
SOVA
SOVAR
SOVAS
SOVIETICO
SOVINA
SOVINAS
STAND
STANDS
STOP
STOPS
SUA
SUADA
SUAO
SUAR
SUAS
SUAVA
SUAVE
SUAVES
SUCO
SUCOS
SUDARIO
SUDARIOS
SUDETAS
SUE
SUECA
SUECAS
SUECO
SUECOS
SUES
SUEVA
SUGA
SUGANDO
SUGAVA
SUGERE
SUMIA
SUMIR
SUOR
SUORES
SUOU
SUPOE
SUPOS
SUPRE
SUPUNHA
SURDO
SURDOS
SURGE
SURRA
SURRADA
SURRADAS
SURRADO
SURTA
SURTAM
SURTE
SURTIA
SURTIAM
SURTIDA
SURTIDAS
SURTIR
SURTIRA
SURTIRAM
SURTO
SURTOS
SUSERANIA
SUSERANO
SUSTAR
SUSTER
SUSTIDA
SUTRA
TA
TACA
TACAS
TACO
TACOES
TACOS
TAIPA
TAIS
TAL
TALA
TALAO
TALAS
TALO
TALOS
TAMANCAS
TAMANCO
TAMANCOS
TAMPA
TAMPAO
TAMPAS
TANAS
TANSO
TANSOS
TANTA
TANTALO
TANTO
TANTOS
TAO
TAOISTA
TAPA
TAPADA
TAPADAS
TAPADO
TAPADOS
TAPAM
TAPAR
TAPARA
TAPAS
TAPE
TAPEM
TAPES
TARA
TARAS
TARDA
TARDAR
TARDE
TARDES
TARDIA
TAREIA
TARJA
TARO
TARSO
TARTARA
TARTARAS
TARTE
TARTES
TASCO
TASCOS
TAU
TAVARES
TAVERNA
TAVERNAS
TE
TEAR
TEATRAIS
TEATRO
TEATROS
TECLA
TECLAR
TECLAS
TECO
TEDIO
TEDIOS
TEIA
TEIAS
TEIMA
TEIMO
TEIMOSA
TEIMOSIA
TEISMO
TEM
TEMI
TEMIA
TEMIDA
TEMIDAS
TEMIDO
TEMO
TEMOR
TEMOS
TEMPO
TEMPORADA
TEMPORADAS
TEMPORAS
TENIS
TENISTA
TENOR
TENRA
TENRAS
TENRO
TENS
TENSA
TENSAS
TENSO
TENUE
TENUES
TEOR
TEORIA
TEPIDA
TEPIDAS
TER
TERA
TERAO
TERAS
TERCO
TERCOS
TERES
TERMO
TERNA
TERNAS
TERNO
TERNOS
TERRA
TERRAS
TERREA
TERREO
TERROR
TERRORES
TERROSA
TESA
TESE
TESO
TESOS
TESOUREIRA
TESOUREIRO
TESTA
TESTAR
TESTARA
TESTARAM
TESTAS
TESTASSE
TESTE
TESTEI
TESTEM
TESTO
TETA
TETAS
TETE
TETRARCA
TEU
TEUS
TEVE
TI
TIA
TIARA
TIAS
TIDA
TIDAS
TIGRE
TIGRES
TIM
TINA
TINO
TINTURA
TIO
TIOS
TIPA
TIPAS
TIPICA
TIPICAS
TIPO
TIRA
TIRADA
TIRADAS
TIRAM
TIRANIA
TIRANO
TIRAR
TIRARA
TIRARES
TIRARIA
TIRARIAM
TIRAS
TIRASTE
TIRAVA
TIRE
TIRES
TIRO
TIROIDE
TIROS
TISICA
TISICAS
TISICO
TISNADA
TISNADAS
TITA
TITAS
TO
TOA
TOADA
TODA
TODAS
TOGA
TOIRAO
TOIRO
TOLA
TOLAS
TOM
TOMA
TOMATADA
TOMATE
TOMATEIRO
TOMATES
TOP
TOPE
TOPEI
TOPES
TOPS
TORA
TORCE
TORCER
TORIO
TORPE
TORPEDEIRO
TORPES
TORRA
TORRADA
TORRADAS
TORRADEIRA
TORRAM
TORRAO
TORRAR
TORRE
TORREAO
TORREIRA
TORRES
TORRIDA
TORRIDAS
TORSO
TORTA
TORTAS
TOSCO
TOSCOS
TOSSE
TOSSES
TOSSIA
TOSSIR
TOSTA
TOSTADA
TOSTAO
TOSTAR
TOSTAS
TOTAIS
TOTAL
TOTENS
TOUPEIRA
TOUPEIRAS
TOURADA
TOURADAS
TOUREAR
TOUREARAM
TOUREIA
TOUREIAM
TOUREIO
TOUREIRO
TOURNEE
TOURNEES
TRACA
TRACADA
TRACADO
TRACADOS
TRACAM
TRACAR
TRACARA
TRACAS
TRACE
TRACEI
TRACES
TRACO
TRACOS
TRADUCAO
TRADUCOES
TRAEM
TRAGA
TRAGAM
TRAGAR
TRAGO
TRAI
TRAIA
TRAIAM
TRAICAO
TRAICOEIRA
TRAICOEIRO
TRAIDA
TRAIDAS
TRAIDO
TRAIDOR
TRAIDORA
TRAIDORAS
TRAIDORES
TRAIMOS
TRAINEIRA
TRAIR
TRAIRA
TRAIRAM
TRAISSE
TRAISTE
TRAJA
TRAJE
TRAJO
TRAMA
TRAMADA
TRAMADAS
TRAMAR
TRAMO
TRARA
TRARAO
TRARIA
TRAS
TRASEIRA
TRASEIRAS
TRASEIRO
TRASEIROS
TRATA
TRATADA
TRATADAS
TRATAM
TRATAR
TRATARIA
TRATE
TRATEI
TRATEM
TRATEMOS
TRATO
TRAVA
TRAVAO
TRAVE
TRAVEI
TRAVEM
TRAVES
TRAVO
TREINA
TREINADA
TREINADAS
TREINADO
TREINADOR
TREINADOS
TREINAM
TREINAR
TREINE
TREINEI
TREINO
TREINOS
TREM
TREMO
TREMOR
TRENO
TRENOS
TRENS
TREPA
TREPAM
TREPIDA
TREPIDAR
TRES
TRETA
TREVA
TREVAS
TREVO
TRIADA
TRIADE
TRIADES
TRIBO
TRIBOS
TRICO
TRIENAL
TRINADO
TRINADOS
TRINO
TRIO
TRIOS
TROAVA
TROMPA
TROMPAS
TROTAR
TROTE
TRUNCADA
TRUNCADAS
TRUNCADO
TRUNCADOS
TRUPE
TU
TUA
TUAS
TUNA
TURBINA
TURBINAS
TURBO
TURBOS
TURCO
TURCOS
TURNO
TURNOS
TURRA
TURVE
TURVO
TURVOS
UCRONIA
UM
UNA
UNAM
UNCAO
UNE
UNEM
UNHA
UNHADAS
UNHAS
UNI
UNIA
UNIAM
UNIDA
UNIDAS
UNIR
UNIRA
UNIRMOS
UNO
UNTA
UNTADA
UNTADAS
UNTADO
UNTAR
UPA
URBE
URBES
URDE
UREIA
URETER
URETRA
URGE
URINA
URINAM
URNA
URNAS
URRA
URRAR
URRAS
URRO
URROS
URROU
URSA
URSO
URSOS
USA
USADA
USAR
USARA
USARES
USARIA
USARIAM
USAVA
USE
USEI
USEIRO
USEM
USO
USOS
USOU
USURPA
USURPAM
UVA
UVAS
VA
VACA
VACADA
VACAS
VADIA
VADIAM
VAGUE
VAGUEAR
VAI
VAIA
VAIADA
VAIAS
VAIO
VAIOU
VAIS
VALA
VALO
VAN
VAO
VAOS
VARA
VARAS
VARIA
VARIAM
VARINA
VARONIA
VARRE
VARRER
VARREU
VAS
VASA
VASAS
VASCO
VASO
VASOS
VASTA
VASTO
VASTOS
VAU
VE
VECTOR
VECTORES
VEEM
VEIA
VEIAS
VEIO
VEIOS
VEM
VENOSA
VENOSAS
VENS
VER
VERA
VERANEAR
VERANEIA
VERANEIO
VERAO
VERAS
VERBO
VERBOS
VERES
VERGA
VERGADA
VERGADAS
VERGANDO
VERGAR
VERGARA
VERGARAM
VERGARIA
VERGAS
VERGAVA
VERGO
VERGUE
VERSA
VERSAO
VERSE
VERSO
VERSOS
VERSOU
VERSUS
VERTA
VERTE
VERTER
VERTERA
VERTERAM
VERTEU
VERTIA
VERTIAM
VERTIDA
VERTIDAS
VES
VESGA
VESTE
VESTEM
VESTI
VESTIA
VESTIR
VETA
VETAR
VETARA
VETARAM
VETE
VETERANO
VETO
VETOS
VEU
VEUS
VIA
VIANDA
VIAS
VIEMOS
VIER
VIERA
VIES
VINAGRE
VINTE
VINTEM
VINTENA
VINTENS
VIR
VIRA
VIRAS
VIRE
VIREI
VIS
VISA
VISADA
VISADO
VISADOS
VISAO
VISAR
VISAREM
VISAS
VISE
VISEM
VISITA
VISITO
VISITOU
VISO
VISOR
VISTA
VISTE
VISTO
VISTOS
VISTOSA
VISTOSAS
VISTOSO
VISTOSOS
VITAE
VITAIS
VITRAIS
VOA
VOAR
VOAREM
VOARES
VOE
VOEI
VOLT
VOLTA
VOLTAS
VOLTO
VOLTOU
VOLTS
VON
VOS
VOSSA
VOSSAS
VOSSO
VOSSOS
VOTA
VOTAS
VOTE
VOTEI
VOTES
VOTO
VOTOS
VOTOU
